Component: ARM Compiler 5.06 update 6 (build 750) Tool: armlink [4d35ed]

==============================================================================

Section Cross References

    control.o(i.clip_ff) refers to fadd.o(.text) for __aeabi_fsub
    control.o(i.clip_ff) refers to control.o(.bss) for .bss
    control.o(i.control) refers to util.o(i.limitf) for limitf
    control.o(i.control) refers to util.o(i.mapf) for mapf
    control.o(i.control) refers to pid.o(i.pid_precalc) for pid_precalc
    control.o(i.control) refers to fmul.o(.text) for __aeabi_fmul
    control.o(i.control) refers to fadd.o(.text) for __aeabi_fsub
    control.o(i.control) refers to pid.o(i.rotateErrors) for rotateErrors
    control.o(i.control) refers to pid.o(i.pid) for pid
    control.o(i.control) refers to stickvector.o(i.stick_vector) for stick_vector
    control.o(i.control) refers to cfrcmple.o(.text) for __aeabi_cfrcmple
    control.o(i.control) refers to cfcmple.o(.text) for __aeabi_cfcmple
    control.o(i.control) refers to fdiv.o(.text) for __aeabi_fdiv
    control.o(i.control) refers to angle_pid.o(i.apid) for apid
    control.o(i.control) refers to drv_time.o(i.gettime) for gettime
    control.o(i.control) refers to drv_pwm.o(i.pwm_set) for pwm_set
    control.o(i.control) refers to util.o(i.lpf) for lpf
    control.o(i.control) refers to main.o(.bss) for aux
    control.o(i.control) refers to control.o(.bss) for .bss
    control.o(i.control) refers to main.o(.bss) for rx
    control.o(i.control) refers to flip_sequencer.o(.data) for acro_override
    control.o(i.control) refers to pid.o(.bss) for setpoint
    control.o(i.control) refers to sixaxis.o(.bss) for gyro
    control.o(i.control) refers to main.o(.data) for armed_state
    control.o(i.control) refers to control.o(.data) for .data
    control.o(i.control) refers to main.o(.data) for in_air
    control.o(i.control) refers to imu.o(.data) for GEstG
    control.o(i.control) refers to imu.o(.bss) for attitude
    control.o(i.control) refers to stickvector.o(.bss) for errorvect
    control.o(i.control) refers to angle_pid.o(.data) for angleerror
    control.o(i.control) refers to main.o(.data) for ledcommand
    control.o(i.control) refers to rx_nrf24_bayang_telemetry.o(.data) for failsafe
    control.o(i.control) refers to flip_sequencer.o(.bss) for rx_override
    control.o(i.control) refers to main.o(.data) for flash_feature_2
    control.o(i.control) refers to main.o(.data) for flash_feature_3
    control.o(i.control) refers to motorcurve.o(i.motormap) for motormap
    control.o(i.control) refers to fscalb.o(.text) for __ARM_scalbnf
    control.o(i.motor_kalman) refers to fadd.o(.text) for __aeabi_fadd
    control.o(i.motor_kalman) refers to fdiv.o(.text) for __aeabi_fdiv
    control.o(i.motor_kalman) refers to fmul.o(.text) for __aeabi_fmul
    control.o(i.motor_kalman) refers to control.o(.bss) for .bss
    control.o(i.motor_kalman) refers to control.o(.data) for .data
    control.o(i.motord) refers to fscalb.o(.text) for __ARM_scalbnf
    control.o(i.motord) refers to fadd.o(.text) for __aeabi_fadd
    control.o(i.motord) refers to fmul.o(.text) for __aeabi_fmul
    control.o(i.motord) refers to control.o(.bss) for .bss
    control.o(i.motorfilter) refers to fscalb.o(.text) for __ARM_scalbnf
    control.o(i.motorfilter) refers to fadd.o(.text) for __aeabi_fadd
    control.o(i.motorfilter) refers to control.o(.bss) for .bss
    control.o(i.motorlpf) refers to util.o(i.lpf) for lpf
    control.o(i.motorlpf) refers to control.o(.bss) for .bss
    main.o(i.BusFault_Handler) refers to main.o(i.failloop) for failloop
    main.o(i.HardFault_Handler) refers to main.o(i.failloop) for failloop
    main.o(i.MemManage_Handler) refers to main.o(i.failloop) for failloop
    main.o(i.UsageFault_Handler) refers to main.o(i.failloop) for failloop
    main.o(i.failloop) refers to drv_pwm.o(i.pwm_set) for pwm_set
    main.o(i.failloop) refers to led.o(i.ledon) for ledon
    main.o(i.failloop) refers to drv_time.o(i.delay) for delay
    main.o(i.failloop) refers to led.o(i.ledoff) for ledoff
    main.o(i.main) refers to drv_time.o(i.delay) for delay
    main.o(i.main) refers to drv_clk.o(i.clk_init) for clk_init
    main.o(i.main) refers to drv_gpio.o(i.gpio_init) for gpio_init
    main.o(i.main) refers to led.o(i.ledon) for ledon
    main.o(i.main) refers to drv_spi.o(i.spi_init) for spi_init
    main.o(i.main) refers to drv_time.o(i.time_init) for time_init
    main.o(i.main) refers to drv_i2c.o(i.i2c_init) for i2c_init
    main.o(i.main) refers to drv_pwm.o(i.pwm_init) for pwm_init
    main.o(i.main) refers to drv_pwm.o(i.pwm_set) for pwm_set
    main.o(i.main) refers to sixaxis.o(i.sixaxis_init) for sixaxis_init
    main.o(i.main) refers to sixaxis.o(i.sixaxis_check) for sixaxis_check
    main.o(i.main) refers to drv_adc.o(i.adc_init) for adc_init
    main.o(i.main) refers to flash.o(i.flash_hard_coded_pid_identifier) for flash_hard_coded_pid_identifier
[...]
    .text                                    0x08000120   Section        0  uidiv.o(.text)
    .text                                    0x0800014c   Section        0  cpp_init.o(.text)
    .text                                    0x0800016c   Section        0  fadd.o(.text)
    .text                                    0x0800021e   Section        0  fmul.o(.text)
    .text                                    0x08000298   Section        0  fdiv.o(.text)
    .text                                    0x08000314   Section        0  fscalb.o(.text)
    .text                                    0x0800032c   Section        0  fflti.o(.text)
    .text                                    0x08000342   Section        0  ffltui.o(.text)
    .text                                    0x08000350   Section        0  ffixi.o(.text)
    .text                                    0x08000384   Section       20  cfcmple.o(.text)
    .text                                    0x08000398   Section       20  cfrcmple.o(.text)
    .text                                    0x080003ac   Section        0  iusefp.o(.text)
    .text                                    0x080003ac   Section        0  fepilogue.o(.text)
    .text                                    0x08000430   Section       36  init.o(.text)
    .text                                    0x08000454   Section        0  __dczerorl2.o(.text)
    i.ADC_ChannelConfig                      0x080004aa   Section        0  stm32f0xx_adc.o(i.ADC_ChannelConfig)
    i.ADC_Cmd                                0x080004b4   Section        0  stm32f0xx_adc.o(i.ADC_Cmd)
    i.ADC_DMACmd                             0x080004c6   Section        0  stm32f0xx_adc.o(i.ADC_DMACmd)
    i.ADC_DMARequestModeConfig               0x080004da   Section        0  stm32f0xx_adc.o(i.ADC_DMARequestModeConfig)
    i.ADC_GetCalibrationFactor               0x080004ea   Section        0  stm32f0xx_adc.o(i.ADC_GetCalibrationFactor)
    i.ADC_Init                               0x08000518   Section        0  stm32f0xx_adc.o(i.ADC_Init)
    i.ADC_StartOfConversion                  0x08000544   Section        0  stm32f0xx_adc.o(i.ADC_StartOfConversion)
    i.ADC_StructInit                         0x0800054e   Section        0  stm32f0xx_adc.o(i.ADC_StructInit)
    i.ADC_VrefintCmd                         0x08000560   Section        0  stm32f0xx_adc.o(i.ADC_VrefintCmd)
    i.DMA_Cmd                                0x0800057c   Section        0  stm32f0xx_dma.o(i.DMA_Cmd)
    i.DMA_Init                               0x08000594   Section        0  stm32f0xx_dma.o(i.DMA_Init)
    i.FLASH_ErasePage                        0x080005d0   Section        0  stm32f0xx_flash.o(i.FLASH_ErasePage)
    i.FLASH_GetStatus                        0x08000608   Section        0  stm32f0xx_flash.o(i.FLASH_GetStatus)
    i.FLASH_Lock                             0x08000630   Section        0  stm32f0xx_flash.o(i.FLASH_Lock)
    i.FLASH_ProgramWord                      0x08000640   Section        0  stm32f0xx_flash.o(i.FLASH_ProgramWord)
    i.FLASH_Unlock                           0x0800068c   Section        0  stm32f0xx_flash.o(i.FLASH_Unlock)
    i.FLASH_WaitForLastOperation             0x080006ac   Section        0  stm32f0xx_flash.o(i.FLASH_WaitForLastOperation)
    i.GPIO_Init                              0x080006ce   Section        0  stm32f0xx_gpio.o(i.GPIO_Init)
    i.GPIO_PinAFConfig                       0x0800073e   Section        0  stm32f0xx_gpio.o(i.GPIO_PinAFConfig)
    i.GPIO_ResetBits                         0x0800075e   Section        0  stm32f0xx_gpio.o(i.GPIO_ResetBits)
    i.GPIO_SetBits                           0x08000762   Section        0  stm32f0xx_gpio.o(i.GPIO_SetBits)
    i.HardFault_Handler                      0x08000766   Section        0  main.o(i.HardFault_Handler)
    i.I2C_Cmd                                0x0800076c   Section        0  stm32f0xx_i2c.o(i.I2C_Cmd)
    i.I2C_GenerateSTOP                       0x08000780   Section        0  stm32f0xx_i2c.o(i.I2C_GenerateSTOP)
    i.I2C_GetFlagStatus                      0x08000794   Section        0  stm32f0xx_i2c.o(i.I2C_GetFlagStatus)
    i.I2C_Init                               0x080007a4   Section        0  stm32f0xx_i2c.o(i.I2C_Init)
    i.I2C_ReceiveData                        0x08000808   Section        0  stm32f0xx_i2c.o(i.I2C_ReceiveData)
    i.I2C_SendData                           0x0800080e   Section        0  stm32f0xx_i2c.o(i.I2C_SendData)
    i.I2C_TransferHandling                   0x08000814   Section        0  stm32f0xx_i2c.o(i.I2C_TransferHandling)
    i.Q_rsqrt                                0x08000834   Section        0  imu.o(i.Q_rsqrt)
    i.RCC_AHBPeriphClockCmd                  0x08000888   Section        0  stm32f0xx_rcc.o(i.RCC_AHBPeriphClockCmd)
    i.RCC_APB1PeriphClockCmd                 0x080008a0   Section        0  stm32f0xx_rcc.o(i.RCC_APB1PeriphClockCmd)
    i.RCC_APB2PeriphClockCmd                 0x080008b8   Section        0  stm32f0xx_rcc.o(i.RCC_APB2PeriphClockCmd)
    i.RCC_I2CCLKConfig                       0x080008d0   Section        0  stm32f0xx_rcc.o(i.RCC_I2CCLKConfig)
    i.SYSCFG_I2CFastModePlusConfig           0x080008e8   Section        0  stm32f0xx_syscfg.o(i.SYSCFG_I2CFastModePlusConfig)
    i.SetSysClock                            0x08000900   Section        0  system_stm32f0xx.o(i.SetSysClock)
    SetSysClock                              0x08000901   Thumb Code    88  system_stm32f0xx.o(i.SetSysClock)
    i.SysTick_Handler                        0x08000960   Section        0  drv_time.o(i.SysTick_Handler)
    i.SystemInit                             0x08000964   Section        0  system_stm32f0xx.o(i.SystemInit)
    i.TIM_Cmd                                0x080009c4   Section        0  stm32f0xx_tim.o(i.TIM_Cmd)
    i.TIM_CtrlPWMOutputs                     0x080009d8   Section        0  stm32f0xx_tim.o(i.TIM_CtrlPWMOutputs)
    i.TIM_OC1Init                            0x080009f0   Section        0  stm32f0xx_tim.o(i.TIM_OC1Init)
    i.TIM_OC2Init                            0x08000a6c   Section        0  stm32f0xx_tim.o(i.TIM_OC2Init)
    i.TIM_OC4Init                            0x08000afc   Section        0  stm32f0xx_tim.o(i.TIM_OC4Init)
    i.TIM_TimeBaseInit                       0x08000b60   Section        0  stm32f0xx_tim.o(i.TIM_TimeBaseInit)
    i._ZN13filter_kalmanC1Ev                 0x08000bd4   Section        0  filter.o(i._ZN13filter_kalmanC1Ev)
    i._ZN14filter_kalman2C1Ev                0x08000bec   Section        0  filter.o(i._ZN14filter_kalman2C1Ev)
    i._ZN8FilterSPC1Ev                       0x08000c04   Section        0  filter.o(i._ZN8FilterSPC1Ev)
    i.__aeabi_vec_ctor_nocookie_nodtor       0x08000c0a   Section        0  aeabi_vec_ctor_nocookie_nodtor.o(i.__aeabi_vec_ctor_nocookie_nodtor)
    i.__scatterload_copy                     0x08000c2c   Section       14  handlers.o(i.__scatterload_copy)
    i.__scatterload_null                     0x08000c3a   Section        2  handlers.o(i.__scatterload_null)
    i.__scatterload_zeroinit                 0x08000c3c   Section       14  handlers.o(i.__scatterload_zeroinit)
    i.__sti___10_filter_cpp_filter           0x08000c4c   Section        0  filter.o(i.__sti___10_filter_cpp_filter)
    __sti___10_filter_cpp_filter             0x08000c4d   Thumb Code    50  filter.o(i.__sti___10_filter_cpp_filter)
    i._spi_write_address                     0x08000c94   Section        0  drv_xn297.o(i._spi_write_address)
    i.acc_cal                                0x08000cb0   Section        0  sixaxis.o(i.acc_cal)
    i.adc_init                               0x08000d14   Section        0  drv_adc.o(i.adc_init)
    i.adc_read                               0x08000df8   Section        0  drv_adc.o(i.adc_read)
    i.apid                                   0x08000e5c   Section        0  angle_pid.o(i.apid)
    i.atan2approx                            0x08000f2c   Section        0  imu.o(i.atan2approx)
    i.beacon_sequence                        0x08000ffc   Section        0  rx_nrf24_bayang_telemetry.o(i.beacon_sequence)
    i.buzzer                                 0x08001068   Section        0  buzzer.o(i.buzzer)
    i.calcmagnitude                          0x0800113c   Section        0  imu.o(i.calcmagnitude)
    i.change_pid_value                       0x08001170   Section        0  pid.o(i.change_pid_value)
    i.check_command                          0x080011f4   Section        0  gesture_detect.o(i.check_command)
    i.checkrx                                0x08001218   Section        0  rx_nrf24_bayang_telemetry.o(i.checkrx)
    i.clk_init                               0x080013ac   Section        0  drv_clk.o(i.clk_init)
    i.control                                0x080013b4   Section        0  control.o(i.control)
    i.crc16_update                           0x08001a48   Section        0  rx_nrf24_bayang_telemetry.o(i.crc16_update)
    i.decodepacket                           0x08001a6c   Section        0  rx_nrf24_bayang_telemetry.o(i.decodepacket)
    decodepacket                             0x08001a6d   Thumb Code   278  rx_nrf24_bayang_telemetry.o(i.decodepacket)
    i.decrease_pid                           0x08001ba8   Section        0  pid.o(i.decrease_pid)
    i.delay                                  0x08001bb2   Section        0  drv_time.o(i.delay)
    i.failloop                               0x08001bc8   Section        0  main.o(i.failloop)
    i.fastcos                                0x08001c0c   Section        0  util.o(i.fastcos)
    i.fastsin                                0x08001c20   Section        0  util.o(i.fastsin)
    i.flash_get_hard_coded_pid_identifier    0x08001c88   Section        0  flash.o(i.flash_get_hard_coded_pid_identifier)
    i.flash_hard_coded_pid_identifier        0x08001cdc   Section        0  flash.o(i.flash_hard_coded_pid_identifier)
    i.flash_load                             0x08001cec   Section        0  flash.o(i.flash_load)
    i.flash_save                             0x08001d94   Section        0  flash.o(i.flash_save)
    i.fmc_erase                              0x08001e48   Section        0  drv_fmc1.o(i.fmc_erase)
    i.fmc_lock                               0x08001e64   Section        0  drv_fmc1.o(i.fmc_lock)
    i.fmc_read                               0x08001e6c   Section        0  drv_fmc1.o(i.fmc_read)
    i.fmc_read_float                         0x08001e7c   Section        0  drv_fmc1.o(i.fmc_read_float)
    i.fmc_unlock                             0x08001e84   Section        0  drv_fmc1.o(i.fmc_unlock)
    i.fmc_write_float                        0x08001e8c   Section        0  drv_fmc1.o(i.fmc_write_float)
    i.gesture_sequence                       0x08001e94   Section        0  gesture_detect.o(i.gesture_sequence)
    i.gestures                               0x08001f9c   Section        0  gestures.o(i.gestures)
    i.gestures2                              0x080020a0   Section        0  gesture_detect.o(i.gestures2)
    i.gettime                                0x080021a4   Section        0  drv_time.o(i.gettime)
    i.gpio_init                              0x080021ac   Section        0  drv_gpio.o(i.gpio_init)
    i.gpio_init_buzzer                       0x080021d8   Section        0  buzzer.o(i.gpio_init_buzzer)
    i.gyro_cal                               0x080021f8   Section        0  sixaxis.o(i.gyro_cal)
    i.hw_i2c_init                            0x08002394   Section        0  drv_hw_i2c.o(i.hw_i2c_init)
    i.hw_i2c_readdata                        0x08002424   Section        0  drv_hw_i2c.o(i.hw_i2c_readdata)
    i.hw_i2c_readreg                         0x08002494   Section        0  drv_hw_i2c.o(i.hw_i2c_readreg)
    i.hw_i2c_sendheader                      0x080024a4   Section        0  drv_hw_i2c.o(i.hw_i2c_sendheader)
    i.hw_i2c_writereg                        0x08002520   Section        0  drv_hw_i2c.o(i.hw_i2c_writereg)
    i.i2c_init                               0x08002568   Section        0  drv_i2c.o(i.i2c_init)
    i.i2c_readdata                           0x08002570   Section        0  drv_i2c.o(i.i2c_readdata)
    i.i2c_readreg                            0x08002578   Section        0  drv_i2c.o(i.i2c_readreg)
    i.i2c_writereg                           0x08002580   Section        0  drv_i2c.o(i.i2c_writereg)
    i.imu_calc                               0x08002588   Section        0  imu.o(i.imu_calc)
    i.imu_init                               0x08002770   Section        0  imu.o(i.imu_init)
    i.increase_pid                           0x080027b8   Section        0  pid.o(i.increase_pid)
    i.init_timer                             0x080027c2   Section        0  drv_pwm.o(i.init_timer)
    i.led_pwm                                0x080027dc   Section        0  led.o(i.led_pwm)
    i.ledflash                               0x08002870   Section        0  led.o(i.ledflash)
    i.ledoff                                 0x08002898   Section        0  led.o(i.ledoff)
    i.ledon                                  0x080028ac   Section        0  led.o(i.ledon)
    i.limitf                                 0x080028c0   Section        0  util.o(i.limitf)
    i.lpf                                    0x080028e6   Section        0  util.o(i.lpf)
    i.lpf2                                   0x08002914   Section        0  pid.o(i.lpf2)
    i.lpfcalc                                0x08002960   Section        0  util.o(i.lpfcalc)
    i.lpfcalc_hz                             0x08002984   Section        0  util.o(i.lpfcalc_hz)
    i.lpffilter                              0x080029a8   Section        0  filter.o(i.lpffilter)
    i.lpffilter2                             0x08002a08   Section        0  filter.o(i.lpffilter2)
    i.main                                   0x08002a68   Section        0  main.o(i.main)
    i.mapf                                   0x08002db0   Section        0  util.o(i.mapf)
    i.motormap                               0x08002dea   Section        0  motorcurve.o(i.motormap)
    i.next_pid_axis                          0x08002dec   Section        0  pid.o(i.next_pid_axis)
    i.next_pid_term                          0x08002e08   Section        0  pid.o(i.next_pid_term)
    i.nextchannel                            0x08002e40   Section        0  rx_nrf24_bayang_telemetry.o(i.nextchannel)
    i.nrf24_read_xn297_payload               0x08002e60   Section        0  rx_nrf24_bayang_telemetry.o(i.nrf24_read_xn297_payload)
    i.nrf24_set_xn297_address                0x08002ed8   Section        0  rx_nrf24_bayang_telemetry.o(i.nrf24_set_xn297_address)
    i.nrf24_write_xn297_payload              0x08002f34   Section        0  rx_nrf24_bayang_telemetry.o(i.nrf24_write_xn297_payload)
    i.packettodata                           0x08002f64   Section        0  rx_nrf24_bayang_telemetry.o(i.packettodata)
    i.pid                                    0x08002f84   Section        0  pid.o(i.pid)
    i.pid_precalc                            0x08003238   Section        0  pid.o(i.pid_precalc)
    i.pwm_init                               0x080032b4   Section        0  drv_pwm.o(i.pwm_init)
    i.pwm_set                                0x080033a8   Section        0  drv_pwm.o(i.pwm_set)
    i.rcexpo                                 0x08003408   Section        0  util.o(i.rcexpo)
    i.rgb_init                               0x08003460   Section        0  drv_rgb.o(i.rgb_init)
    i.rotateErrors                           0x08003464   Section        0  pid.o(i.rotateErrors)
    i.rx_init                                0x08003508   Section        0  rx_nrf24_bayang_telemetry.o(i.rx_init)
    i.send_telemetry                         0x080035d8   Section        0  rx_nrf24_bayang_telemetry.o(i.send_telemetry)
    i.setclock                               0x08003694   Section        0  drv_clk.o(i.setclock)
    i.sixaxis_check                          0x08003708   Section        0  sixaxis.o(i.sixaxis_check)
    i.sixaxis_init                           0x08003730   Section        0  sixaxis.o(i.sixaxis_init)
    i.sixaxis_read                           0x08003788   Section        0  sixaxis.o(i.sixaxis_read)
    i.spi_csoff                              0x08003878   Section        0  drv_spi.o(i.spi_csoff)
    i.spi_cson                               0x08003884   Section        0  drv_spi.o(i.spi_cson)
    i.spi_init                               0x08003890   Section        0  drv_spi.o(i.spi_init)
    i.spi_sendbyte                           0x080038d0   Section        0  drv_spi.o(i.spi_sendbyte)
    i.spi_sendrecvbyte                       0x080038fc   Section        0  drv_spi.o(i.spi_sendrecvbyte)
    i.spi_sendzerorecvbyte                   0x08003938   Section        0  drv_spi.o(i.spi_sendzerorecvbyte)
    i.splpf                                  0x08003968   Section        0  filter.o(i.splpf)
    i.stick_vector                           0x080039a8   Section        0  stickvector.o(i.stick_vector)
    i.swapbits                               0x08003ae4   Section        0  rx_nrf24_bayang_telemetry.o(i.swapbits)
    i.time_init                              0x08003b10   Section        0  drv_time.o(i.time_init)
    i.time_update                            0x08003b3c   Section        0  drv_time.o(i.time_update)
    i.writeregs                              0x08003b70   Section        0  rx_nrf24_bayang_telemetry.o(i.writeregs)
    i.writeword                              0x08003b94   Section        0  drv_fmc1.o(i.writeword)
    i.xn_command                             0x08003bb4   Section        0  drv_xn297.o(i.xn_command)
    i.xn_readpayload                         0x08003bcc   Section        0  drv_xn297.o(i.xn_readpayload)
    i.xn_readreg                             0x08003bf4   Section        0  drv_xn297.o(i.xn_readreg)
    i.xn_writepayload                        0x08003c12   Section        0  drv_xn297.o(i.xn_writepayload)
    i.xn_writereg                            0x08003c3a   Section        0  drv_xn297.o(i.xn_writereg)
    .constdata                               0x08003c5c   Section       77  gesture_detect.o(.constdata)
    .constdata                               0x08003cac   Section       41  rx_nrf24_bayang_telemetry.o(.constdata)
    .constdata                               0x08003cd8   Section       24  pid.o(.constdata)
    .init_array                              0x08003d10   Section        4  filter.o(.init_array)
    .init_array                              0x08003d14   Section        0  cpp_init.o(.init_array)
    .data                                    0x20000000   Section       36  control.o(.data)
    throttle_i                               0x20000014   Data           4  control.o(.data)
    .data                                    0x20000024   Section       44  main.o(.data)
    .data                                    0x20000050   Section        4  main.o(.data)
    .data                                    0x20000054   Section        4  main.o(.data)
    .data                                    0x20000058   Section        4  main.o(.data)
    .data                                    0x2000005c   Section        4  main.o(.data)
    .data                                    0x20000060   Section       12  buzzer.o(.data)
    toggle                                   0x20000060   Data           4  buzzer.o(.data)
    buzzertime                               0x20000064   Data           4  buzzer.o(.data)
    buzzer_init                              0x20000068   Data           4  buzzer.o(.data)
    .data                                    0x2000006c   Section        8  flash.o(.data)
    .data                                    0x20000074   Section        4  gestures.o(.data)
    .data                                    0x20000078   Section       23  gesture_detect.o(.data)
    gesturetime                              0x20000084   Data           4  gesture_detect.o(.data)
    .data                                    0x20000090   Section       94  rx_nrf24_bayang_telemetry.o(.data)
    beacon_seq_state                         0x200000c0   Data           4  rx_nrf24_bayang_telemetry.o(.data)
    rxaddr                                   0x200000e4   Data           5  rx_nrf24_bayang_telemetry.o(.data)
    .data                                    0x200000f0   Section       24  led.o(.data)
    loopcount                                0x200000f8   Data           4  led.o(.data)
    ds_integrator                            0x200000fc   Data           4  led.o(.data)
    .data                                    0x20000108   Section        4  sixaxis.o(.data)
    brightness                               0x20000108   Data           4  sixaxis.o(.data)
    .data                                    0x2000010c   Section       20  stickvector.o(.data)
    .data                                    0x20000120   Section       12  imu.o(.data)
    .data                                    0x2000012c   Section       36  flip_sequencer.o(.data)
    .data                                    0x20000150   Section        8  filter.o(.data)
    .data                                    0x20000158   Section       72  angle_pid.o(.data)
    .data                                    0x200001a0   Section      104  pid.o(.data)
    two_one_minus_alpha                      0x200001b0   Data           4  pid.o(.data)
    one_minus_alpha_sqr                      0x200001b4   Data           4  pid.o(.data)
    alpha_sqr                                0x200001b8   Data           4  pid.o(.data)
    .data                                    0x20000208   Section       12  pid.o(.data)
    .data                                    0x20000214   Section        8  drv_adc.o(.data)
    .data                                    0x2000021c   Section        4  drv_i2c.o(.data)
    .data                                    0x20000220   Section       12  drv_time.o(.data)
    remainder                                0x20000220   Data           4  drv_time.o(.data)
    .data                                    0x2000022c   Section        1  drv_hw_i2c.o(.data)
    i                                        0x2000022c   Data           1  drv_hw_i2c.o(.data)
    .bss                                     0x20000230   Section      188  control.o(.bss)
    lastratexx                               0x20000230   Data          64  control.o(.bss)
    .bss                                     0x200002ec   Section       48  main.o(.bss)
    .bss                                     0x2000031c   Section       16  main.o(.bss)
    .bss                                     0x2000032c   Section       16  main.o(.bss)
    .bss                                     0x2000033c   Section       16  main.o(.bss)
    .bss                                     0x2000034c   Section       76  rx_nrf24_bayang_telemetry.o(.bss)
    .bss                                     0x20000398   Section       48  sixaxis.o(.bss)
    .bss                                     0x200003c8   Section       12  stickvector.o(.bss)
    .bss                                     0x200003d4   Section       12  imu.o(.bss)
    .bss                                     0x200003e0   Section       16  flip_sequencer.o(.bss)
    .bss                                     0x200003f0   Section      120  filter.o(.bss)
    .bss                                     0x20000468   Section      228  pid.o(.bss)
    avgSetpoint                              0x200004d4   Data          12  pid.o(.bss)
    count                                    0x200004e0   Data          12  pid.o(.bss)
    lastrate                                 0x200004ec   Data          12  pid.o(.bss)
    lastsetpoint                             0x200004f8   Data          12  pid.o(.bss)
    lasterror                                0x2000051c   Data          12  pid.o(.bss)
    lasterror2                               0x20000528   Data          12  pid.o(.bss)
    last_out                                 0x20000534   Data          12  pid.o(.bss)
    last_out2                                0x20000540   Data          12  pid.o(.bss)
    .bss                                     0x2000054c   Section       20  drv_pwm.o(.bss)
    STACK                                    0x20000560   Section     1024  startup_stm32f031.o(STACK)

    Global Symbols

    Symbol Name                              Value     Ov Type        Size  Object(Section)

    BuildAttributes$$THM_ISAv3M$S$PE$A:L22$X:L11$S22$IEEE1$IW$USESV6$~STKCKD$USESV7$~SHL$OTIME$ROPI$EBA8$UX$MICROLIB$REQ8$PRES8$EABIv2 0x00000000   Number         0  anon$$obj.o ABSOLUTE
    __ARM_use_no_argv                        0x00000000   Number         0  main.o ABSOLUTE
    SHT$$ARM_EXIDX$$Base                      - Undefined Reference
    SHT$$ARM_EXIDX$$Limit                     - Undefined Reference
    __aeabi_unwind_cpp_pr1                    - Undefined Weak Reference
    __aeabi_unwind_cpp_pr2                    - Undefined Weak Reference
    __cxa_begin_cleanup                       - Undefined Weak Reference
    __cxa_call_unexpected                     - Undefined Weak Reference
    __cxa_finalize                            - Undefined Weak Reference
    __cxa_type_match                          - Undefined Weak Reference
    _clock_init                               - Undefined Weak Reference
    _microlib_exit                            - Undefined Weak Reference
    __Vectors_Size                           0x000000b0   Number         0  startup_stm32f031.o ABSOLUTE
    __Vectors                                0x08000000   Data           4  startup_stm32f031.o(RESET)
    __Vectors_End                            0x080000b0   Data           0  startup_stm32f031.o(RESET)
    __main                                   0x080000b1   Thumb Code     0  entry.o(.ARM.Collect$$$$00000000)
    _main_stk                                0x080000b1   Thumb Code     0  entry2.o(.ARM.Collect$$$$00000001)
    _main_scatterload                        0x080000b5   Thumb Code     0  entry5.o(.ARM.Collect$$$$00000004)
    __main_after_scatterload                 0x080000b9   Thumb Code     0  entry5.o(.ARM.Collect$$$$00000004)
    _main_clock                              0x080000b9   Thumb Code     0  entry7b.o(.ARM.Collect$$$$00000008)
    _main_cpp_init$empty                     0x080000b9   Thumb Code     0  entry8a.o(.ARM.Collect$$$$00000009)
    _main_cpp_init                           0x080000bd   Thumb Code     0  entry8b.o(.ARM.Collect$$$$0000000A)
    _main_init                               0x080000bd   Thumb Code     0  entry9a.o(.ARM.Collect$$$$0000000B)
    __rt_final_cpp                           0x080000c5   Thumb Code     0  entry10a.o(.ARM.Collect$$$$0000000D)
    __rt_final_exit                          0x080000c5   Thumb Code     0  entry11a.o(.ARM.Collect$$$$0000000F)
    Reset_Handler                            0x080000c9   Thumb Code    38  startup_stm32f031.o(.text)
    NMI_Handler                              0x080000ef   Thumb Code     2  startup_stm32f031.o(.text)
    SVC_Handler                              0x080000f3   Thumb Code     2  startup_stm32f031.o(.text)
    PendSV_Handler                           0x080000f5   Thumb Code     2  startup_stm32f031.o(.text)
    ADC1_IRQHandler                          0x080000f9   Thumb Code     0  startup_stm32f031.o(.text)
    DMA1_Channel1_IRQHandler                 0x080000f9   Thumb Code     0  startup_stm32f031.o(.text)
    DMA1_Channel2_3_IRQHandler               0x080000f9   Thumb Code     0  startup_stm32f031.o(.text)
    DMA1_Channel4_5_IRQHandler               0x080000f9   Thumb Code     0  startup_stm32f031.o(.text)
    EXTI0_1_IRQHandler                       0x080000f9   Thumb Code     0  startup_stm32f031.o(.text)
    EXTI2_3_IRQHandler                       0x080000f9   Thumb Code     0  startup_stm32f031.o(.text)
    EXTI4_15_IRQHandler                      0x080000f9   Thumb Code     0  startup_stm32f031.o(.text)
    FLASH_IRQHandler                         0x080000f9   Thumb Code     0  startup_stm32f031.o(.text)
    I2C1_IRQHandler                          0x080000f9   Thumb Code     0  startup_stm32f031.o(.text)
    PVD_IRQHandler                           0x080000f9   Thumb Code     0  startup_stm32f031.o(.text)
    RCC_IRQHandler                           0x080000f9   Thumb Code     0  startup_stm32f031.o(.text)
    RTC_IRQHandler                           0x080000f9   Thumb Code     0  startup_stm32f031.o(.text)
    SPI1_IRQHandler                          0x080000f9   Thumb Code     0  startup_stm32f031.o(.text)
    TIM14_IRQHandler                         0x080000f9   Thumb Code     0  startup_stm32f031.o(.text)
    TIM16_IRQHandler                         0x080000f9   Thumb Code     0  startup_stm32f031.o(.text)
    TIM17_IRQHandler                         0x080000f9   Thumb Code     0  startup_stm32f031.o(.text)
    TIM1_BRK_UP_TRG_COM_IRQHandler           0x080000f9   Thumb Code     0  startup_stm32f031.o(.text)
    TIM1_CC_IRQHandler                       0x080000f9   Thumb Code     0  startup_stm32f031.o(.text)
    TIM2_IRQHandler                          0x080000f9   Thumb Code     0  startup_stm32f031.o(.text)
    TIM3_IRQHandler                          0x080000f9   Thumb Code     0  startup_stm32f031.o(.text)
    USART1_IRQHandler                        0x080000f9   Thumb Code     0  startup_stm32f031.o(.text)
    WWDG_IRQHandler                          0x080000f9   Thumb Code     0  startup_stm32f031.o(.text)
    __aeabi_uidiv                            0x08000121   Thumb Code     0  uidiv.o(.text)
    __aeabi_uidivmod                         0x08000121   Thumb Code    44  uidiv.o(.text)
    __cpp_initialize__aeabi_                 0x0800014d   Thumb Code    22  cpp_init.o(.text)
    __aeabi_fadd                             0x0800016d   Thumb Code   162  fadd.o(.text)
    __aeabi_fsub                             0x0800020f   Thumb Code     8  fadd.o(.text)
    __aeabi_frsub                            0x08000217   Thumb Code     8  fadd.o(.text)
    __aeabi_fmul                             0x0800021f   Thumb Code   122  fmul.o(.text)
    __aeabi_fdiv                             0x08000299   Thumb Code   124  fdiv.o(.text)
    __ARM_scalbnf                            0x08000315   Thumb Code    24  fscalb.o(.text)
    scalbnf                                  0x08000315   Thumb Code     0  fscalb.o(.text)
    __aeabi_i2f                              0x0800032d   Thumb Code    22  fflti.o(.text)
    __aeabi_ui2f                             0x08000343   Thumb Code    14  ffltui.o(.text)
    __aeabi_f2iz                             0x08000351   Thumb Code    50  ffixi.o(.text)
    __aeabi_cfcmpeq                          0x08000385   Thumb Code     0  cfcmple.o(.text)
    __aeabi_cfcmple                          0x08000385   Thumb Code    20  cfcmple.o(.text)
    __aeabi_cfrcmple                         0x08000399   Thumb Code    20  cfrcmple.o(.text)
    __I$use$fp                               0x080003ad   Thumb Code     0  iusefp.o(.text)
    _float_round                             0x080003ad   Thumb Code    16  fepilogue.o(.text)
    _float_epilogue                          0x080003bd   Thumb Code   114  fepilogue.o(.text)
    __scatterload                            0x08000431   Thumb Code    28  init.o(.text)
    __scatterload_rt2                        0x08000431   Thumb Code     0  init.o(.text)
    __decompress                             0x08000455   Thumb Code     0  __dczerorl2.o(.text)
    __decompress1                            0x08000455   Thumb Code    86  __dczerorl2.o(.text)
    ADC_ChannelConfig                        0x080004ab   Thumb Code    10  stm32f0xx_adc.o(i.ADC_ChannelConfig)
    ADC_Cmd                                  0x080004b5   Thumb Code    18  stm32f0xx_adc.o(i.ADC_Cmd)
    ADC_DMACmd                               0x080004c7   Thumb Code    20  stm32f0xx_adc.o(i.ADC_DMACmd)
    ADC_DMARequestModeConfig                 0x080004db   Thumb Code    16  stm32f0xx_adc.o(i.ADC_DMARequestModeConfig)
    ADC_GetCalibrationFactor                 0x080004eb   Thumb Code    46  stm32f0xx_adc.o(i.ADC_GetCalibrationFactor)
    ADC_Init                                 0x08000519   Thumb Code    38  stm32f0xx_adc.o(i.ADC_Init)
    ADC_StartOfConversion                    0x08000545   Thumb Code    10  stm32f0xx_adc.o(i.ADC_StartOfConversion)
    ADC_StructInit                           0x0800054f   Thumb Code    16  stm32f0xx_adc.o(i.ADC_StructInit)
    ADC_VrefintCmd                           0x08000561   Thumb Code    22  stm32f0xx_adc.o(i.ADC_VrefintCmd)
    DMA_Cmd                                  0x0800057d   Thumb Code    20  stm32f0xx_dma.o(i.DMA_Cmd)
    DMA_Init                                 0x08000595   Thumb Code    56  stm32f0xx_dma.o(i.DMA_Init)
    FLASH_ErasePage                          0x080005d1   Thumb Code    52  stm32f0xx_flash.o(i.FLASH_ErasePage)
    FLASH_GetStatus                          0x08000609   Thumb Code    34  stm32f0xx_flash.o(i.FLASH_GetStatus)
    FLASH_Lock                               0x08000631   Thumb Code    12  stm32f0xx_flash.o(i.FLASH_Lock)
    FLASH_ProgramWord                        0x08000641   Thumb Code    70  stm32f0xx_flash.o(i.FLASH_ProgramWord)
    FLASH_Unlock                             0x0800068d   Thumb Code    18  stm32f0xx_flash.o(i.FLASH_Unlock)
    FLASH_WaitForLastOperation               0x080006ad   Thumb Code    34  stm32f0xx_flash.o(i.FLASH_WaitForLastOperation)
    GPIO_Init                                0x080006cf   Thumb Code   112  stm32f0xx_gpio.o(i.GPIO_Init)
    GPIO_PinAFConfig                         0x0800073f   Thumb Code    32  stm32f0xx_gpio.o(i.GPIO_PinAFConfig)
    GPIO_ResetBits                           0x0800075f   Thumb Code     4  stm32f0xx_gpio.o(i.GPIO_ResetBits)
    GPIO_SetBits                             0x08000763   Thumb Code     4  stm32f0xx_gpio.o(i.GPIO_SetBits)
    HardFault_Handler                        0x08000767   Thumb Code     6  main.o(i.HardFault_Handler)
    I2C_Cmd                                  0x0800076d   Thumb Code    20  stm32f0xx_i2c.o(i.I2C_Cmd)
    I2C_GenerateSTOP                         0x08000781   Thumb Code    20  stm32f0xx_i2c.o(i.I2C_GenerateSTOP)
    I2C_GetFlagStatus                        0x08000795   Thumb Code    14  stm32f0xx_i2c.o(i.I2C_GetFlagStatus)
    I2C_Init                                 0x080007a5   Thumb Code    92  stm32f0xx_i2c.o(i.I2C_Init)
    I2C_ReceiveData                          0x08000809   Thumb Code     6  stm32f0xx_i2c.o(i.I2C_ReceiveData)
    I2C_SendData                             0x0800080f   Thumb Code     4  stm32f0xx_i2c.o(i.I2C_SendData)
    I2C_TransferHandling                     0x08000815   Thumb Code    28  stm32f0xx_i2c.o(i.I2C_TransferHandling)
    Q_rsqrt                                  0x08000835   Thumb Code    80  imu.o(i.Q_rsqrt)
    RCC_AHBPeriphClockCmd                    0x08000889   Thumb Code    18  stm32f0xx_rcc.o(i.RCC_AHBPeriphClockCmd)
    RCC_APB1PeriphClockCmd                   0x080008a1   Thumb Code    18  stm32f0xx_rcc.o(i.RCC_APB1PeriphClockCmd)
    RCC_APB2PeriphClockCmd                   0x080008b9   Thumb Code    18  stm32f0xx_rcc.o(i.RCC_APB2PeriphClockCmd)
    RCC_I2CCLKConfig                         0x080008d1   Thumb Code    18  stm32f0xx_rcc.o(i.RCC_I2CCLKConfig)
    SYSCFG_I2CFastModePlusConfig             0x080008e9   Thumb Code    18  stm32f0xx_syscfg.o(i.SYSCFG_I2CFastModePlusConfig)
    SysTick_Handler                          0x08000961   Thumb Code     2  drv_time.o(i.SysTick_Handler)
    SystemInit                               0x08000965   Thumb Code    84  system_stm32f0xx.o(i.SystemInit)
    TIM_Cmd                                  0x080009c5   Thumb Code    20  stm32f0xx_tim.o(i.TIM_Cmd)
    TIM_CtrlPWMOutputs                       0x080009d9   Thumb Code    24  stm32f0xx_tim.o(i.TIM_CtrlPWMOutputs)
    TIM_OC1Init                              0x080009f1   Thumb Code   104  stm32f0xx_tim.o(i.TIM_OC1Init)
    TIM_OC2Init                              0x08000a6d   Thumb Code   124  stm32f0xx_tim.o(i.TIM_OC2Init)
    TIM_OC4Init                              0x08000afd   Thumb Code    78  stm32f0xx_tim.o(i.TIM_OC4Init)
    TIM_TimeBaseInit                         0x08000b61   Thumb Code    88  stm32f0xx_tim.o(i.TIM_TimeBaseInit)
    filter_kalman::filter_kalman()           0x08000bd5   Thumb Code    14  filter.o(i._ZN13filter_kalmanC1Ev)
    filter_kalman::filter_kalman__sub_object() 0x08000bd5   Thumb Code     0  filter.o(i._ZN13filter_kalmanC1Ev)
    filter_kalman2::filter_kalman2()         0x08000bed   Thumb Code    14  filter.o(i._ZN14filter_kalman2C1Ev)
    filter_kalman2::filter_kalman2__sub_object() 0x08000bed   Thumb Code     0  filter.o(i._ZN14filter_kalman2C1Ev)
    FilterSP::FilterSP()                     0x08000c05   Thumb Code     6  filter.o(i._ZN8FilterSPC1Ev)
    FilterSP::FilterSP__sub_object()         0x08000c05   Thumb Code     0  filter.o(i._ZN8FilterSPC1Ev)
    __aeabi_vec_ctor_nocookie_nodtor         0x08000c0b   Thumb Code    34  aeabi_vec_ctor_nocookie_nodtor.o(i.__aeabi_vec_ctor_nocookie_nodtor)
    __scatterload_copy                       0x08000c2d   Thumb Code    14  handlers.o(i.__scatterload_copy)
    __scatterload_null                       0x08000c3b   Thumb Code     2  handlers.o(i.__scatterload_null)
    __scatterload_zeroinit                   0x08000c3d   Thumb Code    14  handlers.o(i.__scatterload_zeroinit)
    _spi_write_address                       0x08000c95   Thumb Code    28  drv_xn297.o(i._spi_write_address)
    acc_cal                                  0x08000cb1   Thumb Code    88  sixaxis.o(i.acc_cal)
    adc_init                                 0x08000d15   Thumb Code   210  drv_adc.o(i.adc_init)
    adc_read                                 0x08000df9   Thumb Code    84  drv_adc.o(i.adc_read)
    apid                                     0x08000e5d   Thumb Code   198  angle_pid.o(i.apid)
    atan2approx                              0x08000f2d   Thumb Code   174  imu.o(i.atan2approx)
    beacon_sequence                          0x08000ffd   Thumb Code    98  rx_nrf24_bayang_telemetry.o(i.beacon_sequence)
    buzzer                                   0x08001069   Thumb Code   170  buzzer.o(i.buzzer)
    calcmagnitude                            0x0800113d   Thumb Code    50  imu.o(i.calcmagnitude)
    change_pid_value                         0x08001171   Thumb Code   116  pid.o(i.change_pid_value)
    check_command                            0x080011f5   Thumb Code    34  gesture_detect.o(i.check_command)
    checkrx                                  0x08001219   Thumb Code   384  rx_nrf24_bayang_telemetry.o(i.checkrx)
    clk_init                                 0x080013ad   Thumb Code     8  drv_clk.o(i.clk_init)
    control                                  0x080013b5   Thumb Code  1640  control.o(i.control)
    crc16_update                             0x08001a49   Thumb Code    32  rx_nrf24_bayang_telemetry.o(i.crc16_update)
    decrease_pid                             0x08001ba9   Thumb Code    10  pid.o(i.decrease_pid)
    delay                                    0x08001bb3   Thumb Code    20  drv_time.o(i.delay)
    failloop                                 0x08001bc9   Thumb Code    64  main.o(i.failloop)
    fastcos                                  0x08001c0d   Thumb Code    14  util.o(i.fastcos)
    fastsin                                  0x08001c21   Thumb Code    82  util.o(i.fastsin)
    flash_get_hard_coded_pid_identifier      0x08001c89   Thumb Code    74  flash.o(i.flash_get_hard_coded_pid_identifier)
    flash_hard_coded_pid_identifier          0x08001cdd   Thumb Code    12  flash.o(i.flash_hard_coded_pid_identifier)
    flash_load                               0x08001ced   Thumb Code   144  flash.o(i.flash_load)
    flash_save                               0x08001d95   Thumb Code   154  flash.o(i.flash_save)
    fmc_erase                                0x08001e49   Thumb Code    24  drv_fmc1.o(i.fmc_erase)
    fmc_lock                                 0x08001e65   Thumb Code     8  drv_fmc1.o(i.fmc_lock)
    fmc_read                                 0x08001e6d   Thumb Code    10  drv_fmc1.o(i.fmc_read)
    fmc_read_float                           0x08001e7d   Thumb Code     8  drv_fmc1.o(i.fmc_read_float)
    fmc_unlock                               0x08001e85   Thumb Code     8  drv_fmc1.o(i.fmc_unlock)
    fmc_write_float                          0x08001e8d   Thumb Code     8  drv_fmc1.o(i.fmc_write_float)
    gesture_sequence                         0x08001e95   Thumb Code   254  gesture_detect.o(i.gesture_sequence)
    gestures                                 0x08001f9d   Thumb Code   226  gestures.o(i.gestures)
    gestures2                                0x080020a1   Thumb Code   224  gesture_detect.o(i.gestures2)
    gettime                                  0x080021a5   Thumb Code     8  drv_time.o(i.gettime)
    gpio_init                                0x080021ad   Thumb Code    40  drv_gpio.o(i.gpio_init)
    gpio_init_buzzer                         0x080021d9   Thumb Code    28  buzzer.o(i.gpio_init_buzzer)
    gyro_cal                                 0x080021f9   Thumb Code   370  sixaxis.o(i.gyro_cal)
    hw_i2c_init                              0x08002395   Thumb Code   134  drv_hw_i2c.o(i.hw_i2c_init)
    hw_i2c_readdata                          0x08002425   Thumb Code   100  drv_hw_i2c.o(i.hw_i2c_readdata)
    hw_i2c_readreg                           0x08002495   Thumb Code    14  drv_hw_i2c.o(i.hw_i2c_readreg)
    hw_i2c_sendheader                        0x080024a5   Thumb Code   116  drv_hw_i2c.o(i.hw_i2c_sendheader)
    hw_i2c_writereg                          0x08002521   Thumb Code    62  drv_hw_i2c.o(i.hw_i2c_writereg)
    i2c_init                                 0x08002569   Thumb Code     8  drv_i2c.o(i.i2c_init)
    i2c_readdata                             0x08002571   Thumb Code     8  drv_i2c.o(i.i2c_readdata)
    i2c_readreg                              0x08002579   Thumb Code     8  drv_i2c.o(i.i2c_readreg)
    i2c_writereg                             0x08002581   Thumb Code     8  drv_i2c.o(i.i2c_writereg)
    imu_calc                                 0x08002589   Thumb Code   442  imu.o(i.imu_calc)
    imu_init                                 0x08002771   Thumb Code    58  imu.o(i.imu_init)
    increase_pid                             0x080027b9   Thumb Code    10  pid.o(i.increase_pid)
    init_timer                               0x080027c3   Thumb Code    24  drv_pwm.o(i.init_timer)
    led_pwm                                  0x080027dd   Thumb Code   130  led.o(i.led_pwm)
    ledflash                                 0x08002871   Thumb Code    40  led.o(i.ledflash)
    ledoff                                   0x08002899   Thumb Code    16  led.o(i.ledoff)
    ledon                                    0x080028ad   Thumb Code    16  led.o(i.ledon)
    limitf                                   0x080028c1   Thumb Code    38  util.o(i.limitf)
    lpf                                      0x080028e7   Thumb Code    44  util.o(i.lpf)
    lpf2                                     0x08002915   Thumb Code    68  pid.o(i.lpf2)
    lpfcalc                                  0x08002961   Thumb Code    36  util.o(i.lpfcalc)
    lpfcalc_hz                               0x08002985   Thumb Code    36  util.o(i.lpfcalc_hz)
    lpffilter                                0x080029a9   Thumb Code    92  filter.o(i.lpffilter)
    lpffilter2                               0x08002a09   Thumb Code    92  filter.o(i.lpffilter2)
    main                                     0x08002a69   Thumb Code   750  main.o(i.main)
    mapf                                     0x08002db1   Thumb Code    58  util.o(i.mapf)
    motormap                                 0x08002deb   Thumb Code     2  motorcurve.o(i.motormap)
    next_pid_axis                            0x08002ded   Thumb Code    22  pid.o(i.next_pid_axis)
    next_pid_term                            0x08002e09   Thumb Code    52  pid.o(i.next_pid_term)
    nextchannel                              0x08002e41   Thumb Code    26  rx_nrf24_bayang_telemetry.o(i.nextchannel)
    nrf24_read_xn297_payload                 0x08002e61   Thumb Code   108  rx_nrf24_bayang_telemetry.o(i.nrf24_read_xn297_payload)
    nrf24_set_xn297_address                  0x08002ed9   Thumb Code    80  rx_nrf24_bayang_telemetry.o(i.nrf24_set_xn297_address)
    nrf24_write_xn297_payload                0x08002f35   Thumb Code    44  rx_nrf24_bayang_telemetry.o(i.nrf24_write_xn297_payload)
    packettodata                             0x08002f65   Thumb Code    32  rx_nrf24_bayang_telemetry.o(i.packettodata)
    pid                                      0x08002f85   Thumb Code   638  pid.o(i.pid)
    pid_precalc                              0x08003239   Thumb Code    82  pid.o(i.pid_precalc)
    pwm_init                                 0x080032b5   Thumb Code   222  drv_pwm.o(i.pwm_init)
    pwm_set                                  0x080033a9   Thumb Code    80  drv_pwm.o(i.pwm_set)
    rcexpo                                   0x08003409   Thumb Code    82  util.o(i.rcexpo)
    rgb_init                                 0x08003461   Thumb Code     2  drv_rgb.o(i.rgb_init)
    rotateErrors                             0x08003465   Thumb Code   150  pid.o(i.rotateErrors)
    rx_init                                  0x08003509   Thumb Code   200  rx_nrf24_bayang_telemetry.o(i.rx_init)
    send_telemetry                           0x080035d9   Thumb Code   168  rx_nrf24_bayang_telemetry.o(i.send_telemetry)
    setclock                                 0x08003695   Thumb Code   110  drv_clk.o(i.setclock)
    sixaxis_check                            0x08003709   Thumb Code    36  sixaxis.o(i.sixaxis_check)
    sixaxis_init                             0x08003731   Thumb Code    84  sixaxis.o(i.sixaxis_init)
    sixaxis_read                             0x08003789   Thumb Code   228  sixaxis.o(i.sixaxis_read)
    spi_csoff                                0x08003879   Thumb Code    10  drv_spi.o(i.spi_csoff)
    spi_cson                                 0x08003885   Thumb Code     8  drv_spi.o(i.spi_cson)
    spi_init                                 0x08003891   Thumb Code    62  drv_spi.o(i.spi_init)
    spi_sendbyte                             0x080038d1   Thumb Code    40  drv_spi.o(i.spi_sendbyte)
    spi_sendrecvbyte                         0x080038fd   Thumb Code    54  drv_spi.o(i.spi_sendrecvbyte)
    spi_sendzerorecvbyte                     0x08003939   Thumb Code    42  drv_spi.o(i.spi_sendzerorecvbyte)
    splpf                                    0x08003969   Thumb Code    50  filter.o(i.splpf)
    stick_vector                             0x080039a9   Thumb Code   286  stickvector.o(i.stick_vector)
    swapbits                                 0x08003ae5   Thumb Code    32  rx_nrf24_bayang_telemetry.o(i.swapbits)
    time_init                                0x08003b11   Thumb Code    32  drv_time.o(i.time_init)
    time_update                              0x08003b3d   Thumb Code    44  drv_time.o(i.time_update)
    writeregs                                0x08003b71   Thumb Code    34  rx_nrf24_bayang_telemetry.o(i.writeregs)
    writeword                                0x08003b95   Thumb Code    28  drv_fmc1.o(i.writeword)
    xn_command                               0x08003bb5   Thumb Code    24  drv_xn297.o(i.xn_command)
    xn_readpayload                           0x08003bcd   Thumb Code    40  drv_xn297.o(i.xn_readpayload)
    xn_readreg                               0x08003bf5   Thumb Code    30  drv_xn297.o(i.xn_readreg)
    xn_writepayload                          0x08003c13   Thumb Code    40  drv_xn297.o(i.xn_writepayload)
    xn_writereg                              0x08003c3b   Thumb Code    34  drv_xn297.o(i.xn_writereg)
    command11                                0x08003c5c   Data           7  gesture_detect.o(.constdata)
    command10                                0x08003c63   Data           7  gesture_detect.o(.constdata)
    command9                                 0x08003c6a   Data           7  gesture_detect.o(.constdata)
    command1                                 0x08003c71   Data           7  gesture_detect.o(.constdata)
    command2                                 0x08003c78   Data           7  gesture_detect.o(.constdata)
    command3                                 0x08003c7f   Data           7  gesture_detect.o(.constdata)
    command8                                 0x08003c86   Data           7  gesture_detect.o(.constdata)
    command4                                 0x08003c8d   Data           7  gesture_detect.o(.constdata)
    command5                                 0x08003c94   Data           7  gesture_detect.o(.constdata)
    command6                                 0x08003c9b   Data           7  gesture_detect.o(.constdata)
    command7                                 0x08003ca2   Data           7  gesture_detect.o(.constdata)
    xn297_scramble                           0x08003cb2   Data          35  rx_nrf24_bayang_telemetry.o(.constdata)
    outlimit                                 0x08003cd8   Data          12  pid.o(.constdata)
    integrallimit                            0x08003ce4   Data          12  pid.o(.constdata)
    Region$$Table$$Base                      0x08003cf0   Number         0  anon$$obj.o(Region$$Table)
    Region$$Table$$Limit                     0x08003d10   Number         0  anon$$obj.o(Region$$Table)
    SHT$$INIT_ARRAY$$Base                    0x08003d10   Number         0  filter.o(.init_array)
    SHT$$INIT_ARRAY$$Limit                   0x08003d14   Number         0  cpp_init.o(.init_array)
    onground                                 0x20000000   Data           4  control.o(.data)
    onground_long                            0x20000004   Data           4  control.o(.data)
    overthrottlefilt                         0x20000008   Data           4  control.o(.data)
    underthrottlefilt                        0x2000000c   Data           4  control.o(.data)
    R                                        0x20000010   Data           4  control.o(.data)
    throttle                                 0x20000018   Data           4  control.o(.data)
    idle_state                               0x2000001c   Data           4  control.o(.data)
    thrsum                                   0x20000020   Data           4  control.o(.data)
    vbattfilt                                0x20000024   Data           4  main.o(.data)
    vbatt_comp                               0x20000028   Data           4  main.o(.data)
    vreffilt                                 0x2000002c   Data           4  main.o(.data)
    thrfilt                                  0x20000030   Data           4  main.o(.data)
    lowbatt                                  0x20000034   Data           4  main.o(.data)
    lipo_cell_count                          0x20000038   Data           4  main.o(.data)
    ledcommand                               0x2000003c   Data           4  main.o(.data)
    ledblink                                 0x20000040   Data           4  main.o(.data)
    ledcommandtime                           0x20000044   Data           4  main.o(.data)
    looptime                                 0x20000048   Data           4  main.o(.data)
    lastlooptime                             0x2000004c   Data           4  main.o(.data)
    flash_feature_2                          0x20000050   Data           4  main.o(.data)
    flash_feature_3                          0x20000054   Data           4  main.o(.data)
    in_air                                   0x20000058   Data           4  main.o(.data)
    armed_state                              0x2000005c   Data           4  main.o(.data)
    initial_pid_identifier                   0x2000006c   Data           4  flash.o(.data)
    saved_pid_identifier                     0x20000070   Data           4  flash.o(.data)
    pid_gestures_used                        0x20000074   Data           4  gestures.o(.data)
    gesture_start                            0x20000078   Data           4  gesture_detect.o(.data)
    lastgesture                              0x2000007c   Data           4  gesture_detect.o(.data)
    setgesture                               0x20000080   Data           4  gesture_detect.o(.data)
    gbuffer                                  0x20000088   Data           7  gesture_detect.o(.data)
    crc_addr                                 0x20000090   Data           2  rx_nrf24_bayang_telemetry.o(.data)
    crc_error                                0x20000094   Data           4  rx_nrf24_bayang_telemetry.o(.data)
    rxmode                                   0x20000098   Data           4  rx_nrf24_bayang_telemetry.o(.data)
    rf_chan                                  0x2000009c   Data           4  rx_nrf24_bayang_telemetry.o(.data)
    rx_ready                                 0x200000a0   Data           4  rx_nrf24_bayang_telemetry.o(.data)
    bind_safety                              0x200000a4   Data           4  rx_nrf24_bayang_telemetry.o(.data)
    telemetry_send                           0x200000a8   Data           4  rx_nrf24_bayang_telemetry.o(.data)
    failsafe                                 0x200000ac   Data           4  rx_nrf24_bayang_telemetry.o(.data)
    skipchannel                              0x200000b0   Data           4  rx_nrf24_bayang_telemetry.o(.data)
    timingfail                               0x200000b4   Data           4  rx_nrf24_bayang_telemetry.o(.data)
    telemetry_enabled                        0x200000b8   Data           4  rx_nrf24_bayang_telemetry.o(.data)
    packet_period                            0x200000bc   Data           4  rx_nrf24_bayang_telemetry.o(.data)
    rfchannel                                0x200000c4   Data           4  rx_nrf24_bayang_telemetry.o(.data)
    packetrx                                 0x200000c8   Data           4  rx_nrf24_bayang_telemetry.o(.data)
    packetpersecond                          0x200000cc   Data           4  rx_nrf24_bayang_telemetry.o(.data)
    send_time                                0x200000d0   Data           4  rx_nrf24_bayang_telemetry.o(.data)
    lastrxtime                               0x200000d4   Data           4  rx_nrf24_bayang_telemetry.o(.data)
    failsafetime                             0x200000d8   Data           4  rx_nrf24_bayang_telemetry.o(.data)
    secondtimer                              0x200000dc   Data           4  rx_nrf24_bayang_telemetry.o(.data)
    lastrxchan                               0x200000e0   Data           4  rx_nrf24_bayang_telemetry.o(.data)
    rxaddr                                   0x200000e9   Data           5  rx_nrf24_bayang_telemetry.o(.data)
    ledlevel                                 0x200000f0   Data           4  led.o(.data)
    lastledbrightness                        0x200000f4   Data           4  led.o(.data)
    lastledtime                              0x20000100   Data           4  led.o(.data)
    debug_led                                0x20000104   Data           4  led.o(.data)
    last_rx                                  0x2000010c   Data           8  stickvector.o(.data)
    stickvector                              0x20000114   Data          12  stickvector.o(.data)
    GEstG                                    0x20000120   Data          12  imu.o(.data)
    acro_override                            0x2000012c   Data           4  flip_sequencer.o(.data)
    level_override                           0x20000130   Data           4  flip_sequencer.o(.data)
    controls_override                        0x20000134   Data           4  flip_sequencer.o(.data)
    isflipping                               0x20000138   Data           4  flip_sequencer.o(.data)
    flipstage                                0x2000013c   Data           4  flip_sequencer.o(.data)
    flipindex                                0x20000140   Data           4  flip_sequencer.o(.data)
    flipdir                                  0x20000144   Data           4  flip_sequencer.o(.data)
    fliptime                                 0x20000148   Data           4  flip_sequencer.o(.data)
    levelmodetime                            0x2000014c   Data           4  flip_sequencer.o(.data)
    throttlehpf1                             0x20000150   Data           8  filter.o(.data)
    apidkp1                                  0x20000158   Data           8  angle_pid.o(.data)
    apidkd1                                  0x20000160   Data           8  angle_pid.o(.data)
    apidkp2                                  0x20000168   Data           8  angle_pid.o(.data)
    apidkd2                                  0x20000170   Data           8  angle_pid.o(.data)
    apidoutput1                              0x20000178   Data           8  angle_pid.o(.data)
    apidoutput2                              0x20000180   Data           8  angle_pid.o(.data)
    angleerror                               0x20000188   Data           8  angle_pid.o(.data)
    lasterror                                0x20000190   Data           8  angle_pid.o(.data)
    apidoutput                               0x20000198   Data           8  angle_pid.o(.data)
    current_pid_axis                         0x200001a0   Data           4  pid.o(.data)
    current_pid_term                         0x200001a4   Data           4  pid.o(.data)
    current_pid_term_pointer                 0x200001a8   Data           4  pid.o(.data)
    v_compensation                           0x200001ac   Data           4  pid.o(.data)
    timefactor                               0x200001bc   Data           4  pid.o(.data)
    stickAcceleratorProfileB                 0x200001c0   Data          12  pid.o(.data)
    stickTransitionProfileB                  0x200001cc   Data          12  pid.o(.data)
    pidkp                                    0x200001d8   Data          12  pid.o(.data)
    pidki                                    0x200001e4   Data          12  pid.o(.data)
    pidkd                                    0x200001f0   Data          12  pid.o(.data)
    b                                        0x200001fc   Data          12  pid.o(.data)
    pids_array                               0x20000208   Data          12  pid.o(.data)
    adcarray                                 0x20000214   Data           4  drv_adc.o(.data)
    vref_cal                                 0x20000218   Data           4  drv_adc.o(.data)
    liberror                                 0x2000021c   Data           4  drv_i2c.o(.data)
    lastticks                                0x20000224   Data           4  drv_time.o(.data)
    globalticks                              0x20000228   Data           4  drv_time.o(.data)
    error                                    0x20000270   Data          12  control.o(.bss)
    rxcopy                                   0x2000027c   Data          16  control.o(.bss)
    motor_filt                               0x2000028c   Data          16  control.o(.bss)
    hann_lastsample                          0x2000029c   Data          16  control.o(.bss)
    hann_lastsample2                         0x200002ac   Data          16  control.o(.bss)
    x_est_last                               0x200002bc   Data          16  control.o(.bss)
    P_last                                   0x200002cc   Data          16  control.o(.bss)
    clip_feedforward                         0x200002dc   Data          16  control.o(.bss)
    aux                                      0x200002ec   Data          16  main.o(.bss)
    debug                                    0x200002fc   Data          32  main.o(.bss)
    rx                                       0x2000031c   Data          16  main.o(.bss)
    lastaux                                  0x2000032c   Data          16  main.o(.bss)
    auxchange                                0x2000033c   Data          16  main.o(.bss)
    rxdata                                   0x2000034c   Data          76  rx_nrf24_bayang_telemetry.o(.bss)
    accel                                    0x20000398   Data          12  sixaxis.o(.bss)
    gyro                                     0x200003a4   Data          12  sixaxis.o(.bss)
    accelcal                                 0x200003b0   Data          12  sixaxis.o(.bss)
    gyrocal                                  0x200003bc   Data          12  sixaxis.o(.bss)
    errorvect                                0x200003c8   Data          12  stickvector.o(.bss)
    attitude                                 0x200003d4   Data          12  imu.o(.bss)
    rx_override                              0x200003e0   Data          16  flip_sequencer.o(.bss)
    filter                                   0x200003f0   Data          48  filter.o(.bss)
    filter2                                  0x20000420   Data          48  filter.o(.bss)
    spfilter                                 0x20000450   Data          24  filter.o(.bss)
    stickAcceleratorProfileA                 0x20000468   Data          12  pid.o(.bss)
    stickTransitionProfileA                  0x20000474   Data          12  pid.o(.bss)
    pidkp_init                               0x20000480   Data          12  pid.o(.bss)
    pidki_init                               0x2000048c   Data          12  pid.o(.bss)
    pidkd_init                               0x20000498   Data          12  pid.o(.bss)
    number_of_increments                     0x200004a4   Data          36  pid.o(.bss)
    ierror                                   0x200004c8   Data          12  pid.o(.bss)
    pidoutput                                0x20000504   Data          12  pid.o(.bss)
    setpoint                                 0x20000510   Data          12  pid.o(.bss)
    TIM_OCInitStructure                      0x2000054c   Data          20  drv_pwm.o(.bss)
    __initial_sp                             0x20000960   Data           0  startup_stm32f031.o(STACK)



==============================================================================

Memory Map of the image

  Image Entry point : 0x080000c9

  Load Region LR_1 (Base: 0x08000000, Size: 0x00003f44, Max: 0xffffffff, ABSOLUTE, COMPRESSED[0x00003da0])

    Execution Region ER_RO (Exec base: 0x08000000, Load base: 0x08000000, Size: 0x00003d14, Max: 0xffffffff, ABSOLUTE)

    Exec Addr    Load Addr    Size         Type   Attr      Idx    E Section Name        Object

    0x08000000   0x08000000   0x000000b0   Data   RO         1923    RESET               startup_stm32f031.o
    0x080000b0   0x080000b0   0x00000000   Code   RO         5527  * .ARM.Collect$$$$00000000  mc_p.l(entry.o)
    0x080000b0   0x080000b0   0x00000004   Code   RO         5572    .ARM.Collect$$$$00000001  mc_p.l(entry2.o)
    0x080000b4   0x080000b4   0x00000004   Code   RO         5575    .ARM.Collect$$$$00000004  mc_p.l(entry5.o)
    0x080000b8   0x080000b8   0x00000000   Code   RO         5577    .ARM.Collect$$$$00000008  mc_p.l(entry7b.o)
    0x080000b8   0x080000b8   0x00000004   Code   RO         5578    .ARM.Collect$$$$00000009  mc_p.l(entry8a.o)
    0x080000bc   0x080000bc   0x00000000   Code   RO         5579    .ARM.Collect$$$$0000000A  mc_p.l(entry8b.o)
    0x080000bc   0x080000bc   0x00000008   Code   RO         5580    .ARM.Collect$$$$0000000B  mc_p.l(entry9a.o)
    0x080000c4   0x080000c4   0x00000000   Code   RO         5582    .ARM.Collect$$$$0000000D  mc_p.l(entry10a.o)
    0x080000c4   0x080000c4   0x00000000   Code   RO         5584    .ARM.Collect$$$$0000000F  mc_p.l(entry11a.o)
    0x080000c4   0x080000c4   0x00000004   Code   RO         5573    .ARM.Collect$$$$00002712  mc_p.l(entry2.o)
    0x080000c8   0x080000c8   0x00000058   Code   RO         1924  * .text               startup_stm32f031.o
    0x08000120   0x08000120   0x0000002c   Code   RO         5530    .text               mc_p.l(uidiv.o)
    0x0800014c   0x0800014c   0x00000020   Code   RO         5543    .text               mc_p.l(cpp_init.o)
    0x0800016c   0x0800016c   0x000000b2   Code   RO         5545    .text               mf_p.l(fadd.o)
    0x0800021e   0x0800021e   0x0000007a   Code   RO         5547    .text               mf_p.l(fmul.o)
    0x08000298   0x08000298   0x0000007c   Code   RO         5549    .text               mf_p.l(fdiv.o)
    0x08000314   0x08000314   0x00000018   Code   RO         5551    .text               mf_p.l(fscalb.o)
    0x0800032c   0x0800032c   0x00000016   Code   RO         5555    .text               mf_p.l(fflti.o)
    0x08000342   0x08000342   0x0000000e   Code   RO         5557    .text               mf_p.l(ffltui.o)
    0x08000350   0x08000350   0x00000032   Code   RO         5561    .text               mf_p.l(ffixi.o)
    0x08000382   0x08000382   0x00000002   PAD
    0x08000384   0x08000384   0x00000014   Code   RO         5565    .text               mf_p.l(cfcmple.o)
    0x08000398   0x08000398   0x00000014   Code   RO         5567    .text               mf_p.l(cfrcmple.o)
    0x080003ac   0x080003ac   0x00000000   Code   RO         5588    .text               mc_p.l(iusefp.o)
    0x080003ac   0x080003ac   0x00000082   Code   RO         5589    .text               mf_p.l(fepilogue.o)
    0x0800042e   0x0800042e   0x00000002   PAD
    0x08000430   0x08000430   0x00000024   Code   RO         5598    .text               mc_p.l(init.o)
    0x08000454   0x08000454   0x00000056   Code   RO         5651    .text               mc_p.l(__dczerorl2.o)
    0x080004aa   0x080004aa   0x0000000a   Code   RO         1935    i.ADC_ChannelConfig  stm32f0xx_adc.o
    0x080004b4   0x080004b4   0x00000012   Code   RO         1939    i.ADC_Cmd           stm32f0xx_adc.o
    0x080004c6   0x080004c6   0x00000014   Code   RO         1941    i.ADC_DMACmd        stm32f0xx_adc.o
    0x080004da   0x080004da   0x00000010   Code   RO         1942    i.ADC_DMARequestModeConfig  stm32f0xx_adc.o
    0x080004ea   0x080004ea   0x0000002e   Code   RO         1945    i.ADC_GetCalibrationFactor  stm32f0xx_adc.o
    0x08000518   0x08000518   0x0000002c   Code   RO         1950    i.ADC_Init          stm32f0xx_adc.o
    0x08000544   0x08000544   0x0000000a   Code   RO         1953    i.ADC_StartOfConversion  stm32f0xx_adc.o
    0x0800054e   0x0800054e   0x00000010   Code   RO         1955    i.ADC_StructInit    stm32f0xx_adc.o
    0x0800055e   0x0800055e   0x00000002   PAD
    0x08000560   0x08000560   0x0000001c   Code   RO         1958    i.ADC_VrefintCmd    stm32f0xx_adc.o
    0x0800057c   0x0800057c   0x00000018   Code   RO         2853    i.DMA_Cmd           stm32f0xx_dma.o
    0x08000594   0x08000594   0x0000003c   Code   RO         2859    i.DMA_Init          stm32f0xx_dma.o
    0x080005d0   0x080005d0   0x00000038   Code   RO         2995    i.FLASH_ErasePage   stm32f0xx_flash.o
    0x08000608   0x08000608   0x00000028   Code   RO         2998    i.FLASH_GetStatus   stm32f0xx_flash.o
    0x08000630   0x08000630   0x00000010   Code   RO         3000    i.FLASH_Lock        stm32f0xx_flash.o
    0x08000640   0x08000640   0x0000004c   Code   RO         3020    i.FLASH_ProgramWord  stm32f0xx_flash.o
    0x0800068c   0x0800068c   0x00000020   Code   RO         3022    i.FLASH_Unlock      stm32f0xx_flash.o
    0x080006ac   0x080006ac   0x00000022   Code   RO         3023    i.FLASH_WaitForLastOperation  stm32f0xx_flash.o
    0x080006ce   0x080006ce   0x00000070   Code   RO         3193    i.GPIO_Init         stm32f0xx_gpio.o
    0x0800073e   0x0800073e   0x00000020   Code   RO         3194    i.GPIO_PinAFConfig  stm32f0xx_gpio.o
    0x0800075e   0x0800075e   0x00000004   Code   RO         3200    i.GPIO_ResetBits    stm32f0xx_gpio.o
    0x08000762   0x08000762   0x00000004   Code   RO         3201    i.GPIO_SetBits      stm32f0xx_gpio.o
    0x08000766   0x08000766   0x00000006   Code   RO           91    i.HardFault_Handler  main.o
    0x0800076c   0x0800076c   0x00000014   Code   RO         3292    i.I2C_Cmd           stm32f0xx_i2c.o
    0x08000780   0x08000780   0x00000014   Code   RO         3299    i.I2C_GenerateSTOP  stm32f0xx_i2c.o
    0x08000794   0x08000794   0x0000000e   Code   RO         3301    i.I2C_GetFlagStatus  stm32f0xx_i2c.o
    0x080007a2   0x080007a2   0x00000002   PAD
    0x080007a4   0x080007a4   0x00000064   Code   RO         3307    i.I2C_Init          stm32f0xx_i2c.o
    0x08000808   0x08000808   0x00000006   Code   RO         3313    i.I2C_ReceiveData   stm32f0xx_i2c.o
    0x0800080e   0x0800080e   0x00000004   Code   RO         3316    i.I2C_SendData      stm32f0xx_i2c.o
    0x08000812   0x08000812   0x00000002   PAD
    0x08000814   0x08000814   0x00000020   Code   RO         3325    i.I2C_TransferHandling  stm32f0xx_i2c.o
    0x08000834   0x08000834   0x00000054   Code   RO          821    i.Q_rsqrt           imu.o
    0x08000888   0x08000888   0x00000018   Code   RO         3713    i.RCC_AHBPeriphClockCmd  stm32f0xx_rcc.o
    0x080008a0   0x080008a0   0x00000018   Code   RO         3715    i.RCC_APB1PeriphClockCmd  stm32f0xx_rcc.o
    0x080008b8   0x080008b8   0x00000018   Code   RO         3717    i.RCC_APB2PeriphClockCmd  stm32f0xx_rcc.o
    0x080008d0   0x080008d0   0x00000018   Code   RO         3737    i.RCC_I2CCLKConfig  stm32f0xx_rcc.o
    0x080008e8   0x080008e8   0x00000018   Code   RO         4510    i.SYSCFG_I2CFastModePlusConfig  stm32f0xx_syscfg.o
    0x08000900   0x08000900   0x00000060   Code   RO         5489    i.SetSysClock       system_stm32f0xx.o
    0x08000960   0x08000960   0x00000002   Code   RO         1710    i.SysTick_Handler   drv_time.o
    0x08000962   0x08000962   0x00000002   PAD
    0x08000964   0x08000964   0x00000060   Code   RO         5491    i.SystemInit        system_stm32f0xx.o
    0x080009c4   0x080009c4   0x00000014   Code   RO         4580    i.TIM_Cmd           stm32f0xx_tim.o
    0x080009d8   0x080009d8   0x00000018   Code   RO         4582    i.TIM_CtrlPWMOutputs  stm32f0xx_tim.o
    0x080009f0   0x080009f0   0x0000007c   Code   RO         4609    i.TIM_OC1Init       stm32f0xx_tim.o
    0x08000a6c   0x08000a6c   0x00000090   Code   RO         4614    i.TIM_OC2Init       stm32f0xx_tim.o
    0x08000afc   0x08000afc   0x00000064   Code   RO         4624    i.TIM_OC4Init       stm32f0xx_tim.o
    0x08000b60   0x08000b60   0x00000074   Code   RO         4653    i.TIM_TimeBaseInit  stm32f0xx_tim.o
    0x08000bd4   0x08000bd4   0x00000018   Code   RO          938    i._ZN13filter_kalmanC1Ev  filter.o
    0x08000bec   0x08000bec   0x00000018   Code   RO          944    i._ZN14filter_kalman2C1Ev  filter.o
    0x08000c04   0x08000c04   0x00000006   Code   RO          950    i._ZN8FilterSPC1Ev  filter.o
    0x08000c0a   0x08000c0a   0x00000022   Code   RO         5524    i.__aeabi_vec_ctor_nocookie_nodtor  cpprt_p.l(aeabi_vec_ctor_nocookie_nodtor.o)
    0x08000c2c   0x08000c2c   0x0000000e   Code   RO         5645    i.__scatterload_copy  mc_p.l(handlers.o)
    0x08000c3a   0x08000c3a   0x00000002   Code   RO         5646    i.__scatterload_null  mc_p.l(handlers.o)
    0x08000c3c   0x08000c3c   0x0000000e   Code   RO         5647    i.__scatterload_zeroinit  mc_p.l(handlers.o)
    0x08000c4a   0x08000c4a   0x00000002   PAD
    0x08000c4c   0x08000c4c   0x00000048   Code   RO          899    i.__sti___10_filter_cpp_filter  filter.o
    0x08000c94   0x08000c94   0x0000001c   Code   RO         1775    i._spi_write_address  drv_xn297.o
    0x08000cb0   0x08000cb0   0x00000064   Code   RO          667    i.acc_cal           sixaxis.o
    0x08000d14   0x08000d14   0x000000e4   Code   RO         1195    i.adc_init          drv_adc.o
    0x08000df8   0x08000df8   0x00000064   Code   RO         1196    i.adc_read          drv_adc.o
    0x08000e5c   0x08000e5c   0x000000d0   Code   RO          982    i.apid              angle_pid.o
    0x08000f2c   0x08000f2c   0x000000d0   Code   RO          822    i.atan2approx       imu.o
    0x08000ffc   0x08000ffc   0x0000006c   Code   RO          455    i.beacon_sequence   rx_nrf24_bayang_telemetry.o
    0x08001068   0x08001068   0x000000d4   Code   RO          264    i.buzzer            buzzer.o
    0x0800113c   0x0800113c   0x00000032   Code   RO          823    i.calcmagnitude     imu.o
    0x0800116e   0x0800116e   0x00000002   PAD
    0x08001170   0x08001170   0x00000084   Code   RO         1002    i.change_pid_value  pid.o
    0x080011f4   0x080011f4   0x00000022   Code   RO          347    i.check_command     gesture_detect.o
    0x08001216   0x08001216   0x00000002   PAD
    0x08001218   0x08001218   0x00000194   Code   RO          457    i.checkrx           rx_nrf24_bayang_telemetry.o
    0x080013ac   0x080013ac   0x00000008   Code   RO         1230    i.clk_init          drv_clk.o
    0x080013b4   0x080013b4   0x00000694   Code   RO            2    i.control           control.o
    0x08001a48   0x08001a48   0x00000024   Code   RO          458    i.crc16_update      rx_nrf24_bayang_telemetry.o
    0x08001a6c   0x08001a6c   0x0000013c   Code   RO          459    i.decodepacket      rx_nrf24_bayang_telemetry.o
    0x08001ba8   0x08001ba8   0x0000000a   Code   RO         1003    i.decrease_pid      pid.o
    0x08001bb2   0x08001bb2   0x00000014   Code   RO         1711    i.delay             drv_time.o
    0x08001bc6   0x08001bc6   0x00000002   PAD
    0x08001bc8   0x08001bc8   0x00000044   Code   RO           94    i.failloop          main.o
    0x08001c0c   0x08001c0c   0x00000014   Code   RO          728    i.fastcos           util.o
    0x08001c20   0x08001c20   0x00000068   Code   RO          729    i.fastsin           util.o
    0x08001c88   0x08001c88   0x00000054   Code   RO          291    i.flash_get_hard_coded_pid_identifier  flash.o
    0x08001cdc   0x08001cdc   0x00000010   Code   RO          292    i.flash_hard_coded_pid_identifier  flash.o
    0x08001cec   0x08001cec   0x000000a8   Code   RO          293    i.flash_load        flash.o
    0x08001d94   0x08001d94   0x000000b4   Code   RO          294    i.flash_save        flash.o
    0x08001e48   0x08001e48   0x0000001c   Code   RO         1256    i.fmc_erase         drv_fmc1.o
    0x08001e64   0x08001e64   0x00000008   Code   RO         1257    i.fmc_lock          drv_fmc1.o
    0x08001e6c   0x08001e6c   0x00000010   Code   RO         1258    i.fmc_read          drv_fmc1.o
    0x08001e7c   0x08001e7c   0x00000008   Code   RO         1259    i.fmc_read_float    drv_fmc1.o
    0x08001e84   0x08001e84   0x00000008   Code   RO         1260    i.fmc_unlock        drv_fmc1.o
    0x08001e8c   0x08001e8c   0x00000008   Code   RO         1261    i.fmc_write_float   drv_fmc1.o
    0x08001e94   0x08001e94   0x00000108   Code   RO          348    i.gesture_sequence  gesture_detect.o
    0x08001f9c   0x08001f9c   0x00000104   Code   RO          331    i.gestures          gestures.o
    0x080020a0   0x080020a0   0x00000104   Code   RO          349    i.gestures2         gesture_detect.o
    0x080021a4   0x080021a4   0x00000008   Code   RO         1712    i.gettime           drv_time.o
    0x080021ac   0x080021ac   0x0000002c   Code   RO         1337    i.gpio_init         drv_gpio.o
    0x080021d8   0x080021d8   0x00000020   Code   RO          265    i.gpio_init_buzzer  buzzer.o
    0x080021f8   0x080021f8   0x0000019c   Code   RO          668    i.gyro_cal          sixaxis.o
    0x08002394   0x08002394   0x00000090   Code   RO         1837    i.hw_i2c_init       drv_hw_i2c.o
    0x08002424   0x08002424   0x00000070   Code   RO         1838    i.hw_i2c_readdata   drv_hw_i2c.o
    0x08002494   0x08002494   0x0000000e   Code   RO         1839    i.hw_i2c_readreg    drv_hw_i2c.o
    0x080024a2   0x080024a2   0x00000002   PAD
    0x080024a4   0x080024a4   0x0000007c   Code   RO         1840    i.hw_i2c_sendheader  drv_hw_i2c.o
    0x08002520   0x08002520   0x00000048   Code   RO         1841    i.hw_i2c_writereg   drv_hw_i2c.o
    0x08002568   0x08002568   0x00000008   Code   RO         1364    i.i2c_init          drv_i2c.o
    0x08002570   0x08002570   0x00000008   Code   RO         1365    i.i2c_readdata      drv_i2c.o
    0x08002578   0x08002578   0x00000008   Code   RO         1366    i.i2c_readreg       drv_i2c.o
    0x08002580   0x08002580   0x00000008   Code   RO         1367    i.i2c_writereg      drv_i2c.o
    0x08002588   0x08002588   0x000001e8   Code   RO          824    i.imu_calc          imu.o
    0x08002770   0x08002770   0x00000048   Code   RO          825    i.imu_init          imu.o
    0x080027b8   0x080027b8   0x0000000a   Code   RO         1004    i.increase_pid      pid.o
    0x080027c2   0x080027c2   0x00000018   Code   RO         1411    i.init_timer        drv_pwm.o
    0x080027da   0x080027da   0x00000002   PAD
    0x080027dc   0x080027dc   0x00000094   Code   RO          615    i.led_pwm           led.o
    0x08002870   0x08002870   0x00000028   Code   RO          617    i.ledflash          led.o
    0x08002898   0x08002898   0x00000014   Code   RO          618    i.ledoff            led.o
    0x080028ac   0x080028ac   0x00000014   Code   RO          619    i.ledon             led.o
    0x080028c0   0x080028c0   0x00000026   Code   RO          730    i.limitf            util.o
    0x080028e6   0x080028e6   0x0000002c   Code   RO          731    i.lpf               util.o
    0x08002912   0x08002912   0x00000002   PAD
    0x08002914   0x08002914   0x0000004c   Code   RO         1005    i.lpf2              pid.o
    0x08002960   0x08002960   0x00000024   Code   RO          732    i.lpfcalc           util.o
    0x08002984   0x08002984   0x00000024   Code   RO          733    i.lpfcalc_hz        util.o
    0x080029a8   0x080029a8   0x00000060   Code   RO          900    i.lpffilter         filter.o
    0x08002a08   0x08002a08   0x00000060   Code   RO          901    i.lpffilter2        filter.o
    0x08002a68   0x08002a68   0x00000348   Code   RO           95    i.main              main.o
    0x08002db0   0x08002db0   0x0000003a   Code   RO          734    i.mapf              util.o
    0x08002dea   0x08002dea   0x00000002   Code   RO          714    i.motormap          motorcurve.o
    0x08002dec   0x08002dec   0x0000001c   Code   RO         1006    i.next_pid_axis     pid.o
    0x08002e08   0x08002e08   0x00000038   Code   RO         1007    i.next_pid_term     pid.o
    0x08002e40   0x08002e40   0x00000020   Code   RO          460    i.nextchannel       rx_nrf24_bayang_telemetry.o
    0x08002e60   0x08002e60   0x00000078   Code   RO          461    i.nrf24_read_xn297_payload  rx_nrf24_bayang_telemetry.o
    0x08002ed8   0x08002ed8   0x0000005c   Code   RO          462    i.nrf24_set_xn297_address  rx_nrf24_bayang_telemetry.o
    0x08002f34   0x08002f34   0x00000030   Code   RO          463    i.nrf24_write_xn297_payload  rx_nrf24_bayang_telemetry.o
    0x08002f64   0x08002f64   0x00000020   Code   RO          464    i.packettodata      rx_nrf24_bayang_telemetry.o
    0x08002f84   0x08002f84   0x000002b4   Code   RO         1008    i.pid               pid.o
    0x08003238   0x08003238   0x0000007c   Code   RO         1010    i.pid_precalc       pid.o
    0x080032b4   0x080032b4   0x000000f4   Code   RO         1413    i.pwm_init          drv_pwm.o
    0x080033a8   0x080033a8   0x00000060   Code   RO         1414    i.pwm_set           drv_pwm.o
    0x08003408   0x08003408   0x00000058   Code   RO          736    i.rcexpo            util.o
    0x08003460   0x08003460   0x00000002   Code   RO         1883    i.rgb_init          drv_rgb.o
    0x08003462   0x08003462   0x00000002   PAD
    0x08003464   0x08003464   0x000000a4   Code   RO         1011    i.rotateErrors      pid.o
    0x08003508   0x08003508   0x000000d0   Code   RO          465    i.rx_init           rx_nrf24_bayang_telemetry.o
    0x080035d8   0x080035d8   0x000000bc   Code   RO          466    i.send_telemetry    rx_nrf24_bayang_telemetry.o
    0x08003694   0x08003694   0x00000074   Code   RO         1231    i.setclock          drv_clk.o
    0x08003708   0x08003708   0x00000028   Code   RO          670    i.sixaxis_check     sixaxis.o
    0x08003730   0x08003730   0x00000058   Code   RO          671    i.sixaxis_init      sixaxis.o
    0x08003788   0x08003788   0x000000f0   Code   RO          672    i.sixaxis_read      sixaxis.o
    0x08003878   0x08003878   0x0000000a   Code   RO         1626    i.spi_csoff         drv_spi.o
    0x08003882   0x08003882   0x00000002   PAD
    0x08003884   0x08003884   0x0000000c   Code   RO         1627    i.spi_cson          drv_spi.o
    0x08003890   0x08003890   0x0000003e   Code   RO         1628    i.spi_init          drv_spi.o
    0x080038ce   0x080038ce   0x00000002   PAD
    0x080038d0   0x080038d0   0x0000002c   Code   RO         1629    i.spi_sendbyte      drv_spi.o
    0x080038fc   0x080038fc   0x0000003c   Code   RO         1630    i.spi_sendrecvbyte  drv_spi.o
    0x08003938   0x08003938   0x00000030   Code   RO         1632    i.spi_sendzerorecvbyte  drv_spi.o
    0x08003968   0x08003968   0x00000040   Code   RO          902    i.splpf             filter.o
    0x080039a8   0x080039a8   0x0000013c   Code   RO          801    i.stick_vector      stickvector.o
    0x08003ae4   0x08003ae4   0x0000002c   Code   RO          467    i.swapbits          rx_nrf24_bayang_telemetry.o
    0x08003b10   0x08003b10   0x0000002c   Code   RO         1713    i.time_init         drv_time.o
    0x08003b3c   0x08003b3c   0x00000034   Code   RO         1714    i.time_update       drv_time.o
    0x08003b70   0x08003b70   0x00000022   Code   RO          468    i.writeregs         rx_nrf24_bayang_telemetry.o
    0x08003b92   0x08003b92   0x00000002   PAD
    0x08003b94   0x08003b94   0x00000020   Code   RO         1262    i.writeword         drv_fmc1.o
    0x08003bb4   0x08003bb4   0x00000018   Code   RO         1776    i.xn_command        drv_xn297.o
    0x08003bcc   0x08003bcc   0x00000028   Code   RO         1777    i.xn_readpayload    drv_xn297.o
    0x08003bf4   0x08003bf4   0x0000001e   Code   RO         1778    i.xn_readreg        drv_xn297.o
    0x08003c12   0x08003c12   0x00000028   Code   RO         1779    i.xn_writepayload   drv_xn297.o
    0x08003c3a   0x08003c3a   0x00000022   Code   RO         1780    i.xn_writereg       drv_xn297.o
    0x08003c5c   0x08003c5c   0x0000004d   Data   RO          350    .constdata          gesture_detect.o
    0x08003ca9   0x08003ca9   0x00000003   PAD
    0x08003cac   0x08003cac   0x00000029   Data   RO          471    .constdata          rx_nrf24_bayang_telemetry.o
    0x08003cd5   0x08003cd5   0x00000003   PAD
    0x08003cd8   0x08003cd8   0x00000018   Data   RO         1013    .constdata          pid.o
    0x08003cf0   0x08003cf0   0x00000020   Data   RO         5643    Region$$Table       anon$$obj.o
    0x08003d10   0x08003d10   0x00000004   Data   RO          911    .init_array         filter.o
    0x08003d14   0x08003d10   0x00000000   Data   RO         5541    .init_array         mc_p.l(cpp_init.o)


    Execution Region ER_RW (Exec base: 0x20000000, Load base: 0x08003d14, Size: 0x00000230, Max: 0xffffffff, ABSOLUTE, COMPRESSED[0x0000008c])

    Exec Addr    Load Addr    Size         Type   Attr      Idx    E Section Name        Object

    0x20000000   COMPRESSED   0x00000024   Data   RW            9    .data               control.o
    0x20000024   COMPRESSED   0x0000002c   Data   RW          103    .data               main.o
    0x20000050   COMPRESSED   0x00000004   Data   RW          106    .data               main.o
    0x20000054   COMPRESSED   0x00000004   Data   RW          107    .data               main.o
    0x20000058   COMPRESSED   0x00000004   Data   RW          109    .data               main.o
    0x2000005c   COMPRESSED   0x00000004   Data   RW          110    .data               main.o
    0x20000060   COMPRESSED   0x0000000c   Data   RW          266    .data               buzzer.o
    0x2000006c   COMPRESSED   0x00000008   Data   RW          295    .data               flash.o
    0x20000074   COMPRESSED   0x00000004   Data   RW          332    .data               gestures.o
    0x20000078   COMPRESSED   0x00000017   Data   RW          351    .data               gesture_detect.o
    0x2000008f   COMPRESSED   0x00000001   PAD
    0x20000090   COMPRESSED   0x0000005e   Data   RW          472    .data               rx_nrf24_bayang_telemetry.o
    0x200000ee   COMPRESSED   0x00000002   PAD
    0x200000f0   COMPRESSED   0x00000018   Data   RW          620    .data               led.o
    0x20000108   COMPRESSED   0x00000004   Data   RW          674    .data               sixaxis.o
    0x2000010c   COMPRESSED   0x00000014   Data   RW          803    .data               stickvector.o
    0x20000120   COMPRESSED   0x0000000c   Data   RW          828    .data               imu.o
    0x2000012c   COMPRESSED   0x00000024   Data   RW          877    .data               flip_sequencer.o
    0x20000150   COMPRESSED   0x00000008   Data   RW          910    .data               filter.o
    0x20000158   COMPRESSED   0x00000048   Data   RW          983    .data               angle_pid.o
    0x200001a0   COMPRESSED   0x00000068   Data   RW         1014    .data               pid.o
    0x20000208   COMPRESSED   0x0000000c   Data   RW         1015    .data               pid.o
    0x20000214   COMPRESSED   0x00000008   Data   RW         1198    .data               drv_adc.o
    0x2000021c   COMPRESSED   0x00000004   Data   RW         1368    .data               drv_i2c.o
    0x20000220   COMPRESSED   0x0000000c   Data   RW         1716    .data               drv_time.o
    0x2000022c   COMPRESSED   0x00000001   Data   RW         1842    .data               drv_hw_i2c.o


    Execution Region ER_ZI (Exec base: 0x20000230, Load base: 0x08003da0, Size: 0x00000730, Max: 0xffffffff, ABSOLUTE)

    Exec Addr    Load Addr    Size         Type   Attr      Idx    E Section Name        Object

    0x20000230        -       0x000000bc   Zero   RW            7    .bss                control.o
    0x200002ec        -       0x00000030   Zero   RW           96    .bss                main.o
    0x2000031c        -       0x00000010   Zero   RW           97    .bss                main.o
    0x2000032c        -       0x00000010   Zero   RW           98    .bss                main.o
    0x2000033c        -       0x00000010   Zero   RW           99    .bss                main.o
    0x2000034c        -       0x0000004c   Zero   RW          470    .bss                rx_nrf24_bayang_telemetry.o
    0x20000398        -       0x00000030   Zero   RW          673    .bss                sixaxis.o
    0x200003c8        -       0x0000000c   Zero   RW          802    .bss                stickvector.o
    0x200003d4        -       0x0000000c   Zero   RW          827    .bss                imu.o
    0x200003e0        -       0x00000010   Zero   RW          876    .bss                flip_sequencer.o
    0x200003f0        -       0x00000078   Zero   RW          909    .bss                filter.o
    0x20000468        -       0x000000e4   Zero   RW         1012    .bss                pid.o
    0x2000054c        -       0x00000014   Zero   RW         1415    .bss                drv_pwm.o
    0x20000560        -       0x00000400   Zero   RW         1921    STACK               startup_stm32f031.o


==============================================================================

Image component sizes


      Code (inc. data)   RO Data    RW Data    ZI Data      Debug   Object Name

       208         10          0         72          0       1558   angle_pid.o
       244         46          0         12          0       1773   buzzer.o
      1684        216          0         36        188      10632   control.o
       328         34          0          8          0       2130   drv_adc.o
       124          6          0          0          0        826   drv_clk.o
       108         14          0          0          0       3536   drv_fmc1.o
        44          4          0          0          0        440   drv_gpio.o
       466         40          0          1          0       3199   drv_hw_i2c.o
        32          0          0          4          0       2038   drv_i2c.o
       364         38          0          0         20       3230   drv_pwm.o
         2          0          0          0          0        359   drv_rgb.o
       236         20          0          0          0       3595   drv_spi.o
       126         20          0         12          0       8647   drv_time.o
       196          0          0          0          0       3068   drv_xn297.o
       382         64          4          8        120       8140   filter.o
       448         64          0          8          0       2648   flash.o
         0          0          0         36         16       1463   flip_sequencer.o
       558         46         77         23          0       4283   gesture_detect.o
       260         34          0          4          0       1023   gestures.o
       902         98          0         12         12       4993   imu.o
       228         26          0         24          0       3124   led.o
       914         94          0         60         96     199011   main.o
         2          0          0          0          0        427   motorcurve.o
      1292        144         24        116        228       7285   pid.o
      1662        146         41         94         76      11198   rx_nrf24_bayang_telemetry.o
       880         74          0          4         48       4549   sixaxis.o
        88         38        176          0       1024        704   startup_stm32f031.o
       316         30          0         20         12       1458   stickvector.o
       208         12          0          0          0       5682   stm32f0xx_adc.o
        84          8          0          0          0       2277   stm32f0xx_dma.o
       254         34          0          0          0       4201   stm32f0xx_flash.o
       152          0          0          0          0       2887   stm32f0xx_gpio.o
       196         12          0          0          0       4816   stm32f0xx_i2c.o
        96         24          0          0          0       2297   stm32f0xx_rcc.o
        24          6          0          0          0        623   stm32f0xx_syscfg.o
       528         90          0          0          0       5723   stm32f0xx_tim.o
       192         20          0          0          0       1361   system_stm32f0xx.o
       424         34          0          0          0       4698   util.o

    ----------------------------------------------------------------------
     14280       1546        360        560       1840     329902   Object Totals
         0          0         32          0          0          0   (incl. Generated)
        28          0          6          6          0          0   (incl. Padding)

    ----------------------------------------------------------------------

      Code (inc. data)   RO Data    RW Data    ZI Data      Debug   Library Member Name

        34          0          0          0          0         80   aeabi_vec_ctor_nocookie_nodtor.o
        86          0          0          0          0          0   __dczerorl2.o
        32         10          0          0          0         72   cpp_init.o
         0          0          0          0          0          0   entry.o
         0          0          0          0          0          0   entry10a.o
         0          0          0          0          0          0   entry11a.o
         8          4          0          0          0          0   entry2.o
         4          0          0          0          0          0   entry5.o
         0          0          0          0          0          0   entry7b.o
         4          0          0          0          0          0   entry8a.o
         0          0          0          0          0          0   entry8b.o
         8          4          0          0          0          0   entry9a.o
        30          0          0          0          0          0   handlers.o
        36          8          0          0          0         68   init.o
         0          0          0          0          0          0   iusefp.o
        44          0          0          0          0         72   uidiv.o
        20          0          0          0          0         68   cfcmple.o
        20          0          0          0          0         68   cfrcmple.o
       178          0          0          0          0        108   fadd.o
       124          0          0          0          0         72   fdiv.o
       130          0          0          0          0        144   fepilogue.o
        50          0          0          0          0         60   ffixi.o
        22          0          0          0          0         68   fflti.o
        14          0          0          0          0         68   ffltui.o
       122          0          0          0          0         72   fmul.o
        24          0          0          0          0         60   fscalb.o

    ----------------------------------------------------------------------
       996         26          0          0          0       1080   Library Totals
         6          0          0          0          0          0   (incl. Padding)

    ----------------------------------------------------------------------

      Code (inc. data)   RO Data    RW Data    ZI Data      Debug   Library Name

        34          0          0          0          0         80   cpprt_p.l
       252         26          0          0          0        212   mc_p.l
       704          0          0          0          0        788   mf_p.l

    ----------------------------------------------------------------------
       996         26          0          0          0       1080   Library Totals

    ----------------------------------------------------------------------

==============================================================================


      Code (inc. data)   RO Data    RW Data    ZI Data      Debug   

     15276       1572        360        560       1840     324282   Grand Totals
     15276       1572        360        140       1840     324282   ELF Image Totals (compressed)
     15276       1572        360        140          0          0   ROM Totals

==============================================================================

    Total RO  Size (Code + RO Data)                15636 (  15.27kB)
    Total RW  Size (RW Data + ZI Data)              2400 (   2.34kB)
    Total ROM Size (Code + RO Data + RW Data)      15776 (  15.41kB)

==============================================================================

