Component: ARM Compiler 5.06 update 6 (build 750) Tool: armlink [4d35ed]

==============================================================================

Section Cross References

    control.o(i.clip_ff) refers to fadd.o(.text) for __aeabi_fsub
    control.o(i.clip_ff) refers to control.o(.bss) for .bss
    control.o(i.control) refers to util.o(i.limitf) for limitf
    control.o(i.control) refers to util.o(i.mapf) for mapf
    control.o(i.control) refers to pid.o(i.pid_precalc) for pid_precalc
    control.o(i.control) refers to fmul.o(.text) for __aeabi_fmul
    control.o(i.control) refers to fadd.o(.text) for __aeabi_fsub
    control.o(i.control) refers to pid.o(i.rotateErrors) for rotateErrors
    control.o(i.control) refers to pid.o(i.pid) for pid
    control.o(i.control) refers to stickvector.o(i.stick_vector) for stick_vector
    control.o(i.control) refers to cfrcmple.o(.text) for __aeabi_cfrcmple
    control.o(i.control) refers to cfcmple.o(.text) for __aeabi_cfcmple
    control.o(i.control) refers to fdiv.o(.text) for __aeabi_fdiv
    control.o(i.control) refers to angle_pid.o(i.apid) for apid
    control.o(i.control) refers to main.o(.bss) for aux
    control.o(i.control) refers to control.o(.bss) for .bss
    control.o(i.control) refers to main.o(.bss) for rx
    control.o(i.control) refers to sixaxis.o(.bss) for gyro
    control.o(i.control) refers to flip_sequencer.o(.data) for acro_override
    control.o(i.control) refers to pid.o(.bss) for setpoint
    control.o(i.control) refers to main.o(.data) for binding_while_armed
    control.o(i.control) refers to main.o(.data) for armed_state
    control.o(i.control) refers to main.o(.data) for arming_release
    control.o(i.control) refers to control.o(.data) for .data
    control.o(i.control) refers to imu.o(.data) for GEstG
    control.o(i.control) refers to imu.o(.bss) for attitude
    control.o(i.control) refers to stickvector.o(.bss) for errorvect
    control.o(i.control) refers to angle_pid.o(.data) for angleerror
    control.o(i.control) refers to rx_nrf24_bayang_telemetry.o(.data) for rx_ready
    control.o(i.control) refers to main.o(.data) for ledcommand
    control.o(i.control) refers to main.o(.data) for in_air
    control.o(i.control) refers to drv_time.o(i.gettime) for gettime
    control.o(i.control) refers to drv_pwm.o(i.pwm_set) for pwm_set
    control.o(i.control) refers to util.o(i.lpf) for lpf
    control.o(i.control) refers to motorcurve.o(i.motormap) for motormap
    control.o(i.control) refers to fscalb.o(.text) for __ARM_scalbnf
    control.o(i.control) refers to flip_sequencer.o(.bss) for rx_override
    control.o(i.control) refers to main.o(.data) for flash_feature_2
    control.o(i.control) refers to main.o(.data) for flash_feature_3
    control.o(i.motor_kalman) refers to fadd.o(.text) for __aeabi_fadd
    control.o(i.motor_kalman) refers to fdiv.o(.text) for __aeabi_fdiv
    control.o(i.motor_kalman) refers to fmul.o(.text) for __aeabi_fmul
    control.o(i.motor_kalman) refers to control.o(.bss) for .bss
    control.o(i.motor_kalman) refers to control.o(.data) for .data
    control.o(i.motord) refers to fscalb.o(.text) for __ARM_scalbnf
    control.o(i.motord) refers to fadd.o(.text) for __aeabi_fadd
    control.o(i.motord) refers to fmul.o(.text) for __aeabi_fmul
    control.o(i.motord) refers to control.o(.bss) for .bss
    control.o(i.motorfilter) refers to fscalb.o(.text) for __ARM_scalbnf
    control.o(i.motorfilter) refers to fadd.o(.text) for __aeabi_fadd
    control.o(i.motorfilter) refers to control.o(.bss) for .bss
    control.o(i.motorlpf) refers to util.o(i.lpf) for lpf
    control.o(i.motorlpf) refers to control.o(.bss) for .bss
    main.o(i.BusFault_Handler) refers to main.o(i.failloop) for failloop
    main.o(i.HardFault_Handler) refers to main.o(i.failloop) for failloop
    main.o(i.MemManage_Handler) refers to main.o(i.failloop) for failloop
    main.o(i.UsageFault_Handler) refers to main.o(i.failloop) for failloop
    main.o(i.failloop) refers to drv_pwm.o(i.pwm_set) for pwm_set
    main.o(i.failloop) refers to led.o(i.ledon) for ledon
    main.o(i.failloop) refers to drv_time.o(i.delay) for delay
    main.o(i.failloop) refers to led.o(i.ledoff) for ledoff
    main.o(i.main) refers to drv_time.o(i.delay) for delay
    main.o(i.main) refers to drv_clk.o(i.clk_init) for clk_init
    main.o(i.main) refers to drv_gpio.o(i.gpio_init) for gpio_init
    main.o(i.main) refers to led.o(i.ledon) for ledon
    main.o(i.main) refers to drv_spi.o(i.spi_init) for spi_init
    main.o(i.main) refers to drv_time.o(i.time_init) for time_init
    main.o(i.main) refers to drv_i2c.o(i.i2c_init) for i2c_init
    main.o(i.main) refers to drv_pwm.o(i.pwm_init) for pwm_init
    main.o(i.main) refers to drv_pwm.o(i.pwm_set) for pwm_set
    main.o(i.main) refers to sixaxis.o(i.sixaxis_init) for sixaxis_init
    main.o(i.main) refers to sixaxis.o(i.sixaxis_check) for sixaxis_check
[...]
    __lit__00000000                          0x080000c4   Data           4  entry2.o(.ARM.Collect$$$$00002712)
    .text                                    0x080000c8   Section       88  startup_stm32f031.o(.text)
    .text                                    0x08000120   Section        0  uidiv.o(.text)
    .text                                    0x0800014c   Section        0  cpp_init.o(.text)
    .text                                    0x0800016c   Section        0  fadd.o(.text)
    .text                                    0x0800021e   Section        0  fmul.o(.text)
    .text                                    0x08000298   Section        0  fdiv.o(.text)
    .text                                    0x08000314   Section        0  fscalb.o(.text)
    .text                                    0x0800032c   Section        0  fflti.o(.text)
    .text                                    0x08000342   Section        0  ffltui.o(.text)
    .text                                    0x08000350   Section        0  ffixi.o(.text)
    .text                                    0x08000384   Section       20  cfcmple.o(.text)
    .text                                    0x08000398   Section       20  cfrcmple.o(.text)
    .text                                    0x080003ac   Section        0  iusefp.o(.text)
    .text                                    0x080003ac   Section        0  fepilogue.o(.text)
    .text                                    0x08000430   Section       36  init.o(.text)
    .text                                    0x08000454   Section        0  __dczerorl2.o(.text)
    i.ADC_ChannelConfig                      0x080004aa   Section        0  stm32f0xx_adc.o(i.ADC_ChannelConfig)
    i.ADC_Cmd                                0x080004b4   Section        0  stm32f0xx_adc.o(i.ADC_Cmd)
    i.ADC_DMACmd                             0x080004c6   Section        0  stm32f0xx_adc.o(i.ADC_DMACmd)
    i.ADC_DMARequestModeConfig               0x080004da   Section        0  stm32f0xx_adc.o(i.ADC_DMARequestModeConfig)
    i.ADC_GetCalibrationFactor               0x080004ea   Section        0  stm32f0xx_adc.o(i.ADC_GetCalibrationFactor)
    i.ADC_Init                               0x08000518   Section        0  stm32f0xx_adc.o(i.ADC_Init)
    i.ADC_StartOfConversion                  0x08000544   Section        0  stm32f0xx_adc.o(i.ADC_StartOfConversion)
    i.ADC_StructInit                         0x0800054e   Section        0  stm32f0xx_adc.o(i.ADC_StructInit)
    i.ADC_VrefintCmd                         0x08000560   Section        0  stm32f0xx_adc.o(i.ADC_VrefintCmd)
    i.DMA_Cmd                                0x0800057c   Section        0  stm32f0xx_dma.o(i.DMA_Cmd)
    i.DMA_Init                               0x08000594   Section        0  stm32f0xx_dma.o(i.DMA_Init)
    i.FLASH_ErasePage                        0x080005d0   Section        0  stm32f0xx_flash.o(i.FLASH_ErasePage)
    i.FLASH_GetStatus                        0x08000608   Section        0  stm32f0xx_flash.o(i.FLASH_GetStatus)
    i.FLASH_Lock                             0x08000630   Section        0  stm32f0xx_flash.o(i.FLASH_Lock)
    i.FLASH_ProgramWord                      0x08000640   Section        0  stm32f0xx_flash.o(i.FLASH_ProgramWord)
    i.FLASH_Unlock                           0x0800068c   Section        0  stm32f0xx_flash.o(i.FLASH_Unlock)
    i.FLASH_WaitForLastOperation             0x080006ac   Section        0  stm32f0xx_flash.o(i.FLASH_WaitForLastOperation)
    i.GPIO_Init                              0x080006ce   Section        0  stm32f0xx_gpio.o(i.GPIO_Init)
    i.GPIO_PinAFConfig                       0x0800073e   Section        0  stm32f0xx_gpio.o(i.GPIO_PinAFConfig)
    i.GPIO_ResetBits                         0x0800075e   Section        0  stm32f0xx_gpio.o(i.GPIO_ResetBits)
    i.GPIO_SetBits                           0x08000762   Section        0  stm32f0xx_gpio.o(i.GPIO_SetBits)
    i.HardFault_Handler                      0x08000766   Section        0  main.o(i.HardFault_Handler)
    i.I2C_Cmd                                0x0800076c   Section        0  stm32f0xx_i2c.o(i.I2C_Cmd)
    i.I2C_GenerateSTOP                       0x08000780   Section        0  stm32f0xx_i2c.o(i.I2C_GenerateSTOP)
    i.I2C_GetFlagStatus                      0x08000794   Section        0  stm32f0xx_i2c.o(i.I2C_GetFlagStatus)
    i.I2C_Init                               0x080007a4   Section        0  stm32f0xx_i2c.o(i.I2C_Init)
    i.I2C_ReceiveData                        0x08000808   Section        0  stm32f0xx_i2c.o(i.I2C_ReceiveData)
    i.I2C_SendData                           0x0800080e   Section        0  stm32f0xx_i2c.o(i.I2C_SendData)
    i.I2C_TransferHandling                   0x08000814   Section        0  stm32f0xx_i2c.o(i.I2C_TransferHandling)
    i.Q_rsqrt                                0x08000834   Section        0  imu.o(i.Q_rsqrt)
    i.RCC_AHBPeriphClockCmd                  0x08000888   Section        0  stm32f0xx_rcc.o(i.RCC_AHBPeriphClockCmd)
    i.RCC_APB1PeriphClockCmd                 0x080008a0   Section        0  stm32f0xx_rcc.o(i.RCC_APB1PeriphClockCmd)
    i.RCC_APB2PeriphClockCmd                 0x080008b8   Section        0  stm32f0xx_rcc.o(i.RCC_APB2PeriphClockCmd)
    i.RCC_I2CCLKConfig                       0x080008d0   Section        0  stm32f0xx_rcc.o(i.RCC_I2CCLKConfig)
    i.SYSCFG_I2CFastModePlusConfig           0x080008e8   Section        0  stm32f0xx_syscfg.o(i.SYSCFG_I2CFastModePlusConfig)
    i.SetSysClock                            0x08000900   Section        0  system_stm32f0xx.o(i.SetSysClock)
    SetSysClock                              0x08000901   Thumb Code    88  system_stm32f0xx.o(i.SetSysClock)
    i.SysTick_Handler                        0x08000960   Section        0  drv_time.o(i.SysTick_Handler)
    i.SystemInit                             0x08000964   Section        0  system_stm32f0xx.o(i.SystemInit)
    i.TIM_Cmd                                0x080009c4   Section        0  stm32f0xx_tim.o(i.TIM_Cmd)
    i.TIM_CtrlPWMOutputs                     0x080009d8   Section        0  stm32f0xx_tim.o(i.TIM_CtrlPWMOutputs)
    i.TIM_OC1Init                            0x080009f0   Section        0  stm32f0xx_tim.o(i.TIM_OC1Init)
    i.TIM_OC2Init                            0x08000a6c   Section        0  stm32f0xx_tim.o(i.TIM_OC2Init)
    i.TIM_OC4Init                            0x08000afc   Section        0  stm32f0xx_tim.o(i.TIM_OC4Init)
    i.TIM_TimeBaseInit                       0x08000b60   Section        0  stm32f0xx_tim.o(i.TIM_TimeBaseInit)
    i._ZN13filter_kalmanC1Ev                 0x08000bd4   Section        0  filter.o(i._ZN13filter_kalmanC1Ev)
    i._ZN14filter_kalman2C1Ev                0x08000bec   Section        0  filter.o(i._ZN14filter_kalman2C1Ev)
    i._ZN8FilterSPC1Ev                       0x08000c04   Section        0  filter.o(i._ZN8FilterSPC1Ev)
    i.__aeabi_vec_ctor_nocookie_nodtor       0x08000c0a   Section        0  aeabi_vec_ctor_nocookie_nodtor.o(i.__aeabi_vec_ctor_nocookie_nodtor)
    i.__scatterload_copy                     0x08000c2c   Section       14  handlers.o(i.__scatterload_copy)
    i.__scatterload_null                     0x08000c3a   Section        2  handlers.o(i.__scatterload_null)
    i.__scatterload_zeroinit                 0x08000c3c   Section       14  handlers.o(i.__scatterload_zeroinit)
    i.__sti___10_filter_cpp_filter           0x08000c4c   Section        0  filter.o(i.__sti___10_filter_cpp_filter)
    __sti___10_filter_cpp_filter             0x08000c4d   Thumb Code    50  filter.o(i.__sti___10_filter_cpp_filter)
    i.acc_cal                                0x08000c94   Section        0  sixaxis.o(i.acc_cal)
    i.adc_init                               0x08000cf8   Section        0  drv_adc.o(i.adc_init)
    i.adc_read                               0x08000ddc   Section        0  drv_adc.o(i.adc_read)
    i.apid                                   0x08000e40   Section        0  angle_pid.o(i.apid)
    i.atan2approx                            0x08000f10   Section        0  imu.o(i.atan2approx)
    i.beacon_sequence                        0x08000fe0   Section        0  rx_nrf24_bayang_telemetry.o(i.beacon_sequence)
    i.calcmagnitude                          0x0800104c   Section        0  imu.o(i.calcmagnitude)
    i.change_pid_value                       0x08001080   Section        0  pid.o(i.change_pid_value)
    i.check_command                          0x08001104   Section        0  gesture_detect.o(i.check_command)
    i.checkrx                                0x08001128   Section        0  rx_nrf24_bayang_telemetry.o(i.checkrx)
    i.clk_init                               0x080012bc   Section        0  drv_clk.o(i.clk_init)
    i.control                                0x080012c4   Section        0  control.o(i.control)
    i.crc16_update                           0x08001b0c   Section        0  rx_nrf24_bayang_telemetry.o(i.crc16_update)
    i.decodepacket                           0x08001b30   Section        0  rx_nrf24_bayang_telemetry.o(i.decodepacket)
    decodepacket                             0x08001b31   Thumb Code   296  rx_nrf24_bayang_telemetry.o(i.decodepacket)
    i.decrease_pid                           0x08001c7c   Section        0  pid.o(i.decrease_pid)
    i.delay                                  0x08001c86   Section        0  drv_time.o(i.delay)
    i.failloop                               0x08001c9c   Section        0  main.o(i.failloop)
    i.fastcos                                0x08001ce0   Section        0  util.o(i.fastcos)
    i.fastsin                                0x08001cf4   Section        0  util.o(i.fastsin)
    i.flash_get_hard_coded_pid_identifier    0x08001d5c   Section        0  flash.o(i.flash_get_hard_coded_pid_identifier)
    i.flash_hard_coded_pid_identifier        0x08001db0   Section        0  flash.o(i.flash_hard_coded_pid_identifier)
    i.flash_load                             0x08001dc0   Section        0  flash.o(i.flash_load)
    i.flash_save                             0x08001e68   Section        0  flash.o(i.flash_save)
    i.fmc_erase                              0x08001f1c   Section        0  drv_fmc1.o(i.fmc_erase)
    i.fmc_lock                               0x08001f38   Section        0  drv_fmc1.o(i.fmc_lock)
    i.fmc_read                               0x08001f40   Section        0  drv_fmc1.o(i.fmc_read)
    i.fmc_read_float                         0x08001f50   Section        0  drv_fmc1.o(i.fmc_read_float)
    i.fmc_unlock                             0x08001f58   Section        0  drv_fmc1.o(i.fmc_unlock)
    i.fmc_write_float                        0x08001f60   Section        0  drv_fmc1.o(i.fmc_write_float)
    i.gesture_sequence                       0x08001f68   Section        0  gesture_detect.o(i.gesture_sequence)
    i.gestures                               0x08002070   Section        0  gestures.o(i.gestures)
    i.gestures2                              0x08002174   Section        0  gesture_detect.o(i.gestures2)
    i.gettime                                0x08002278   Section        0  drv_time.o(i.gettime)
    i.gpio_init                              0x08002280   Section        0  drv_gpio.o(i.gpio_init)
    i.gyro_cal                               0x080022ac   Section        0  sixaxis.o(i.gyro_cal)
    i.hw_i2c_init                            0x08002448   Section        0  drv_hw_i2c.o(i.hw_i2c_init)
    i.hw_i2c_readdata                        0x080024d8   Section        0  drv_hw_i2c.o(i.hw_i2c_readdata)
    i.hw_i2c_readreg                         0x08002548   Section        0  drv_hw_i2c.o(i.hw_i2c_readreg)
    i.hw_i2c_sendheader                      0x08002558   Section        0  drv_hw_i2c.o(i.hw_i2c_sendheader)
    i.hw_i2c_writereg                        0x080025d4   Section        0  drv_hw_i2c.o(i.hw_i2c_writereg)
    i.i2c_init                               0x0800261c   Section        0  drv_i2c.o(i.i2c_init)
    i.i2c_readdata                           0x08002624   Section        0  drv_i2c.o(i.i2c_readdata)
    i.i2c_readreg                            0x0800262c   Section        0  drv_i2c.o(i.i2c_readreg)
    i.i2c_writereg                           0x08002634   Section        0  drv_i2c.o(i.i2c_writereg)
    i.imu_calc                               0x0800263c   Section        0  imu.o(i.imu_calc)
    i.imu_init                               0x08002824   Section        0  imu.o(i.imu_init)
    i.increase_pid                           0x0800286c   Section        0  pid.o(i.increase_pid)
    i.init_timer                             0x08002876   Section        0  drv_pwm.o(i.init_timer)
    i.led_pwm                                0x08002890   Section        0  led.o(i.led_pwm)
    i.ledflash                               0x08002924   Section        0  led.o(i.ledflash)
    i.ledoff                                 0x0800294c   Section        0  led.o(i.ledoff)
    i.ledon                                  0x08002960   Section        0  led.o(i.ledon)
    i.limitf                                 0x08002974   Section        0  util.o(i.limitf)
    i.lpf                                    0x0800299a   Section        0  util.o(i.lpf)
    i.lpf2                                   0x080029c8   Section        0  pid.o(i.lpf2)
    i.lpfcalc                                0x08002a14   Section        0  util.o(i.lpfcalc)
    i.lpfcalc_hz                             0x08002a38   Section        0  util.o(i.lpfcalc_hz)
    i.lpffilter                              0x08002a5c   Section        0  filter.o(i.lpffilter)
    i.lpffilter2                             0x08002abc   Section        0  filter.o(i.lpffilter2)
    i.main                                   0x08002b1c   Section        0  main.o(i.main)
    i.mapf                                   0x08002f68   Section        0  util.o(i.mapf)
    i.motormap                               0x08002fa2   Section        0  motorcurve.o(i.motormap)
    i.next_pid_axis                          0x08002fa4   Section        0  pid.o(i.next_pid_axis)
    i.next_pid_term                          0x08002fc0   Section        0  pid.o(i.next_pid_term)
    i.nextchannel                            0x08002ff8   Section        0  rx_nrf24_bayang_telemetry.o(i.nextchannel)
    i.nrf24_read_xn297_payload               0x08003018   Section        0  rx_nrf24_bayang_telemetry.o(i.nrf24_read_xn297_payload)
    i.nrf24_set_xn297_address                0x08003090   Section        0  rx_nrf24_bayang_telemetry.o(i.nrf24_set_xn297_address)
    i.nrf24_write_xn297_payload              0x080030ec   Section        0  rx_nrf24_bayang_telemetry.o(i.nrf24_write_xn297_payload)
    i.packettodata                           0x0800311c   Section        0  rx_nrf24_bayang_telemetry.o(i.packettodata)
    i.pid                                    0x0800313c   Section        0  pid.o(i.pid)
    i.pid_precalc                            0x080033f0   Section        0  pid.o(i.pid_precalc)
    i.pwm_init                               0x0800346c   Section        0  drv_pwm.o(i.pwm_init)
    i.pwm_set                                0x08003560   Section        0  drv_pwm.o(i.pwm_set)
    i.rcexpo                                 0x080035c0   Section        0  util.o(i.rcexpo)
    i.rgb_init                               0x08003618   Section        0  drv_rgb.o(i.rgb_init)
    i.rotateErrors                           0x0800361c   Section        0  pid.o(i.rotateErrors)
    i.rx_init                                0x080036c0   Section        0  rx_nrf24_bayang_telemetry.o(i.rx_init)
    i.send_telemetry                         0x08003738   Section        0  rx_nrf24_bayang_telemetry.o(i.send_telemetry)
    i.setclock                               0x080037f4   Section        0  drv_clk.o(i.setclock)
    i.sixaxis_check                          0x08003868   Section        0  sixaxis.o(i.sixaxis_check)
    i.sixaxis_init                           0x0800386c   Section        0  sixaxis.o(i.sixaxis_init)
    i.sixaxis_read                           0x080038c4   Section        0  sixaxis.o(i.sixaxis_read)
    i.spi_csoff                              0x080039b4   Section        0  drv_spi.o(i.spi_csoff)
    i.spi_cson                               0x080039c0   Section        0  drv_spi.o(i.spi_cson)
    i.spi_init                               0x080039cc   Section        0  drv_spi.o(i.spi_init)
    i.spi_sendbyte                           0x08003a0c   Section        0  drv_spi.o(i.spi_sendbyte)
    i.spi_sendrecvbyte                       0x08003a38   Section        0  drv_spi.o(i.spi_sendrecvbyte)
    i.spi_sendzerorecvbyte                   0x08003a74   Section        0  drv_spi.o(i.spi_sendzerorecvbyte)
    i.splpf                                  0x08003aa4   Section        0  filter.o(i.splpf)
    i.stick_vector                           0x08003ae4   Section        0  stickvector.o(i.stick_vector)
    i.swapbits                               0x08003c20   Section        0  rx_nrf24_bayang_telemetry.o(i.swapbits)
    i.time_init                              0x08003c4c   Section        0  drv_time.o(i.time_init)
    i.time_update                            0x08003c78   Section        0  drv_time.o(i.time_update)
    i.writeregs                              0x08003cac   Section        0  rx_nrf24_bayang_telemetry.o(i.writeregs)
    i.writeword                              0x08003cd0   Section        0  drv_fmc1.o(i.writeword)
    i.xn_command                             0x08003cf0   Section        0  drv_xn297.o(i.xn_command)
    i.xn_readpayload                         0x08003d08   Section        0  drv_xn297.o(i.xn_readpayload)
    i.xn_readreg                             0x08003d30   Section        0  drv_xn297.o(i.xn_readreg)
    i.xn_writepayload                        0x08003d4e   Section        0  drv_xn297.o(i.xn_writepayload)
    i.xn_writereg                            0x08003d76   Section        0  drv_xn297.o(i.xn_writereg)
    .constdata                               0x08003d98   Section       77  gesture_detect.o(.constdata)
    .constdata                               0x08003de8   Section       30  rx_nrf24_bayang_telemetry.o(.constdata)
    .constdata                               0x08003e08   Section       24  pid.o(.constdata)
    .init_array                              0x08003e40   Section        4  filter.o(.init_array)
    .init_array                              0x08003e44   Section        0  cpp_init.o(.init_array)
    .data                                    0x20000000   Section       36  control.o(.data)
    throttle_i                               0x20000014   Data           4  control.o(.data)
    .data                                    0x20000024   Section       56  main.o(.data)
    z                                        0x20000048   Data           4  main.o(.data)
    minindex                                 0x2000004c   Data           4  main.o(.data)
    firstrun                                 0x20000050   Data           4  main.o(.data)
    .data                                    0x2000005c   Section        4  main.o(.data)
    .data                                    0x20000060   Section        4  main.o(.data)
    .data                                    0x20000064   Section        4  main.o(.data)
    .data                                    0x20000068   Section        4  main.o(.data)
    .data                                    0x2000006c   Section        4  main.o(.data)
    .data                                    0x20000070   Section        4  main.o(.data)
    .data                                    0x20000074   Section        8  flash.o(.data)
    .data                                    0x2000007c   Section        4  gestures.o(.data)
    .data                                    0x20000080   Section       23  gesture_detect.o(.data)
    gesturetime                              0x2000008c   Data           4  gesture_detect.o(.data)
    .data                                    0x20000098   Section       94  rx_nrf24_bayang_telemetry.o(.data)
    beacon_seq_state                         0x200000c8   Data           4  rx_nrf24_bayang_telemetry.o(.data)
    rxaddr                                   0x200000ec   Data           5  rx_nrf24_bayang_telemetry.o(.data)
    .data                                    0x200000f8   Section       24  led.o(.data)
    loopcount                                0x20000100   Data           4  led.o(.data)
    ds_integrator                            0x20000104   Data           4  led.o(.data)
    .data                                    0x20000110   Section        4  sixaxis.o(.data)
    brightness                               0x20000110   Data           4  sixaxis.o(.data)
    .data                                    0x20000114   Section       20  stickvector.o(.data)
    .data                                    0x20000128   Section       12  imu.o(.data)
    .data                                    0x20000134   Section       36  flip_sequencer.o(.data)
    .data                                    0x20000158   Section        8  filter.o(.data)
    .data                                    0x20000160   Section       72  angle_pid.o(.data)
    .data                                    0x200001a8   Section      104  pid.o(.data)
    two_one_minus_alpha                      0x200001b8   Data           4  pid.o(.data)
    one_minus_alpha_sqr                      0x200001bc   Data           4  pid.o(.data)
    alpha_sqr                                0x200001c0   Data           4  pid.o(.data)
    .data                                    0x20000210   Section       12  pid.o(.data)
    .data                                    0x2000021c   Section        8  drv_adc.o(.data)
    .data                                    0x20000224   Section        4  drv_i2c.o(.data)
    .data                                    0x20000228   Section       12  drv_time.o(.data)
    remainder                                0x20000228   Data           4  drv_time.o(.data)
    .data                                    0x20000234   Section        1  drv_hw_i2c.o(.data)
    i                                        0x20000234   Data           1  drv_hw_i2c.o(.data)
    .bss                                     0x20000238   Section      188  control.o(.bss)
    lastratexx                               0x20000238   Data          64  control.o(.bss)
    .bss                                     0x200002f4   Section      236  main.o(.bss)
    lastout                                  0x20000304   Data          48  main.o(.bss)
    lastin                                   0x20000334   Data          48  main.o(.bss)
    vcomp                                    0x20000364   Data          48  main.o(.bss)
    score                                    0x20000394   Data          48  main.o(.bss)
    .bss                                     0x200003e0   Section       16  main.o(.bss)
    .bss                                     0x200003f0   Section       16  main.o(.bss)
    .bss                                     0x20000400   Section       16  main.o(.bss)
    .bss                                     0x20000410   Section       76  rx_nrf24_bayang_telemetry.o(.bss)
    .bss                                     0x2000045c   Section       48  sixaxis.o(.bss)
    .bss                                     0x2000048c   Section       12  stickvector.o(.bss)
    .bss                                     0x20000498   Section       12  imu.o(.bss)
    .bss                                     0x200004a4   Section       16  flip_sequencer.o(.bss)
    .bss                                     0x200004b4   Section      120  filter.o(.bss)
    .bss                                     0x2000052c   Section      228  pid.o(.bss)
    avgSetpoint                              0x20000598   Data          12  pid.o(.bss)
    count                                    0x200005a4   Data          12  pid.o(.bss)
    lastrate                                 0x200005b0   Data          12  pid.o(.bss)
    lastsetpoint                             0x200005bc   Data          12  pid.o(.bss)
    lasterror                                0x200005e0   Data          12  pid.o(.bss)
    lasterror2                               0x200005ec   Data          12  pid.o(.bss)
    last_out                                 0x200005f8   Data          12  pid.o(.bss)
    last_out2                                0x20000604   Data          12  pid.o(.bss)
    .bss                                     0x20000610   Section       20  drv_pwm.o(.bss)
    STACK                                    0x20000628   Section     1024  startup_stm32f031.o(STACK)

    Global Symbols

    Symbol Name                              Value     Ov Type        Size  Object(Section)

    BuildAttributes$$THM_ISAv3M$S$PE$A:L22$X:L11$S22$IEEE1$IW$USESV6$~STKCKD$USESV7$~SHL$OTIME$ROPI$EBA8$UX$MICROLIB$REQ8$PRES8$EABIv2 0x00000000   Number         0  anon$$obj.o ABSOLUTE
    __ARM_use_no_argv                        0x00000000   Number         0  main.o ABSOLUTE
    SHT$$ARM_EXIDX$$Base                      - Undefined Reference
    SHT$$ARM_EXIDX$$Limit                     - Undefined Reference
    __aeabi_unwind_cpp_pr1                    - Undefined Weak Reference
    __aeabi_unwind_cpp_pr2                    - Undefined Weak Reference
    __cxa_begin_cleanup                       - Undefined Weak Reference
    __cxa_call_unexpected                     - Undefined Weak Reference
    __cxa_finalize                            - Undefined Weak Reference
    __cxa_type_match                          - Undefined Weak Reference
    _clock_init                               - Undefined Weak Reference
    _microlib_exit                            - Undefined Weak Reference
    __Vectors_Size                           0x000000b0   Number         0  startup_stm32f031.o ABSOLUTE
    __Vectors                                0x08000000   Data           4  startup_stm32f031.o(RESET)
    __Vectors_End                            0x080000b0   Data           0  startup_stm32f031.o(RESET)
    __main                                   0x080000b1   Thumb Code     0  entry.o(.ARM.Collect$$$$00000000)
    _main_stk                                0x080000b1   Thumb Code     0  entry2.o(.ARM.Collect$$$$00000001)
    _main_scatterload                        0x080000b5   Thumb Code     0  entry5.o(.ARM.Collect$$$$00000004)
    __main_after_scatterload                 0x080000b9   Thumb Code     0  entry5.o(.ARM.Collect$$$$00000004)
    _main_clock                              0x080000b9   Thumb Code     0  entry7b.o(.ARM.Collect$$$$00000008)
    _main_cpp_init$empty                     0x080000b9   Thumb Code     0  entry8a.o(.ARM.Collect$$$$00000009)
    _main_cpp_init                           0x080000bd   Thumb Code     0  entry8b.o(.ARM.Collect$$$$0000000A)
    _main_init                               0x080000bd   Thumb Code     0  entry9a.o(.ARM.Collect$$$$0000000B)
    __rt_final_cpp                           0x080000c5   Thumb Code     0  entry10a.o(.ARM.Collect$$$$0000000D)
    __rt_final_exit                          0x080000c5   Thumb Code     0  entry11a.o(.ARM.Collect$$$$0000000F)
    Reset_Handler                            0x080000c9   Thumb Code    38  startup_stm32f031.o(.text)
    NMI_Handler                              0x080000ef   Thumb Code     2  startup_stm32f031.o(.text)
    SVC_Handler                              0x080000f3   Thumb Code     2  startup_stm32f031.o(.text)
    PendSV_Handler                           0x080000f5   Thumb Code     2  startup_stm32f031.o(.text)
    ADC1_IRQHandler                          0x080000f9   Thumb Code     0  startup_stm32f031.o(.text)
    DMA1_Channel1_IRQHandler                 0x080000f9   Thumb Code     0  startup_stm32f031.o(.text)
    DMA1_Channel2_3_IRQHandler               0x080000f9   Thumb Code     0  startup_stm32f031.o(.text)
    DMA1_Channel4_5_IRQHandler               0x080000f9   Thumb Code     0  startup_stm32f031.o(.text)
    EXTI0_1_IRQHandler                       0x080000f9   Thumb Code     0  startup_stm32f031.o(.text)
    EXTI2_3_IRQHandler                       0x080000f9   Thumb Code     0  startup_stm32f031.o(.text)
    EXTI4_15_IRQHandler                      0x080000f9   Thumb Code     0  startup_stm32f031.o(.text)
    FLASH_IRQHandler                         0x080000f9   Thumb Code     0  startup_stm32f031.o(.text)
    I2C1_IRQHandler                          0x080000f9   Thumb Code     0  startup_stm32f031.o(.text)
    PVD_IRQHandler                           0x080000f9   Thumb Code     0  startup_stm32f031.o(.text)
    RCC_IRQHandler                           0x080000f9   Thumb Code     0  startup_stm32f031.o(.text)
    RTC_IRQHandler                           0x080000f9   Thumb Code     0  startup_stm32f031.o(.text)
    SPI1_IRQHandler                          0x080000f9   Thumb Code     0  startup_stm32f031.o(.text)
    TIM14_IRQHandler                         0x080000f9   Thumb Code     0  startup_stm32f031.o(.text)
    TIM16_IRQHandler                         0x080000f9   Thumb Code     0  startup_stm32f031.o(.text)
    TIM17_IRQHandler                         0x080000f9   Thumb Code     0  startup_stm32f031.o(.text)
    TIM1_BRK_UP_TRG_COM_IRQHandler           0x080000f9   Thumb Code     0  startup_stm32f031.o(.text)
    TIM1_CC_IRQHandler                       0x080000f9   Thumb Code     0  startup_stm32f031.o(.text)
    TIM2_IRQHandler                          0x080000f9   Thumb Code     0  startup_stm32f031.o(.text)
    TIM3_IRQHandler                          0x080000f9   Thumb Code     0  startup_stm32f031.o(.text)
    USART1_IRQHandler                        0x080000f9   Thumb Code     0  startup_stm32f031.o(.text)
    WWDG_IRQHandler                          0x080000f9   Thumb Code     0  startup_stm32f031.o(.text)
    __aeabi_uidiv                            0x08000121   Thumb Code     0  uidiv.o(.text)
    __aeabi_uidivmod                         0x08000121   Thumb Code    44  uidiv.o(.text)
    __cpp_initialize__aeabi_                 0x0800014d   Thumb Code    22  cpp_init.o(.text)
    __aeabi_fadd                             0x0800016d   Thumb Code   162  fadd.o(.text)
    __aeabi_fsub                             0x0800020f   Thumb Code     8  fadd.o(.text)
    __aeabi_frsub                            0x08000217   Thumb Code     8  fadd.o(.text)
    __aeabi_fmul                             0x0800021f   Thumb Code   122  fmul.o(.text)
    __aeabi_fdiv                             0x08000299   Thumb Code   124  fdiv.o(.text)
    __ARM_scalbnf                            0x08000315   Thumb Code    24  fscalb.o(.text)
    scalbnf                                  0x08000315   Thumb Code     0  fscalb.o(.text)
    __aeabi_i2f                              0x0800032d   Thumb Code    22  fflti.o(.text)
    __aeabi_ui2f                             0x08000343   Thumb Code    14  ffltui.o(.text)
    __aeabi_f2iz                             0x08000351   Thumb Code    50  ffixi.o(.text)
    __aeabi_cfcmpeq                          0x08000385   Thumb Code     0  cfcmple.o(.text)
    __aeabi_cfcmple                          0x08000385   Thumb Code    20  cfcmple.o(.text)
    __aeabi_cfrcmple                         0x08000399   Thumb Code    20  cfrcmple.o(.text)
    __I$use$fp                               0x080003ad   Thumb Code     0  iusefp.o(.text)
    _float_round                             0x080003ad   Thumb Code    16  fepilogue.o(.text)
    _float_epilogue                          0x080003bd   Thumb Code   114  fepilogue.o(.text)
    __scatterload                            0x08000431   Thumb Code    28  init.o(.text)
    __scatterload_rt2                        0x08000431   Thumb Code     0  init.o(.text)
    __decompress                             0x08000455   Thumb Code     0  __dczerorl2.o(.text)
    __decompress1                            0x08000455   Thumb Code    86  __dczerorl2.o(.text)
    ADC_ChannelConfig                        0x080004ab   Thumb Code    10  stm32f0xx_adc.o(i.ADC_ChannelConfig)
    ADC_Cmd                                  0x080004b5   Thumb Code    18  stm32f0xx_adc.o(i.ADC_Cmd)
    ADC_DMACmd                               0x080004c7   Thumb Code    20  stm32f0xx_adc.o(i.ADC_DMACmd)
    ADC_DMARequestModeConfig                 0x080004db   Thumb Code    16  stm32f0xx_adc.o(i.ADC_DMARequestModeConfig)
    ADC_GetCalibrationFactor                 0x080004eb   Thumb Code    46  stm32f0xx_adc.o(i.ADC_GetCalibrationFactor)
    ADC_Init                                 0x08000519   Thumb Code    38  stm32f0xx_adc.o(i.ADC_Init)
    ADC_StartOfConversion                    0x08000545   Thumb Code    10  stm32f0xx_adc.o(i.ADC_StartOfConversion)
    ADC_StructInit                           0x0800054f   Thumb Code    16  stm32f0xx_adc.o(i.ADC_StructInit)
    ADC_VrefintCmd                           0x08000561   Thumb Code    22  stm32f0xx_adc.o(i.ADC_VrefintCmd)
    DMA_Cmd                                  0x0800057d   Thumb Code    20  stm32f0xx_dma.o(i.DMA_Cmd)
    DMA_Init                                 0x08000595   Thumb Code    56  stm32f0xx_dma.o(i.DMA_Init)
    FLASH_ErasePage                          0x080005d1   Thumb Code    52  stm32f0xx_flash.o(i.FLASH_ErasePage)
    FLASH_GetStatus                          0x08000609   Thumb Code    34  stm32f0xx_flash.o(i.FLASH_GetStatus)
    FLASH_Lock                               0x08000631   Thumb Code    12  stm32f0xx_flash.o(i.FLASH_Lock)
    FLASH_ProgramWord                        0x08000641   Thumb Code    70  stm32f0xx_flash.o(i.FLASH_ProgramWord)
    FLASH_Unlock                             0x0800068d   Thumb Code    18  stm32f0xx_flash.o(i.FLASH_Unlock)
    FLASH_WaitForLastOperation               0x080006ad   Thumb Code    34  stm32f0xx_flash.o(i.FLASH_WaitForLastOperation)
    GPIO_Init                                0x080006cf   Thumb Code   112  stm32f0xx_gpio.o(i.GPIO_Init)
    GPIO_PinAFConfig                         0x0800073f   Thumb Code    32  stm32f0xx_gpio.o(i.GPIO_PinAFConfig)
    GPIO_ResetBits                           0x0800075f   Thumb Code     4  stm32f0xx_gpio.o(i.GPIO_ResetBits)
    GPIO_SetBits                             0x08000763   Thumb Code     4  stm32f0xx_gpio.o(i.GPIO_SetBits)
    HardFault_Handler                        0x08000767   Thumb Code     6  main.o(i.HardFault_Handler)
    I2C_Cmd                                  0x0800076d   Thumb Code    20  stm32f0xx_i2c.o(i.I2C_Cmd)
    I2C_GenerateSTOP                         0x08000781   Thumb Code    20  stm32f0xx_i2c.o(i.I2C_GenerateSTOP)
    I2C_GetFlagStatus                        0x08000795   Thumb Code    14  stm32f0xx_i2c.o(i.I2C_GetFlagStatus)
    I2C_Init                                 0x080007a5   Thumb Code    92  stm32f0xx_i2c.o(i.I2C_Init)
    I2C_ReceiveData                          0x08000809   Thumb Code     6  stm32f0xx_i2c.o(i.I2C_ReceiveData)
    I2C_SendData                             0x0800080f   Thumb Code     4  stm32f0xx_i2c.o(i.I2C_SendData)
    I2C_TransferHandling                     0x08000815   Thumb Code    28  stm32f0xx_i2c.o(i.I2C_TransferHandling)
    Q_rsqrt                                  0x08000835   Thumb Code    80  imu.o(i.Q_rsqrt)
    RCC_AHBPeriphClockCmd                    0x08000889   Thumb Code    18  stm32f0xx_rcc.o(i.RCC_AHBPeriphClockCmd)
    RCC_APB1PeriphClockCmd                   0x080008a1   Thumb Code    18  stm32f0xx_rcc.o(i.RCC_APB1PeriphClockCmd)
    RCC_APB2PeriphClockCmd                   0x080008b9   Thumb Code    18  stm32f0xx_rcc.o(i.RCC_APB2PeriphClockCmd)
    RCC_I2CCLKConfig                         0x080008d1   Thumb Code    18  stm32f0xx_rcc.o(i.RCC_I2CCLKConfig)
    SYSCFG_I2CFastModePlusConfig             0x080008e9   Thumb Code    18  stm32f0xx_syscfg.o(i.SYSCFG_I2CFastModePlusConfig)
    SysTick_Handler                          0x08000961   Thumb Code     2  drv_time.o(i.SysTick_Handler)
    SystemInit                               0x08000965   Thumb Code    84  system_stm32f0xx.o(i.SystemInit)
    TIM_Cmd                                  0x080009c5   Thumb Code    20  stm32f0xx_tim.o(i.TIM_Cmd)
    TIM_CtrlPWMOutputs                       0x080009d9   Thumb Code    24  stm32f0xx_tim.o(i.TIM_CtrlPWMOutputs)
    TIM_OC1Init                              0x080009f1   Thumb Code   104  stm32f0xx_tim.o(i.TIM_OC1Init)
    TIM_OC2Init                              0x08000a6d   Thumb Code   124  stm32f0xx_tim.o(i.TIM_OC2Init)
    TIM_OC4Init                              0x08000afd   Thumb Code    78  stm32f0xx_tim.o(i.TIM_OC4Init)
    TIM_TimeBaseInit                         0x08000b61   Thumb Code    88  stm32f0xx_tim.o(i.TIM_TimeBaseInit)
    filter_kalman::filter_kalman()           0x08000bd5   Thumb Code    14  filter.o(i._ZN13filter_kalmanC1Ev)
    filter_kalman::filter_kalman__sub_object() 0x08000bd5   Thumb Code     0  filter.o(i._ZN13filter_kalmanC1Ev)
    filter_kalman2::filter_kalman2()         0x08000bed   Thumb Code    14  filter.o(i._ZN14filter_kalman2C1Ev)
    filter_kalman2::filter_kalman2__sub_object() 0x08000bed   Thumb Code     0  filter.o(i._ZN14filter_kalman2C1Ev)
    FilterSP::FilterSP()                     0x08000c05   Thumb Code     6  filter.o(i._ZN8FilterSPC1Ev)
    FilterSP::FilterSP__sub_object()         0x08000c05   Thumb Code     0  filter.o(i._ZN8FilterSPC1Ev)
    __aeabi_vec_ctor_nocookie_nodtor         0x08000c0b   Thumb Code    34  aeabi_vec_ctor_nocookie_nodtor.o(i.__aeabi_vec_ctor_nocookie_nodtor)
    __scatterload_copy                       0x08000c2d   Thumb Code    14  handlers.o(i.__scatterload_copy)
    __scatterload_null                       0x08000c3b   Thumb Code     2  handlers.o(i.__scatterload_null)
    __scatterload_zeroinit                   0x08000c3d   Thumb Code    14  handlers.o(i.__scatterload_zeroinit)
    acc_cal                                  0x08000c95   Thumb Code    88  sixaxis.o(i.acc_cal)
    adc_init                                 0x08000cf9   Thumb Code   210  drv_adc.o(i.adc_init)
    adc_read                                 0x08000ddd   Thumb Code    84  drv_adc.o(i.adc_read)
    apid                                     0x08000e41   Thumb Code   198  angle_pid.o(i.apid)
    atan2approx                              0x08000f11   Thumb Code   174  imu.o(i.atan2approx)
    beacon_sequence                          0x08000fe1   Thumb Code    98  rx_nrf24_bayang_telemetry.o(i.beacon_sequence)
    calcmagnitude                            0x0800104d   Thumb Code    50  imu.o(i.calcmagnitude)
    change_pid_value                         0x08001081   Thumb Code   116  pid.o(i.change_pid_value)
    check_command                            0x08001105   Thumb Code    34  gesture_detect.o(i.check_command)
    checkrx                                  0x08001129   Thumb Code   384  rx_nrf24_bayang_telemetry.o(i.checkrx)
    clk_init                                 0x080012bd   Thumb Code     8  drv_clk.o(i.clk_init)
    control                                  0x080012c5   Thumb Code  1996  control.o(i.control)
    crc16_update                             0x08001b0d   Thumb Code    32  rx_nrf24_bayang_telemetry.o(i.crc16_update)
    decrease_pid                             0x08001c7d   Thumb Code    10  pid.o(i.decrease_pid)
    delay                                    0x08001c87   Thumb Code    20  drv_time.o(i.delay)
    failloop                                 0x08001c9d   Thumb Code    64  main.o(i.failloop)
    fastcos                                  0x08001ce1   Thumb Code    14  util.o(i.fastcos)
    fastsin                                  0x08001cf5   Thumb Code    82  util.o(i.fastsin)
    flash_get_hard_coded_pid_identifier      0x08001d5d   Thumb Code    74  flash.o(i.flash_get_hard_coded_pid_identifier)
    flash_hard_coded_pid_identifier          0x08001db1   Thumb Code    12  flash.o(i.flash_hard_coded_pid_identifier)
    flash_load                               0x08001dc1   Thumb Code   144  flash.o(i.flash_load)
    flash_save                               0x08001e69   Thumb Code   154  flash.o(i.flash_save)
    fmc_erase                                0x08001f1d   Thumb Code    24  drv_fmc1.o(i.fmc_erase)
    fmc_lock                                 0x08001f39   Thumb Code     8  drv_fmc1.o(i.fmc_lock)
    fmc_read                                 0x08001f41   Thumb Code    10  drv_fmc1.o(i.fmc_read)
    fmc_read_float                           0x08001f51   Thumb Code     8  drv_fmc1.o(i.fmc_read_float)
    fmc_unlock                               0x08001f59   Thumb Code     8  drv_fmc1.o(i.fmc_unlock)
    fmc_write_float                          0x08001f61   Thumb Code     8  drv_fmc1.o(i.fmc_write_float)
    gesture_sequence                         0x08001f69   Thumb Code   254  gesture_detect.o(i.gesture_sequence)
    gestures                                 0x08002071   Thumb Code   226  gestures.o(i.gestures)
    gestures2                                0x08002175   Thumb Code   224  gesture_detect.o(i.gestures2)
    gettime                                  0x08002279   Thumb Code     8  drv_time.o(i.gettime)
    gpio_init                                0x08002281   Thumb Code    40  drv_gpio.o(i.gpio_init)
    gyro_cal                                 0x080022ad   Thumb Code   370  sixaxis.o(i.gyro_cal)
    hw_i2c_init                              0x08002449   Thumb Code   134  drv_hw_i2c.o(i.hw_i2c_init)
    hw_i2c_readdata                          0x080024d9   Thumb Code   100  drv_hw_i2c.o(i.hw_i2c_readdata)
    hw_i2c_readreg                           0x08002549   Thumb Code    14  drv_hw_i2c.o(i.hw_i2c_readreg)
    hw_i2c_sendheader                        0x08002559   Thumb Code   116  drv_hw_i2c.o(i.hw_i2c_sendheader)
    hw_i2c_writereg                          0x080025d5   Thumb Code    62  drv_hw_i2c.o(i.hw_i2c_writereg)
    i2c_init                                 0x0800261d   Thumb Code     8  drv_i2c.o(i.i2c_init)
    i2c_readdata                             0x08002625   Thumb Code     8  drv_i2c.o(i.i2c_readdata)
    i2c_readreg                              0x0800262d   Thumb Code     8  drv_i2c.o(i.i2c_readreg)
    i2c_writereg                             0x08002635   Thumb Code     8  drv_i2c.o(i.i2c_writereg)
    imu_calc                                 0x0800263d   Thumb Code   442  imu.o(i.imu_calc)
    imu_init                                 0x08002825   Thumb Code    58  imu.o(i.imu_init)
    increase_pid                             0x0800286d   Thumb Code    10  pid.o(i.increase_pid)
    init_timer                               0x08002877   Thumb Code    24  drv_pwm.o(i.init_timer)
    led_pwm                                  0x08002891   Thumb Code   130  led.o(i.led_pwm)
    ledflash                                 0x08002925   Thumb Code    40  led.o(i.ledflash)
    ledoff                                   0x0800294d   Thumb Code    16  led.o(i.ledoff)
    ledon                                    0x08002961   Thumb Code    16  led.o(i.ledon)
    limitf                                   0x08002975   Thumb Code    38  util.o(i.limitf)
    lpf                                      0x0800299b   Thumb Code    44  util.o(i.lpf)
    lpf2                                     0x080029c9   Thumb Code    68  pid.o(i.lpf2)
    lpfcalc                                  0x08002a15   Thumb Code    36  util.o(i.lpfcalc)
    lpfcalc_hz                               0x08002a39   Thumb Code    36  util.o(i.lpfcalc_hz)
    lpffilter                                0x08002a5d   Thumb Code    92  filter.o(i.lpffilter)
    lpffilter2                               0x08002abd   Thumb Code    92  filter.o(i.lpffilter2)
    main                                     0x08002b1d   Thumb Code   994  main.o(i.main)
    mapf                                     0x08002f69   Thumb Code    58  util.o(i.mapf)
    motormap                                 0x08002fa3   Thumb Code     2  motorcurve.o(i.motormap)
    next_pid_axis                            0x08002fa5   Thumb Code    22  pid.o(i.next_pid_axis)
    next_pid_term                            0x08002fc1   Thumb Code    52  pid.o(i.next_pid_term)
    nextchannel                              0x08002ff9   Thumb Code    26  rx_nrf24_bayang_telemetry.o(i.nextchannel)
    nrf24_read_xn297_payload                 0x08003019   Thumb Code   108  rx_nrf24_bayang_telemetry.o(i.nrf24_read_xn297_payload)
    nrf24_set_xn297_address                  0x08003091   Thumb Code    80  rx_nrf24_bayang_telemetry.o(i.nrf24_set_xn297_address)
    nrf24_write_xn297_payload                0x080030ed   Thumb Code    44  rx_nrf24_bayang_telemetry.o(i.nrf24_write_xn297_payload)
    packettodata                             0x0800311d   Thumb Code    32  rx_nrf24_bayang_telemetry.o(i.packettodata)
    pid                                      0x0800313d   Thumb Code   638  pid.o(i.pid)
    pid_precalc                              0x080033f1   Thumb Code    82  pid.o(i.pid_precalc)
    pwm_init                                 0x0800346d   Thumb Code   222  drv_pwm.o(i.pwm_init)
    pwm_set                                  0x08003561   Thumb Code    80  drv_pwm.o(i.pwm_set)
    rcexpo                                   0x080035c1   Thumb Code    82  util.o(i.rcexpo)
    rgb_init                                 0x08003619   Thumb Code     2  drv_rgb.o(i.rgb_init)
    rotateErrors                             0x0800361d   Thumb Code   150  pid.o(i.rotateErrors)
    rx_init                                  0x080036c1   Thumb Code   112  rx_nrf24_bayang_telemetry.o(i.rx_init)
    send_telemetry                           0x08003739   Thumb Code   168  rx_nrf24_bayang_telemetry.o(i.send_telemetry)
    setclock                                 0x080037f5   Thumb Code   110  drv_clk.o(i.setclock)
    sixaxis_check                            0x08003869   Thumb Code     4  sixaxis.o(i.sixaxis_check)
    sixaxis_init                             0x0800386d   Thumb Code    84  sixaxis.o(i.sixaxis_init)
    sixaxis_read                             0x080038c5   Thumb Code   228  sixaxis.o(i.sixaxis_read)
    spi_csoff                                0x080039b5   Thumb Code    10  drv_spi.o(i.spi_csoff)
    spi_cson                                 0x080039c1   Thumb Code     8  drv_spi.o(i.spi_cson)
    spi_init                                 0x080039cd   Thumb Code    62  drv_spi.o(i.spi_init)
    spi_sendbyte                             0x08003a0d   Thumb Code    40  drv_spi.o(i.spi_sendbyte)
    spi_sendrecvbyte                         0x08003a39   Thumb Code    54  drv_spi.o(i.spi_sendrecvbyte)
    spi_sendzerorecvbyte                     0x08003a75   Thumb Code    42  drv_spi.o(i.spi_sendzerorecvbyte)
    splpf                                    0x08003aa5   Thumb Code    50  filter.o(i.splpf)
    stick_vector                             0x08003ae5   Thumb Code   286  stickvector.o(i.stick_vector)
    swapbits                                 0x08003c21   Thumb Code    32  rx_nrf24_bayang_telemetry.o(i.swapbits)
    time_init                                0x08003c4d   Thumb Code    32  drv_time.o(i.time_init)
    time_update                              0x08003c79   Thumb Code    44  drv_time.o(i.time_update)
    writeregs                                0x08003cad   Thumb Code    34  rx_nrf24_bayang_telemetry.o(i.writeregs)
    writeword                                0x08003cd1   Thumb Code    28  drv_fmc1.o(i.writeword)
    xn_command                               0x08003cf1   Thumb Code    24  drv_xn297.o(i.xn_command)
    xn_readpayload                           0x08003d09   Thumb Code    40  drv_xn297.o(i.xn_readpayload)
    xn_readreg                               0x08003d31   Thumb Code    30  drv_xn297.o(i.xn_readreg)
    xn_writepayload                          0x08003d4f   Thumb Code    40  drv_xn297.o(i.xn_writepayload)
    xn_writereg                              0x08003d77   Thumb Code    34  drv_xn297.o(i.xn_writereg)
    command11                                0x08003d98   Data           7  gesture_detect.o(.constdata)
    command10                                0x08003d9f   Data           7  gesture_detect.o(.constdata)
    command9                                 0x08003da6   Data           7  gesture_detect.o(.constdata)
    command1                                 0x08003dad   Data           7  gesture_detect.o(.constdata)
    command2                                 0x08003db4   Data           7  gesture_detect.o(.constdata)
    command3                                 0x08003dbb   Data           7  gesture_detect.o(.constdata)
    command8                                 0x08003dc2   Data           7  gesture_detect.o(.constdata)
    command4                                 0x08003dc9   Data           7  gesture_detect.o(.constdata)
    command5                                 0x08003dd0   Data           7  gesture_detect.o(.constdata)
    command6                                 0x08003dd7   Data           7  gesture_detect.o(.constdata)
    command7                                 0x08003dde   Data           7  gesture_detect.o(.constdata)
    xn297_scramble                           0x08003dee   Data          24  rx_nrf24_bayang_telemetry.o(.constdata)
    outlimit                                 0x08003e08   Data          12  pid.o(.constdata)
    integrallimit                            0x08003e14   Data          12  pid.o(.constdata)
    Region$$Table$$Base                      0x08003e20   Number         0  anon$$obj.o(Region$$Table)
    Region$$Table$$Limit                     0x08003e40   Number         0  anon$$obj.o(Region$$Table)
    SHT$$INIT_ARRAY$$Base                    0x08003e40   Number         0  filter.o(.init_array)
    SHT$$INIT_ARRAY$$Limit                   0x08003e44   Number         0  cpp_init.o(.init_array)
    onground                                 0x20000000   Data           4  control.o(.data)
    onground_long                            0x20000004   Data           4  control.o(.data)
    overthrottlefilt                         0x20000008   Data           4  control.o(.data)
    underthrottlefilt                        0x2000000c   Data           4  control.o(.data)
    R                                        0x20000010   Data           4  control.o(.data)
    throttle                                 0x20000018   Data           4  control.o(.data)
    idle_state                               0x2000001c   Data           4  control.o(.data)
    thrsum                                   0x20000020   Data           4  control.o(.data)
    vbattfilt                                0x20000024   Data           4  main.o(.data)
    vbatt_comp                               0x20000028   Data           4  main.o(.data)
    vreffilt                                 0x2000002c   Data           4  main.o(.data)
    thrfilt                                  0x20000030   Data           4  main.o(.data)
    lowbatt                                  0x20000034   Data           4  main.o(.data)
    lipo_cell_count                          0x20000038   Data           4  main.o(.data)
    ledcommand                               0x2000003c   Data           4  main.o(.data)
    ledblink                                 0x20000040   Data           4  main.o(.data)
    ledcommandtime                           0x20000044   Data           4  main.o(.data)
    looptime                                 0x20000054   Data           4  main.o(.data)
    lastlooptime                             0x20000058   Data           4  main.o(.data)
    binding_while_armed                      0x2000005c   Data           4  main.o(.data)
    flash_feature_2                          0x20000060   Data           4  main.o(.data)
    flash_feature_3                          0x20000064   Data           4  main.o(.data)
    in_air                                   0x20000068   Data           4  main.o(.data)
    armed_state                              0x2000006c   Data           4  main.o(.data)
    arming_release                           0x20000070   Data           4  main.o(.data)
    initial_pid_identifier                   0x20000074   Data           4  flash.o(.data)
    saved_pid_identifier                     0x20000078   Data           4  flash.o(.data)
    pid_gestures_used                        0x2000007c   Data           4  gestures.o(.data)
    gesture_start                            0x20000080   Data           4  gesture_detect.o(.data)
    lastgesture                              0x20000084   Data           4  gesture_detect.o(.data)
    setgesture                               0x20000088   Data           4  gesture_detect.o(.data)
    gbuffer                                  0x20000090   Data           7  gesture_detect.o(.data)
    crc_addr                                 0x20000098   Data           2  rx_nrf24_bayang_telemetry.o(.data)
    crc_error                                0x2000009c   Data           4  rx_nrf24_bayang_telemetry.o(.data)
    rxmode                                   0x200000a0   Data           4  rx_nrf24_bayang_telemetry.o(.data)
    rf_chan                                  0x200000a4   Data           4  rx_nrf24_bayang_telemetry.o(.data)
    rx_ready                                 0x200000a8   Data           4  rx_nrf24_bayang_telemetry.o(.data)
    bind_safety                              0x200000ac   Data           4  rx_nrf24_bayang_telemetry.o(.data)
    telemetry_send                           0x200000b0   Data           4  rx_nrf24_bayang_telemetry.o(.data)
    failsafe                                 0x200000b4   Data           4  rx_nrf24_bayang_telemetry.o(.data)
    skipchannel                              0x200000b8   Data           4  rx_nrf24_bayang_telemetry.o(.data)
    timingfail                               0x200000bc   Data           4  rx_nrf24_bayang_telemetry.o(.data)
    telemetry_enabled                        0x200000c0   Data           4  rx_nrf24_bayang_telemetry.o(.data)
    packet_period                            0x200000c4   Data           4  rx_nrf24_bayang_telemetry.o(.data)
    rfchannel                                0x200000cc   Data           4  rx_nrf24_bayang_telemetry.o(.data)
    packetrx                                 0x200000d0   Data           4  rx_nrf24_bayang_telemetry.o(.data)
    packetpersecond                          0x200000d4   Data           4  rx_nrf24_bayang_telemetry.o(.data)
    send_time                                0x200000d8   Data           4  rx_nrf24_bayang_telemetry.o(.data)
    lastrxtime                               0x200000dc   Data           4  rx_nrf24_bayang_telemetry.o(.data)
    failsafetime                             0x200000e0   Data           4  rx_nrf24_bayang_telemetry.o(.data)
    secondtimer                              0x200000e4   Data           4  rx_nrf24_bayang_telemetry.o(.data)
    lastrxchan                               0x200000e8   Data           4  rx_nrf24_bayang_telemetry.o(.data)
    rxaddr                                   0x200000f1   Data           5  rx_nrf24_bayang_telemetry.o(.data)
    ledlevel                                 0x200000f8   Data           4  led.o(.data)
    lastledbrightness                        0x200000fc   Data           4  led.o(.data)
    lastledtime                              0x20000108   Data           4  led.o(.data)
    debug_led                                0x2000010c   Data           4  led.o(.data)
    last_rx                                  0x20000114   Data           8  stickvector.o(.data)
    stickvector                              0x2000011c   Data          12  stickvector.o(.data)
    GEstG                                    0x20000128   Data          12  imu.o(.data)
    acro_override                            0x20000134   Data           4  flip_sequencer.o(.data)
    level_override                           0x20000138   Data           4  flip_sequencer.o(.data)
    controls_override                        0x2000013c   Data           4  flip_sequencer.o(.data)
    isflipping                               0x20000140   Data           4  flip_sequencer.o(.data)
    flipstage                                0x20000144   Data           4  flip_sequencer.o(.data)
    flipindex                                0x20000148   Data           4  flip_sequencer.o(.data)
    flipdir                                  0x2000014c   Data           4  flip_sequencer.o(.data)
    fliptime                                 0x20000150   Data           4  flip_sequencer.o(.data)
    levelmodetime                            0x20000154   Data           4  flip_sequencer.o(.data)
    throttlehpf1                             0x20000158   Data           8  filter.o(.data)
    apidkp1                                  0x20000160   Data           8  angle_pid.o(.data)
    apidkd1                                  0x20000168   Data           8  angle_pid.o(.data)
    apidkp2                                  0x20000170   Data           8  angle_pid.o(.data)
    apidkd2                                  0x20000178   Data           8  angle_pid.o(.data)
    apidoutput1                              0x20000180   Data           8  angle_pid.o(.data)
    apidoutput2                              0x20000188   Data           8  angle_pid.o(.data)
    angleerror                               0x20000190   Data           8  angle_pid.o(.data)
    lasterror                                0x20000198   Data           8  angle_pid.o(.data)
    apidoutput                               0x200001a0   Data           8  angle_pid.o(.data)
    current_pid_axis                         0x200001a8   Data           4  pid.o(.data)
    current_pid_term                         0x200001ac   Data           4  pid.o(.data)
    current_pid_term_pointer                 0x200001b0   Data           4  pid.o(.data)
    v_compensation                           0x200001b4   Data           4  pid.o(.data)
    timefactor                               0x200001c4   Data           4  pid.o(.data)
    stickAcceleratorProfileB                 0x200001c8   Data          12  pid.o(.data)
    stickTransitionProfileB                  0x200001d4   Data          12  pid.o(.data)
    pidkp                                    0x200001e0   Data          12  pid.o(.data)
    pidki                                    0x200001ec   Data          12  pid.o(.data)
    pidkd                                    0x200001f8   Data          12  pid.o(.data)
    b                                        0x20000204   Data          12  pid.o(.data)
    pids_array                               0x20000210   Data          12  pid.o(.data)
    adcarray                                 0x2000021c   Data           4  drv_adc.o(.data)
    vref_cal                                 0x20000220   Data           4  drv_adc.o(.data)
    liberror                                 0x20000224   Data           4  drv_i2c.o(.data)
    lastticks                                0x2000022c   Data           4  drv_time.o(.data)
    globalticks                              0x20000230   Data           4  drv_time.o(.data)
    error                                    0x20000278   Data          12  control.o(.bss)
    rxcopy                                   0x20000284   Data          16  control.o(.bss)
    motor_filt                               0x20000294   Data          16  control.o(.bss)
    hann_lastsample                          0x200002a4   Data          16  control.o(.bss)
    hann_lastsample2                         0x200002b4   Data          16  control.o(.bss)
    x_est_last                               0x200002c4   Data          16  control.o(.bss)
    P_last                                   0x200002d4   Data          16  control.o(.bss)
    clip_feedforward                         0x200002e4   Data          16  control.o(.bss)
    aux                                      0x200002f4   Data          16  main.o(.bss)
    debug                                    0x200003c4   Data          28  main.o(.bss)
    rx                                       0x200003e0   Data          16  main.o(.bss)
    lastaux                                  0x200003f0   Data          16  main.o(.bss)
    auxchange                                0x20000400   Data          16  main.o(.bss)
    rxdata                                   0x20000410   Data          76  rx_nrf24_bayang_telemetry.o(.bss)
    accel                                    0x2000045c   Data          12  sixaxis.o(.bss)
    gyro                                     0x20000468   Data          12  sixaxis.o(.bss)
    accelcal                                 0x20000474   Data          12  sixaxis.o(.bss)
    gyrocal                                  0x20000480   Data          12  sixaxis.o(.bss)
    errorvect                                0x2000048c   Data          12  stickvector.o(.bss)
    attitude                                 0x20000498   Data          12  imu.o(.bss)
    rx_override                              0x200004a4   Data          16  flip_sequencer.o(.bss)
    filter                                   0x200004b4   Data          48  filter.o(.bss)
    filter2                                  0x200004e4   Data          48  filter.o(.bss)
    spfilter                                 0x20000514   Data          24  filter.o(.bss)
    stickAcceleratorProfileA                 0x2000052c   Data          12  pid.o(.bss)
    stickTransitionProfileA                  0x20000538   Data          12  pid.o(.bss)
    pidkp_init                               0x20000544   Data          12  pid.o(.bss)
    pidki_init                               0x20000550   Data          12  pid.o(.bss)
    pidkd_init                               0x2000055c   Data          12  pid.o(.bss)
    number_of_increments                     0x20000568   Data          36  pid.o(.bss)
    ierror                                   0x2000058c   Data          12  pid.o(.bss)
    pidoutput                                0x200005c8   Data          12  pid.o(.bss)
    setpoint                                 0x200005d4   Data          12  pid.o(.bss)
    TIM_OCInitStructure                      0x20000610   Data          20  drv_pwm.o(.bss)
    __initial_sp                             0x20000a28   Data           0  startup_stm32f031.o(STACK)



==============================================================================

Memory Map of the image

  Image Entry point : 0x080000c9

  Load Region LR_1 (Base: 0x08000000, Size: 0x0000407c, Max: 0xffffffff, ABSOLUTE, COMPRESSED[0x00003ed8])

    Execution Region ER_RO (Exec base: 0x08000000, Load base: 0x08000000, Size: 0x00003e44, Max: 0xffffffff, ABSOLUTE)

    Exec Addr    Load Addr    Size         Type   Attr      Idx    E Section Name        Object

    0x08000000   0x08000000   0x000000b0   Data   RO         1910    RESET               startup_stm32f031.o
    0x080000b0   0x080000b0   0x00000000   Code   RO         5514  * .ARM.Collect$$$$00000000  mc_p.l(entry.o)
    0x080000b0   0x080000b0   0x00000004   Code   RO         5559    .ARM.Collect$$$$00000001  mc_p.l(entry2.o)
    0x080000b4   0x080000b4   0x00000004   Code   RO         5562    .ARM.Collect$$$$00000004  mc_p.l(entry5.o)
    0x080000b8   0x080000b8   0x00000000   Code   RO         5564    .ARM.Collect$$$$00000008  mc_p.l(entry7b.o)
    0x080000b8   0x080000b8   0x00000004   Code   RO         5565    .ARM.Collect$$$$00000009  mc_p.l(entry8a.o)
    0x080000bc   0x080000bc   0x00000000   Code   RO         5566    .ARM.Collect$$$$0000000A  mc_p.l(entry8b.o)
    0x080000bc   0x080000bc   0x00000008   Code   RO         5567    .ARM.Collect$$$$0000000B  mc_p.l(entry9a.o)
    0x080000c4   0x080000c4   0x00000000   Code   RO         5569    .ARM.Collect$$$$0000000D  mc_p.l(entry10a.o)
    0x080000c4   0x080000c4   0x00000000   Code   RO         5571    .ARM.Collect$$$$0000000F  mc_p.l(entry11a.o)
    0x080000c4   0x080000c4   0x00000004   Code   RO         5560    .ARM.Collect$$$$00002712  mc_p.l(entry2.o)
    0x080000c8   0x080000c8   0x00000058   Code   RO         1911  * .text               startup_stm32f031.o
    0x08000120   0x08000120   0x0000002c   Code   RO         5517    .text               mc_p.l(uidiv.o)
    0x0800014c   0x0800014c   0x00000020   Code   RO         5530    .text               mc_p.l(cpp_init.o)
    0x0800016c   0x0800016c   0x000000b2   Code   RO         5532    .text               mf_p.l(fadd.o)
    0x0800021e   0x0800021e   0x0000007a   Code   RO         5534    .text               mf_p.l(fmul.o)
    0x08000298   0x08000298   0x0000007c   Code   RO         5536    .text               mf_p.l(fdiv.o)
    0x08000314   0x08000314   0x00000018   Code   RO         5538    .text               mf_p.l(fscalb.o)
    0x0800032c   0x0800032c   0x00000016   Code   RO         5542    .text               mf_p.l(fflti.o)
    0x08000342   0x08000342   0x0000000e   Code   RO         5544    .text               mf_p.l(ffltui.o)
    0x08000350   0x08000350   0x00000032   Code   RO         5548    .text               mf_p.l(ffixi.o)
    0x08000382   0x08000382   0x00000002   PAD
    0x08000384   0x08000384   0x00000014   Code   RO         5552    .text               mf_p.l(cfcmple.o)
    0x08000398   0x08000398   0x00000014   Code   RO         5554    .text               mf_p.l(cfrcmple.o)
    0x080003ac   0x080003ac   0x00000000   Code   RO         5575    .text               mc_p.l(iusefp.o)
    0x080003ac   0x080003ac   0x00000082   Code   RO         5576    .text               mf_p.l(fepilogue.o)
    0x0800042e   0x0800042e   0x00000002   PAD
    0x08000430   0x08000430   0x00000024   Code   RO         5585    .text               mc_p.l(init.o)
    0x08000454   0x08000454   0x00000056   Code   RO         5638    .text               mc_p.l(__dczerorl2.o)
    0x080004aa   0x080004aa   0x0000000a   Code   RO         1922    i.ADC_ChannelConfig  stm32f0xx_adc.o
    0x080004b4   0x080004b4   0x00000012   Code   RO         1926    i.ADC_Cmd           stm32f0xx_adc.o
    0x080004c6   0x080004c6   0x00000014   Code   RO         1928    i.ADC_DMACmd        stm32f0xx_adc.o
    0x080004da   0x080004da   0x00000010   Code   RO         1929    i.ADC_DMARequestModeConfig  stm32f0xx_adc.o
    0x080004ea   0x080004ea   0x0000002e   Code   RO         1932    i.ADC_GetCalibrationFactor  stm32f0xx_adc.o
    0x08000518   0x08000518   0x0000002c   Code   RO         1937    i.ADC_Init          stm32f0xx_adc.o
    0x08000544   0x08000544   0x0000000a   Code   RO         1940    i.ADC_StartOfConversion  stm32f0xx_adc.o
    0x0800054e   0x0800054e   0x00000010   Code   RO         1942    i.ADC_StructInit    stm32f0xx_adc.o
    0x0800055e   0x0800055e   0x00000002   PAD
    0x08000560   0x08000560   0x0000001c   Code   RO         1945    i.ADC_VrefintCmd    stm32f0xx_adc.o
    0x0800057c   0x0800057c   0x00000018   Code   RO         2840    i.DMA_Cmd           stm32f0xx_dma.o
    0x08000594   0x08000594   0x0000003c   Code   RO         2846    i.DMA_Init          stm32f0xx_dma.o
    0x080005d0   0x080005d0   0x00000038   Code   RO         2982    i.FLASH_ErasePage   stm32f0xx_flash.o
    0x08000608   0x08000608   0x00000028   Code   RO         2985    i.FLASH_GetStatus   stm32f0xx_flash.o
    0x08000630   0x08000630   0x00000010   Code   RO         2987    i.FLASH_Lock        stm32f0xx_flash.o
    0x08000640   0x08000640   0x0000004c   Code   RO         3007    i.FLASH_ProgramWord  stm32f0xx_flash.o
    0x0800068c   0x0800068c   0x00000020   Code   RO         3009    i.FLASH_Unlock      stm32f0xx_flash.o
    0x080006ac   0x080006ac   0x00000022   Code   RO         3010    i.FLASH_WaitForLastOperation  stm32f0xx_flash.o
    0x080006ce   0x080006ce   0x00000070   Code   RO         3180    i.GPIO_Init         stm32f0xx_gpio.o
    0x0800073e   0x0800073e   0x00000020   Code   RO         3181    i.GPIO_PinAFConfig  stm32f0xx_gpio.o
    0x0800075e   0x0800075e   0x00000004   Code   RO         3187    i.GPIO_ResetBits    stm32f0xx_gpio.o
    0x08000762   0x08000762   0x00000004   Code   RO         3188    i.GPIO_SetBits      stm32f0xx_gpio.o
    0x08000766   0x08000766   0x00000006   Code   RO           91    i.HardFault_Handler  main.o
    0x0800076c   0x0800076c   0x00000014   Code   RO         3279    i.I2C_Cmd           stm32f0xx_i2c.o
    0x08000780   0x08000780   0x00000014   Code   RO         3286    i.I2C_GenerateSTOP  stm32f0xx_i2c.o
    0x08000794   0x08000794   0x0000000e   Code   RO         3288    i.I2C_GetFlagStatus  stm32f0xx_i2c.o
    0x080007a2   0x080007a2   0x00000002   PAD
    0x080007a4   0x080007a4   0x00000064   Code   RO         3294    i.I2C_Init          stm32f0xx_i2c.o
    0x08000808   0x08000808   0x00000006   Code   RO         3300    i.I2C_ReceiveData   stm32f0xx_i2c.o
    0x0800080e   0x0800080e   0x00000004   Code   RO         3303    i.I2C_SendData      stm32f0xx_i2c.o
    0x08000812   0x08000812   0x00000002   PAD
    0x08000814   0x08000814   0x00000020   Code   RO         3312    i.I2C_TransferHandling  stm32f0xx_i2c.o
    0x08000834   0x08000834   0x00000054   Code   RO          808    i.Q_rsqrt           imu.o
    0x08000888   0x08000888   0x00000018   Code   RO         3700    i.RCC_AHBPeriphClockCmd  stm32f0xx_rcc.o
    0x080008a0   0x080008a0   0x00000018   Code   RO         3702    i.RCC_APB1PeriphClockCmd  stm32f0xx_rcc.o
    0x080008b8   0x080008b8   0x00000018   Code   RO         3704    i.RCC_APB2PeriphClockCmd  stm32f0xx_rcc.o
    0x080008d0   0x080008d0   0x00000018   Code   RO         3724    i.RCC_I2CCLKConfig  stm32f0xx_rcc.o
    0x080008e8   0x080008e8   0x00000018   Code   RO         4497    i.SYSCFG_I2CFastModePlusConfig  stm32f0xx_syscfg.o
    0x08000900   0x08000900   0x00000060   Code   RO         5476    i.SetSysClock       system_stm32f0xx.o
    0x08000960   0x08000960   0x00000002   Code   RO         1697    i.SysTick_Handler   drv_time.o
    0x08000962   0x08000962   0x00000002   PAD
    0x08000964   0x08000964   0x00000060   Code   RO         5478    i.SystemInit        system_stm32f0xx.o
    0x080009c4   0x080009c4   0x00000014   Code   RO         4567    i.TIM_Cmd           stm32f0xx_tim.o
    0x080009d8   0x080009d8   0x00000018   Code   RO         4569    i.TIM_CtrlPWMOutputs  stm32f0xx_tim.o
    0x080009f0   0x080009f0   0x0000007c   Code   RO         4596    i.TIM_OC1Init       stm32f0xx_tim.o
    0x08000a6c   0x08000a6c   0x00000090   Code   RO         4601    i.TIM_OC2Init       stm32f0xx_tim.o
    0x08000afc   0x08000afc   0x00000064   Code   RO         4611    i.TIM_OC4Init       stm32f0xx_tim.o
    0x08000b60   0x08000b60   0x00000074   Code   RO         4640    i.TIM_TimeBaseInit  stm32f0xx_tim.o
    0x08000bd4   0x08000bd4   0x00000018   Code   RO          925    i._ZN13filter_kalmanC1Ev  filter.o
    0x08000bec   0x08000bec   0x00000018   Code   RO          931    i._ZN14filter_kalman2C1Ev  filter.o
    0x08000c04   0x08000c04   0x00000006   Code   RO          937    i._ZN8FilterSPC1Ev  filter.o
    0x08000c0a   0x08000c0a   0x00000022   Code   RO         5511    i.__aeabi_vec_ctor_nocookie_nodtor  cpprt_p.l(aeabi_vec_ctor_nocookie_nodtor.o)
    0x08000c2c   0x08000c2c   0x0000000e   Code   RO         5632    i.__scatterload_copy  mc_p.l(handlers.o)
    0x08000c3a   0x08000c3a   0x00000002   Code   RO         5633    i.__scatterload_null  mc_p.l(handlers.o)
    0x08000c3c   0x08000c3c   0x0000000e   Code   RO         5634    i.__scatterload_zeroinit  mc_p.l(handlers.o)
    0x08000c4a   0x08000c4a   0x00000002   PAD
    0x08000c4c   0x08000c4c   0x00000048   Code   RO          886    i.__sti___10_filter_cpp_filter  filter.o
    0x08000c94   0x08000c94   0x00000064   Code   RO          654    i.acc_cal           sixaxis.o
    0x08000cf8   0x08000cf8   0x000000e4   Code   RO         1182    i.adc_init          drv_adc.o
    0x08000ddc   0x08000ddc   0x00000064   Code   RO         1183    i.adc_read          drv_adc.o
    0x08000e40   0x08000e40   0x000000d0   Code   RO          969    i.apid              angle_pid.o
    0x08000f10   0x08000f10   0x000000d0   Code   RO          809    i.atan2approx       imu.o
    0x08000fe0   0x08000fe0   0x0000006c   Code   RO          442    i.beacon_sequence   rx_nrf24_bayang_telemetry.o
    0x0800104c   0x0800104c   0x00000032   Code   RO          810    i.calcmagnitude     imu.o
    0x0800107e   0x0800107e   0x00000002   PAD
    0x08001080   0x08001080   0x00000084   Code   RO          989    i.change_pid_value  pid.o
    0x08001104   0x08001104   0x00000022   Code   RO          334    i.check_command     gesture_detect.o
    0x08001126   0x08001126   0x00000002   PAD
    0x08001128   0x08001128   0x00000194   Code   RO          444    i.checkrx           rx_nrf24_bayang_telemetry.o
    0x080012bc   0x080012bc   0x00000008   Code   RO         1217    i.clk_init          drv_clk.o
    0x080012c4   0x080012c4   0x00000848   Code   RO            2    i.control           control.o
    0x08001b0c   0x08001b0c   0x00000024   Code   RO          445    i.crc16_update      rx_nrf24_bayang_telemetry.o
    0x08001b30   0x08001b30   0x0000014c   Code   RO          446    i.decodepacket      rx_nrf24_bayang_telemetry.o
    0x08001c7c   0x08001c7c   0x0000000a   Code   RO          990    i.decrease_pid      pid.o
    0x08001c86   0x08001c86   0x00000014   Code   RO         1698    i.delay             drv_time.o
    0x08001c9a   0x08001c9a   0x00000002   PAD
    0x08001c9c   0x08001c9c   0x00000044   Code   RO           94    i.failloop          main.o
    0x08001ce0   0x08001ce0   0x00000014   Code   RO          715    i.fastcos           util.o
    0x08001cf4   0x08001cf4   0x00000068   Code   RO          716    i.fastsin           util.o
    0x08001d5c   0x08001d5c   0x00000054   Code   RO          278    i.flash_get_hard_coded_pid_identifier  flash.o
    0x08001db0   0x08001db0   0x00000010   Code   RO          279    i.flash_hard_coded_pid_identifier  flash.o
    0x08001dc0   0x08001dc0   0x000000a8   Code   RO          280    i.flash_load        flash.o
    0x08001e68   0x08001e68   0x000000b4   Code   RO          281    i.flash_save        flash.o
    0x08001f1c   0x08001f1c   0x0000001c   Code   RO         1243    i.fmc_erase         drv_fmc1.o
    0x08001f38   0x08001f38   0x00000008   Code   RO         1244    i.fmc_lock          drv_fmc1.o
    0x08001f40   0x08001f40   0x00000010   Code   RO         1245    i.fmc_read          drv_fmc1.o
    0x08001f50   0x08001f50   0x00000008   Code   RO         1246    i.fmc_read_float    drv_fmc1.o
    0x08001f58   0x08001f58   0x00000008   Code   RO         1247    i.fmc_unlock        drv_fmc1.o
    0x08001f60   0x08001f60   0x00000008   Code   RO         1248    i.fmc_write_float   drv_fmc1.o
    0x08001f68   0x08001f68   0x00000108   Code   RO          335    i.gesture_sequence  gesture_detect.o
    0x08002070   0x08002070   0x00000104   Code   RO          318    i.gestures          gestures.o
    0x08002174   0x08002174   0x00000104   Code   RO          336    i.gestures2         gesture_detect.o
    0x08002278   0x08002278   0x00000008   Code   RO         1699    i.gettime           drv_time.o
    0x08002280   0x08002280   0x0000002c   Code   RO         1324    i.gpio_init         drv_gpio.o
    0x080022ac   0x080022ac   0x0000019c   Code   RO          655    i.gyro_cal          sixaxis.o
    0x08002448   0x08002448   0x00000090   Code   RO         1824    i.hw_i2c_init       drv_hw_i2c.o
    0x080024d8   0x080024d8   0x00000070   Code   RO         1825    i.hw_i2c_readdata   drv_hw_i2c.o
    0x08002548   0x08002548   0x0000000e   Code   RO         1826    i.hw_i2c_readreg    drv_hw_i2c.o
    0x08002556   0x08002556   0x00000002   PAD
    0x08002558   0x08002558   0x0000007c   Code   RO         1827    i.hw_i2c_sendheader  drv_hw_i2c.o
    0x080025d4   0x080025d4   0x00000048   Code   RO         1828    i.hw_i2c_writereg   drv_hw_i2c.o
    0x0800261c   0x0800261c   0x00000008   Code   RO         1351    i.i2c_init          drv_i2c.o
    0x08002624   0x08002624   0x00000008   Code   RO         1352    i.i2c_readdata      drv_i2c.o
    0x0800262c   0x0800262c   0x00000008   Code   RO         1353    i.i2c_readreg       drv_i2c.o
    0x08002634   0x08002634   0x00000008   Code   RO         1354    i.i2c_writereg      drv_i2c.o
    0x0800263c   0x0800263c   0x000001e8   Code   RO          811    i.imu_calc          imu.o
    0x08002824   0x08002824   0x00000048   Code   RO          812    i.imu_init          imu.o
    0x0800286c   0x0800286c   0x0000000a   Code   RO          991    i.increase_pid      pid.o
    0x08002876   0x08002876   0x00000018   Code   RO         1398    i.init_timer        drv_pwm.o
    0x0800288e   0x0800288e   0x00000002   PAD
    0x08002890   0x08002890   0x00000094   Code   RO          602    i.led_pwm           led.o
    0x08002924   0x08002924   0x00000028   Code   RO          604    i.ledflash          led.o
    0x0800294c   0x0800294c   0x00000014   Code   RO          605    i.ledoff            led.o
    0x08002960   0x08002960   0x00000014   Code   RO          606    i.ledon             led.o
    0x08002974   0x08002974   0x00000026   Code   RO          717    i.limitf            util.o
    0x0800299a   0x0800299a   0x0000002c   Code   RO          718    i.lpf               util.o
    0x080029c6   0x080029c6   0x00000002   PAD
    0x080029c8   0x080029c8   0x0000004c   Code   RO          992    i.lpf2              pid.o
    0x08002a14   0x08002a14   0x00000024   Code   RO          719    i.lpfcalc           util.o
    0x08002a38   0x08002a38   0x00000024   Code   RO          720    i.lpfcalc_hz        util.o
    0x08002a5c   0x08002a5c   0x00000060   Code   RO          887    i.lpffilter         filter.o
    0x08002abc   0x08002abc   0x00000060   Code   RO          888    i.lpffilter2        filter.o
    0x08002b1c   0x08002b1c   0x0000044c   Code   RO           95    i.main              main.o
    0x08002f68   0x08002f68   0x0000003a   Code   RO          721    i.mapf              util.o
    0x08002fa2   0x08002fa2   0x00000002   Code   RO          701    i.motormap          motorcurve.o
    0x08002fa4   0x08002fa4   0x0000001c   Code   RO          993    i.next_pid_axis     pid.o
    0x08002fc0   0x08002fc0   0x00000038   Code   RO          994    i.next_pid_term     pid.o
    0x08002ff8   0x08002ff8   0x00000020   Code   RO          447    i.nextchannel       rx_nrf24_bayang_telemetry.o
    0x08003018   0x08003018   0x00000078   Code   RO          448    i.nrf24_read_xn297_payload  rx_nrf24_bayang_telemetry.o
    0x08003090   0x08003090   0x0000005c   Code   RO          449    i.nrf24_set_xn297_address  rx_nrf24_bayang_telemetry.o
    0x080030ec   0x080030ec   0x00000030   Code   RO          450    i.nrf24_write_xn297_payload  rx_nrf24_bayang_telemetry.o
    0x0800311c   0x0800311c   0x00000020   Code   RO          451    i.packettodata      rx_nrf24_bayang_telemetry.o
    0x0800313c   0x0800313c   0x000002b4   Code   RO          995    i.pid               pid.o
    0x080033f0   0x080033f0   0x0000007c   Code   RO          997    i.pid_precalc       pid.o
    0x0800346c   0x0800346c   0x000000f4   Code   RO         1400    i.pwm_init          drv_pwm.o
    0x08003560   0x08003560   0x00000060   Code   RO         1401    i.pwm_set           drv_pwm.o
    0x080035c0   0x080035c0   0x00000058   Code   RO          723    i.rcexpo            util.o
    0x08003618   0x08003618   0x00000002   Code   RO         1870    i.rgb_init          drv_rgb.o
    0x0800361a   0x0800361a   0x00000002   PAD
    0x0800361c   0x0800361c   0x000000a4   Code   RO          998    i.rotateErrors      pid.o
    0x080036c0   0x080036c0   0x00000078   Code   RO          452    i.rx_init           rx_nrf24_bayang_telemetry.o
    0x08003738   0x08003738   0x000000bc   Code   RO          453    i.send_telemetry    rx_nrf24_bayang_telemetry.o
    0x080037f4   0x080037f4   0x00000074   Code   RO         1218    i.setclock          drv_clk.o
    0x08003868   0x08003868   0x00000004   Code   RO          657    i.sixaxis_check     sixaxis.o
    0x0800386c   0x0800386c   0x00000058   Code   RO          658    i.sixaxis_init      sixaxis.o
    0x080038c4   0x080038c4   0x000000f0   Code   RO          659    i.sixaxis_read      sixaxis.o
    0x080039b4   0x080039b4   0x0000000a   Code   RO         1613    i.spi_csoff         drv_spi.o
    0x080039be   0x080039be   0x00000002   PAD
    0x080039c0   0x080039c0   0x0000000c   Code   RO         1614    i.spi_cson          drv_spi.o
    0x080039cc   0x080039cc   0x0000003e   Code   RO         1615    i.spi_init          drv_spi.o
    0x08003a0a   0x08003a0a   0x00000002   PAD
    0x08003a0c   0x08003a0c   0x0000002c   Code   RO         1616    i.spi_sendbyte      drv_spi.o
    0x08003a38   0x08003a38   0x0000003c   Code   RO         1617    i.spi_sendrecvbyte  drv_spi.o
    0x08003a74   0x08003a74   0x00000030   Code   RO         1619    i.spi_sendzerorecvbyte  drv_spi.o
    0x08003aa4   0x08003aa4   0x00000040   Code   RO          889    i.splpf             filter.o
    0x08003ae4   0x08003ae4   0x0000013c   Code   RO          788    i.stick_vector      stickvector.o
    0x08003c20   0x08003c20   0x0000002c   Code   RO          454    i.swapbits          rx_nrf24_bayang_telemetry.o
    0x08003c4c   0x08003c4c   0x0000002c   Code   RO         1700    i.time_init         drv_time.o
    0x08003c78   0x08003c78   0x00000034   Code   RO         1701    i.time_update       drv_time.o
    0x08003cac   0x08003cac   0x00000022   Code   RO          455    i.writeregs         rx_nrf24_bayang_telemetry.o
    0x08003cce   0x08003cce   0x00000002   PAD
    0x08003cd0   0x08003cd0   0x00000020   Code   RO         1249    i.writeword         drv_fmc1.o
    0x08003cf0   0x08003cf0   0x00000018   Code   RO         1763    i.xn_command        drv_xn297.o
    0x08003d08   0x08003d08   0x00000028   Code   RO         1764    i.xn_readpayload    drv_xn297.o
    0x08003d30   0x08003d30   0x0000001e   Code   RO         1765    i.xn_readreg        drv_xn297.o
    0x08003d4e   0x08003d4e   0x00000028   Code   RO         1766    i.xn_writepayload   drv_xn297.o
    0x08003d76   0x08003d76   0x00000022   Code   RO         1767    i.xn_writereg       drv_xn297.o
    0x08003d98   0x08003d98   0x0000004d   Data   RO          337    .constdata          gesture_detect.o
    0x08003de5   0x08003de5   0x00000003   PAD
    0x08003de8   0x08003de8   0x0000001e   Data   RO          458    .constdata          rx_nrf24_bayang_telemetry.o
    0x08003e06   0x08003e06   0x00000002   PAD
    0x08003e08   0x08003e08   0x00000018   Data   RO         1000    .constdata          pid.o
    0x08003e20   0x08003e20   0x00000020   Data   RO         5630    Region$$Table       anon$$obj.o
    0x08003e40   0x08003e40   0x00000004   Data   RO          898    .init_array         filter.o
    0x08003e44   0x08003e40   0x00000000   Data   RO         5528    .init_array         mc_p.l(cpp_init.o)


    Execution Region ER_RW (Exec base: 0x20000000, Load base: 0x08003e44, Size: 0x00000238, Max: 0xffffffff, ABSOLUTE, COMPRESSED[0x00000094])

    Exec Addr    Load Addr    Size         Type   Attr      Idx    E Section Name        Object

    0x20000000   COMPRESSED   0x00000024   Data   RW            9    .data               control.o
    0x20000024   COMPRESSED   0x00000038   Data   RW          103    .data               main.o
    0x2000005c   COMPRESSED   0x00000004   Data   RW          104    .data               main.o
    0x20000060   COMPRESSED   0x00000004   Data   RW          106    .data               main.o
    0x20000064   COMPRESSED   0x00000004   Data   RW          107    .data               main.o
    0x20000068   COMPRESSED   0x00000004   Data   RW          109    .data               main.o
    0x2000006c   COMPRESSED   0x00000004   Data   RW          110    .data               main.o
    0x20000070   COMPRESSED   0x00000004   Data   RW          111    .data               main.o
    0x20000074   COMPRESSED   0x00000008   Data   RW          282    .data               flash.o
    0x2000007c   COMPRESSED   0x00000004   Data   RW          319    .data               gestures.o
    0x20000080   COMPRESSED   0x00000017   Data   RW          338    .data               gesture_detect.o
    0x20000097   COMPRESSED   0x00000001   PAD
    0x20000098   COMPRESSED   0x0000005e   Data   RW          459    .data               rx_nrf24_bayang_telemetry.o
    0x200000f6   COMPRESSED   0x00000002   PAD
    0x200000f8   COMPRESSED   0x00000018   Data   RW          607    .data               led.o
    0x20000110   COMPRESSED   0x00000004   Data   RW          661    .data               sixaxis.o
    0x20000114   COMPRESSED   0x00000014   Data   RW          790    .data               stickvector.o
    0x20000128   COMPRESSED   0x0000000c   Data   RW          815    .data               imu.o
    0x20000134   COMPRESSED   0x00000024   Data   RW          864    .data               flip_sequencer.o
    0x20000158   COMPRESSED   0x00000008   Data   RW          897    .data               filter.o
    0x20000160   COMPRESSED   0x00000048   Data   RW          970    .data               angle_pid.o
    0x200001a8   COMPRESSED   0x00000068   Data   RW         1001    .data               pid.o
    0x20000210   COMPRESSED   0x0000000c   Data   RW         1002    .data               pid.o
    0x2000021c   COMPRESSED   0x00000008   Data   RW         1185    .data               drv_adc.o
    0x20000224   COMPRESSED   0x00000004   Data   RW         1355    .data               drv_i2c.o
    0x20000228   COMPRESSED   0x0000000c   Data   RW         1703    .data               drv_time.o
    0x20000234   COMPRESSED   0x00000001   Data   RW         1829    .data               drv_hw_i2c.o


    Execution Region ER_ZI (Exec base: 0x20000238, Load base: 0x08003ed8, Size: 0x000007f0, Max: 0xffffffff, ABSOLUTE)

    Exec Addr    Load Addr    Size         Type   Attr      Idx    E Section Name        Object

    0x20000238        -       0x000000bc   Zero   RW            7    .bss                control.o
    0x200002f4        -       0x000000ec   Zero   RW           96    .bss                main.o
    0x200003e0        -       0x00000010   Zero   RW           97    .bss                main.o
    0x200003f0        -       0x00000010   Zero   RW           98    .bss                main.o
    0x20000400        -       0x00000010   Zero   RW           99    .bss                main.o
    0x20000410        -       0x0000004c   Zero   RW          457    .bss                rx_nrf24_bayang_telemetry.o
    0x2000045c        -       0x00000030   Zero   RW          660    .bss                sixaxis.o
    0x2000048c        -       0x0000000c   Zero   RW          789    .bss                stickvector.o
    0x20000498        -       0x0000000c   Zero   RW          814    .bss                imu.o
    0x200004a4        -       0x00000010   Zero   RW          863    .bss                flip_sequencer.o
    0x200004b4        -       0x00000078   Zero   RW          896    .bss                filter.o
    0x2000052c        -       0x000000e4   Zero   RW          999    .bss                pid.o
    0x20000610        -       0x00000014   Zero   RW         1402    .bss                drv_pwm.o
    0x20000624   0x08003ed8   0x00000004   PAD
    0x20000628        -       0x00000400   Zero   RW         1908    STACK               startup_stm32f031.o


==============================================================================

Image component sizes


      Code (inc. data)   RO Data    RW Data    ZI Data      Debug   Object Name

       208         10          0         72          0       1558   angle_pid.o
      2120        244          0         36        188      11156   control.o
       328         34          0          8          0       2130   drv_adc.o
       124          6          0          0          0        826   drv_clk.o
       108         14          0          0          0       3536   drv_fmc1.o
        44          4          0          0          0        440   drv_gpio.o
       466         40          0          1          0       3199   drv_hw_i2c.o
        32          0          0          4          0       2038   drv_i2c.o
       364         38          0          0         20       3230   drv_pwm.o
         2          0          0          0          0        359   drv_rgb.o
       236         20          0          0          0       3595   drv_spi.o
       126         20          0         12          0       8647   drv_time.o
       168          0          0          0          0       2547   drv_xn297.o
       382         64          4          8        120       8140   filter.o
       448         64          0          8          0       2648   flash.o
         0          0          0         36         16       1463   flip_sequencer.o
       558         46         77         23          0       4283   gesture_detect.o
       260         34          0          4          0       1023   gestures.o
       902         98          0         12         12       4993   imu.o
       228         26          0         24          0       3124   led.o
      1174        110          0         80        284     199587   main.o
         2          0          0          0          0        427   motorcurve.o
      1292        144         24        116        228       7285   pid.o
      1590        144         30         94         76      11050   rx_nrf24_bayang_telemetry.o
       844         70          0          4         48       4421   sixaxis.o
        88         38        176          0       1024        704   startup_stm32f031.o
       316         30          0         20         12       1458   stickvector.o
       208         12          0          0          0       5682   stm32f0xx_adc.o
        84          8          0          0          0       2277   stm32f0xx_dma.o
       254         34          0          0          0       4201   stm32f0xx_flash.o
       152          0          0          0          0       2887   stm32f0xx_gpio.o
       196         12          0          0          0       4816   stm32f0xx_i2c.o
        96         24          0          0          0       2297   stm32f0xx_rcc.o
        24          6          0          0          0        623   stm32f0xx_syscfg.o
       528         90          0          0          0       5723   stm32f0xx_tim.o
       192         20          0          0          0       1361   system_stm32f0xx.o
       424         34          0          0          0       4698   util.o

    ----------------------------------------------------------------------
     14596       1538        348        568       2032     328432   Object Totals
         0          0         32          0          0          0   (incl. Generated)
        28          0          5          6          4          0   (incl. Padding)

    ----------------------------------------------------------------------

      Code (inc. data)   RO Data    RW Data    ZI Data      Debug   Library Member Name

        34          0          0          0          0         80   aeabi_vec_ctor_nocookie_nodtor.o
        86          0          0          0          0          0   __dczerorl2.o
        32         10          0          0          0         72   cpp_init.o
         0          0          0          0          0          0   entry.o
         0          0          0          0          0          0   entry10a.o
         0          0          0          0          0          0   entry11a.o
         8          4          0          0          0          0   entry2.o
         4          0          0          0          0          0   entry5.o
         0          0          0          0          0          0   entry7b.o
         4          0          0          0          0          0   entry8a.o
         0          0          0          0          0          0   entry8b.o
         8          4          0          0          0          0   entry9a.o
        30          0          0          0          0          0   handlers.o
        36          8          0          0          0         68   init.o
         0          0          0          0          0          0   iusefp.o
        44          0          0          0          0         72   uidiv.o
        20          0          0          0          0         68   cfcmple.o
        20          0          0          0          0         68   cfrcmple.o
       178          0          0          0          0        108   fadd.o
       124          0          0          0          0         72   fdiv.o
       130          0          0          0          0        144   fepilogue.o
        50          0          0          0          0         60   ffixi.o
        22          0          0          0          0         68   fflti.o
        14          0          0          0          0         68   ffltui.o
       122          0          0          0          0         72   fmul.o
        24          0          0          0          0         60   fscalb.o

    ----------------------------------------------------------------------
       996         26          0          0          0       1080   Library Totals
         6          0          0          0          0          0   (incl. Padding)

    ----------------------------------------------------------------------

      Code (inc. data)   RO Data    RW Data    ZI Data      Debug   Library Name

        34          0          0          0          0         80   cpprt_p.l
       252         26          0          0          0        212   mc_p.l
       704          0          0          0          0        788   mf_p.l

    ----------------------------------------------------------------------
       996         26          0          0          0       1080   Library Totals

    ----------------------------------------------------------------------

==============================================================================


      Code (inc. data)   RO Data    RW Data    ZI Data      Debug   

     15592       1564        348        568       2032     322944   Grand Totals
     15592       1564        348        148       2032     322944   ELF Image Totals (compressed)
     15592       1564        348        148          0          0   ROM Totals

==============================================================================

    Total RO  Size (Code + RO Data)                15940 (  15.57kB)
    Total RW  Size (RW Data + ZI Data)              2600 (   2.54kB)
    Total ROM Size (Code + RO Data + RW Data)      16088 (  15.71kB)

==============================================================================

