Component: ARM Compiler 5.06 update 6 (build 750) Tool: armlink [4d35ed]

==============================================================================

Section Cross References

    control.o(i.clip_ff) refers to fadd.o(.text) for __aeabi_fsub
    control.o(i.clip_ff) refers to control.o(.bss) for .bss
    control.o(i.control) refers to util.o(i.limitf) for limitf
    control.o(i.control) refers to util.o(i.mapf) for mapf
    control.o(i.control) refers to pid.o(i.pid_precalc) for pid_precalc
    control.o(i.control) refers to fmul.o(.text) for __aeabi_fmul
    control.o(i.control) refers to fadd.o(.text) for __aeabi_fsub
    control.o(i.control) refers to pid.o(i.rotateErrors) for rotateErrors
    control.o(i.control) refers to pid.o(i.pid) for pid
    control.o(i.control) refers to stickvector.o(i.stick_vector) for stick_vector
    control.o(i.control) refers to cfrcmple.o(.text) for __aeabi_cfrcmple
    control.o(i.control) refers to cfcmple.o(.text) for __aeabi_cfcmple
    control.o(i.control) refers to fdiv.o(.text) for __aeabi_fdiv
    control.o(i.control) refers to angle_pid.o(i.apid) for apid
    control.o(i.control) refers to main.o(.bss) for aux
    control.o(i.control) refers to control.o(.bss) for .bss
    control.o(i.control) refers to main.o(.bss) for rx
    control.o(i.control) refers to sixaxis.o(.bss) for gyro
    control.o(i.control) refers to flip_sequencer.o(.data) for acro_override
    control.o(i.control) refers to pid.o(.bss) for setpoint
    control.o(i.control) refers to main.o(.data) for binding_while_armed
    control.o(i.control) refers to main.o(.data) for armed_state
    control.o(i.control) refers to main.o(.data) for arming_release
    control.o(i.control) refers to control.o(.data) for .data
    control.o(i.control) refers to imu.o(.data) for GEstG
    control.o(i.control) refers to imu.o(.bss) for attitude
    control.o(i.control) refers to stickvector.o(.bss) for errorvect
    control.o(i.control) refers to angle_pid.o(.data) for angleerror
    control.o(i.control) refers to rx_sbus.o(.data) for rx_ready
    control.o(i.control) refers to main.o(.data) for ledcommand
    control.o(i.control) refers to main.o(.data) for in_air
    control.o(i.control) refers to drv_time.o(i.gettime) for gettime
    control.o(i.control) refers to drv_pwm.o(i.pwm_set) for pwm_set
    control.o(i.control) refers to util.o(i.lpf) for lpf
    control.o(i.control) refers to motorcurve.o(i.motormap) for motormap
    control.o(i.control) refers to fscalb.o(.text) for __ARM_scalbnf
    control.o(i.control) refers to flip_sequencer.o(.bss) for rx_override
    control.o(i.control) refers to main.o(.data) for flash_feature_2
    control.o(i.control) refers to main.o(.data) for flash_feature_3
    control.o(i.motor_kalman) refers to fadd.o(.text) for __aeabi_fadd
    control.o(i.motor_kalman) refers to fdiv.o(.text) for __aeabi_fdiv
    control.o(i.motor_kalman) refers to fmul.o(.text) for __aeabi_fmul
    control.o(i.motor_kalman) refers to control.o(.bss) for .bss
    control.o(i.motor_kalman) refers to control.o(.data) for .data
    control.o(i.motord) refers to fscalb.o(.text) for __ARM_scalbnf
    control.o(i.motord) refers to fadd.o(.text) for __aeabi_fadd
    control.o(i.motord) refers to fmul.o(.text) for __aeabi_fmul
    control.o(i.motord) refers to control.o(.bss) for .bss
    control.o(i.motorfilter) refers to fscalb.o(.text) for __ARM_scalbnf
    control.o(i.motorfilter) refers to fadd.o(.text) for __aeabi_fadd
    control.o(i.motorfilter) refers to control.o(.bss) for .bss
    control.o(i.motorlpf) refers to util.o(i.lpf) for lpf
    control.o(i.motorlpf) refers to control.o(.bss) for .bss
    main.o(i.BusFault_Handler) refers to main.o(i.failloop) for failloop
    main.o(i.HardFault_Handler) refers to main.o(i.failloop) for failloop
    main.o(i.MemManage_Handler) refers to main.o(i.failloop) for failloop
    main.o(i.UsageFault_Handler) refers to main.o(i.failloop) for failloop
    main.o(i.failloop) refers to drv_pwm.o(i.pwm_set) for pwm_set
    main.o(i.failloop) refers to led.o(i.ledon) for ledon
    main.o(i.failloop) refers to drv_time.o(i.delay) for delay
    main.o(i.failloop) refers to led.o(i.ledoff) for ledoff
    main.o(i.main) refers to drv_time.o(i.delay) for delay
    main.o(i.main) refers to drv_clk.o(i.clk_init) for clk_init
    main.o(i.main) refers to drv_gpio.o(i.gpio_init) for gpio_init
    main.o(i.main) refers to led.o(i.ledon) for ledon
    main.o(i.main) refers to drv_spi_none.o(i.spi_init) for spi_init
    main.o(i.main) refers to drv_time.o(i.time_init) for time_init
    main.o(i.main) refers to drv_i2c.o(i.i2c_init) for i2c_init
    main.o(i.main) refers to drv_pwm.o(i.pwm_init) for pwm_init
    main.o(i.main) refers to drv_pwm.o(i.pwm_set) for pwm_set
    main.o(i.main) refers to sixaxis.o(i.sixaxis_init) for sixaxis_init
    main.o(i.main) refers to sixaxis.o(i.sixaxis_check) for sixaxis_check
    main.o(i.main) refers to drv_adc.o(i.adc_init) for adc_init
[...]
    src\drv_serial.c                         0x00000000   Number         0  drv_serial.o ABSOLUTE
    src\drv_softi2c.c                        0x00000000   Number         0  drv_softi2c.o ABSOLUTE
    src\drv_softserial.c                     0x00000000   Number         0  drv_softserial.o ABSOLUTE
    src\drv_spi.c                            0x00000000   Number         0  drv_spi.o ABSOLUTE
    src\drv_spi_3wire.c                      0x00000000   Number         0  drv_spi_3wire.o ABSOLUTE
    src\drv_spi_none.c                       0x00000000   Number         0  drv_spi_none.o ABSOLUTE
    src\drv_time.c                           0x00000000   Number         0  drv_time.o ABSOLUTE
    src\drv_xn297.c                          0x00000000   Number         0  drv_xn297.o ABSOLUTE
    src\drv_xn297_3wire.c                    0x00000000   Number         0  drv_xn297_3wire.o ABSOLUTE
    src\filter.cpp                           0x00000000   Number         0  filter.o ABSOLUTE
    src\flash.c                              0x00000000   Number         0  flash.o ABSOLUTE
    src\flip_sequencer.c                     0x00000000   Number         0  flip_sequencer.o ABSOLUTE
    src\gesture_detect.c                     0x00000000   Number         0  gesture_detect.o ABSOLUTE
    src\gestures.c                           0x00000000   Number         0  gestures.o ABSOLUTE
    src\imu.c                                0x00000000   Number         0  imu.o ABSOLUTE
    src\led.c                                0x00000000   Number         0  led.o ABSOLUTE
    src\main.c                               0x00000000   Number         0  main.o ABSOLUTE
    src\motorcurve.c                         0x00000000   Number         0  motorcurve.o ABSOLUTE
    src\pid.c                                0x00000000   Number         0  pid.o ABSOLUTE
    src\rgb_led.c                            0x00000000   Number         0  rgb_led.o ABSOLUTE
    src\rx_bayang_ble_app.c                  0x00000000   Number         0  rx_bayang_ble_app.o ABSOLUTE
    src\rx_bayang_protocol.c                 0x00000000   Number         0  rx_bayang_protocol.o ABSOLUTE
    src\rx_bayang_protocol_ble.c             0x00000000   Number         0  rx_bayang_protocol_ble.o ABSOLUTE
    src\rx_bayang_protocol_telemetry.c       0x00000000   Number         0  rx_bayang_protocol_telemetry.o ABSOLUTE
    src\rx_bayang_protocol_telemetry_autobind.c 0x00000000   Number         0  rx_bayang_protocol_telemetry_autobind.o ABSOLUTE
    src\rx_crsf.c                            0x00000000   Number         0  rx_crsf.o ABSOLUTE
    src\rx_dsm.c                             0x00000000   Number         0  rx_dsm.o ABSOLUTE
    src\rx_ibus.c                            0x00000000   Number         0  rx_ibus.o ABSOLUTE
    src\rx_nrf24_bayang_telemetry.c          0x00000000   Number         0  rx_nrf24_bayang_telemetry.o ABSOLUTE
    src\rx_sbus.c                            0x00000000   Number         0  rx_sbus.o ABSOLUTE
    src\serial_4way.c                        0x00000000   Number         0  serial_4way.o ABSOLUTE
    src\serial_4way_avrootloader.c           0x00000000   Number         0  serial_4way_avrootloader.o ABSOLUTE
    src\serial_4way_stk500v2.c               0x00000000   Number         0  serial_4way_stk500v2.o ABSOLUTE
    src\sixaxis.c                            0x00000000   Number         0  sixaxis.o ABSOLUTE
    src\stickvector.c                        0x00000000   Number         0  stickvector.o ABSOLUTE
    src\util.c                               0x00000000   Number         0  util.o ABSOLUTE
    RESET                                    0x08000000   Section      176  startup_stm32f031.o(RESET)
    .ARM.Collect$$$$00000000                 0x080000b0   Section        0  entry.o(.ARM.Collect$$$$00000000)
    .ARM.Collect$$$$00000001                 0x080000b0   Section        4  entry2.o(.ARM.Collect$$$$00000001)
    .ARM.Collect$$$$00000004                 0x080000b4   Section        4  entry5.o(.ARM.Collect$$$$00000004)
    .ARM.Collect$$$$00000008                 0x080000b8   Section        0  entry7b.o(.ARM.Collect$$$$00000008)
    .ARM.Collect$$$$00000009                 0x080000b8   Section        4  entry8a.o(.ARM.Collect$$$$00000009)
    .ARM.Collect$$$$0000000A                 0x080000bc   Section        0  entry8b.o(.ARM.Collect$$$$0000000A)
    .ARM.Collect$$$$0000000B                 0x080000bc   Section        8  entry9a.o(.ARM.Collect$$$$0000000B)
    .ARM.Collect$$$$0000000D                 0x080000c4   Section        0  entry10a.o(.ARM.Collect$$$$0000000D)
    .ARM.Collect$$$$0000000F                 0x080000c4   Section        0  entry11a.o(.ARM.Collect$$$$0000000F)
    .ARM.Collect$$$$00002712                 0x080000c4   Section        4  entry2.o(.ARM.Collect$$$$00002712)
    __lit__00000000                          0x080000c4   Data           4  entry2.o(.ARM.Collect$$$$00002712)
    .text                                    0x080000c8   Section       88  startup_stm32f031.o(.text)
    .text                                    0x08000120   Section        0  uidiv.o(.text)
    .text                                    0x0800014c   Section        0  cpp_init.o(.text)
    .text                                    0x0800016c   Section        0  fadd.o(.text)
    .text                                    0x0800021e   Section        0  fmul.o(.text)
    .text                                    0x08000298   Section        0  fdiv.o(.text)
    .text                                    0x08000314   Section        0  fscalb.o(.text)
    .text                                    0x0800032c   Section        0  fflti.o(.text)
    .text                                    0x08000342   Section        0  ffltui.o(.text)
    .text                                    0x08000350   Section        0  ffixi.o(.text)
    .text                                    0x08000384   Section       20  cfcmple.o(.text)
    .text                                    0x08000398   Section       20  cfrcmple.o(.text)
    .text                                    0x080003ac   Section        0  iusefp.o(.text)
    .text                                    0x080003ac   Section        0  fepilogue.o(.text)
    .text                                    0x08000430   Section       36  init.o(.text)
    .text                                    0x08000454   Section        0  __dczerorl2.o(.text)
    i.ADC_ChannelConfig                      0x080004aa   Section        0  stm32f0xx_adc.o(i.ADC_ChannelConfig)
    i.ADC_Cmd                                0x080004b4   Section        0  stm32f0xx_adc.o(i.ADC_Cmd)
    i.ADC_DMACmd                             0x080004c6   Section        0  stm32f0xx_adc.o(i.ADC_DMACmd)
    i.ADC_DMARequestModeConfig               0x080004da   Section        0  stm32f0xx_adc.o(i.ADC_DMARequestModeConfig)
    i.ADC_GetCalibrationFactor               0x080004ea   Section        0  stm32f0xx_adc.o(i.ADC_GetCalibrationFactor)
    i.ADC_Init                               0x08000518   Section        0  stm32f0xx_adc.o(i.ADC_Init)
    i.ADC_StartOfConversion                  0x08000544   Section        0  stm32f0xx_adc.o(i.ADC_StartOfConversion)
    i.ADC_StructInit                         0x0800054e   Section        0  stm32f0xx_adc.o(i.ADC_StructInit)
    i.ADC_VrefintCmd                         0x08000560   Section        0  stm32f0xx_adc.o(i.ADC_VrefintCmd)
    i.DMA_Cmd                                0x0800057c   Section        0  stm32f0xx_dma.o(i.DMA_Cmd)
    i.DMA_Init                               0x08000594   Section        0  stm32f0xx_dma.o(i.DMA_Init)
    i.FLASH_ErasePage                        0x080005d0   Section        0  stm32f0xx_flash.o(i.FLASH_ErasePage)
    i.FLASH_GetStatus                        0x08000608   Section        0  stm32f0xx_flash.o(i.FLASH_GetStatus)
    i.FLASH_Lock                             0x08000630   Section        0  stm32f0xx_flash.o(i.FLASH_Lock)
    i.FLASH_ProgramWord                      0x08000640   Section        0  stm32f0xx_flash.o(i.FLASH_ProgramWord)
    i.FLASH_Unlock                           0x0800068c   Section        0  stm32f0xx_flash.o(i.FLASH_Unlock)
    i.FLASH_WaitForLastOperation             0x080006ac   Section        0  stm32f0xx_flash.o(i.FLASH_WaitForLastOperation)
    i.GPIO_Init                              0x080006ce   Section        0  stm32f0xx_gpio.o(i.GPIO_Init)
    i.GPIO_PinAFConfig                       0x0800073e   Section        0  stm32f0xx_gpio.o(i.GPIO_PinAFConfig)
    i.GPIO_ResetBits                         0x0800075e   Section        0  stm32f0xx_gpio.o(i.GPIO_ResetBits)
    i.GPIO_SetBits                           0x08000762   Section        0  stm32f0xx_gpio.o(i.GPIO_SetBits)
    i.HardFault_Handler                      0x08000766   Section        0  main.o(i.HardFault_Handler)
    i.I2C_Cmd                                0x0800076c   Section        0  stm32f0xx_i2c.o(i.I2C_Cmd)
    i.I2C_GenerateSTOP                       0x08000780   Section        0  stm32f0xx_i2c.o(i.I2C_GenerateSTOP)
    i.I2C_GetFlagStatus                      0x08000794   Section        0  stm32f0xx_i2c.o(i.I2C_GetFlagStatus)
    i.I2C_Init                               0x080007a4   Section        0  stm32f0xx_i2c.o(i.I2C_Init)
    i.I2C_ReceiveData                        0x08000808   Section        0  stm32f0xx_i2c.o(i.I2C_ReceiveData)
    i.I2C_SendData                           0x0800080e   Section        0  stm32f0xx_i2c.o(i.I2C_SendData)
    i.I2C_TransferHandling                   0x08000814   Section        0  stm32f0xx_i2c.o(i.I2C_TransferHandling)
    i.NVIC_Init                              0x08000834   Section        0  stm32f0xx_misc.o(i.NVIC_Init)
    i.Q_rsqrt                                0x08000884   Section        0  imu.o(i.Q_rsqrt)
    i.RCC_AHBPeriphClockCmd                  0x080008d8   Section        0  stm32f0xx_rcc.o(i.RCC_AHBPeriphClockCmd)
    i.RCC_APB1PeriphClockCmd                 0x080008f0   Section        0  stm32f0xx_rcc.o(i.RCC_APB1PeriphClockCmd)
    i.RCC_APB2PeriphClockCmd                 0x08000908   Section        0  stm32f0xx_rcc.o(i.RCC_APB2PeriphClockCmd)
    i.RCC_GetClocksFreq                      0x08000920   Section        0  stm32f0xx_rcc.o(i.RCC_GetClocksFreq)
    i.RCC_I2CCLKConfig                       0x08000a58   Section        0  stm32f0xx_rcc.o(i.RCC_I2CCLKConfig)
    i.SYSCFG_I2CFastModePlusConfig           0x08000a70   Section        0  stm32f0xx_syscfg.o(i.SYSCFG_I2CFastModePlusConfig)
    i.SetSysClock                            0x08000a88   Section        0  system_stm32f0xx.o(i.SetSysClock)
    SetSysClock                              0x08000a89   Thumb Code    88  system_stm32f0xx.o(i.SetSysClock)
    i.SysTick_Handler                        0x08000ae8   Section        0  drv_time.o(i.SysTick_Handler)
    i.SystemInit                             0x08000aec   Section        0  system_stm32f0xx.o(i.SystemInit)
    i.TIM_Cmd                                0x08000b4c   Section        0  stm32f0xx_tim.o(i.TIM_Cmd)
    i.TIM_CtrlPWMOutputs                     0x08000b60   Section        0  stm32f0xx_tim.o(i.TIM_CtrlPWMOutputs)
    i.TIM_OC1Init                            0x08000b78   Section        0  stm32f0xx_tim.o(i.TIM_OC1Init)
    i.TIM_OC2Init                            0x08000bf4   Section        0  stm32f0xx_tim.o(i.TIM_OC2Init)
    i.TIM_OC4Init                            0x08000c84   Section        0  stm32f0xx_tim.o(i.TIM_OC4Init)
    i.TIM_TimeBaseInit                       0x08000ce8   Section        0  stm32f0xx_tim.o(i.TIM_TimeBaseInit)
    i.USART1_IRQHandler                      0x08000d5c   Section        0  rx_sbus.o(i.USART1_IRQHandler)
    i.USART_ClearFlag                        0x08000dd4   Section        0  stm32f0xx_usart.o(i.USART_ClearFlag)
    i.USART_Cmd                              0x08000dd8   Section        0  stm32f0xx_usart.o(i.USART_Cmd)
    i.USART_GetFlagStatus                    0x08000dec   Section        0  stm32f0xx_usart.o(i.USART_GetFlagStatus)
    i.USART_ITConfig                         0x08000dfa   Section        0  stm32f0xx_usart.o(i.USART_ITConfig)
    i.USART_Init                             0x08000e24   Section        0  stm32f0xx_usart.o(i.USART_Init)
    i.USART_InvPinCmd                        0x08000ec0   Section        0  stm32f0xx_usart.o(i.USART_InvPinCmd)
    i.USART_ReceiveData                      0x08000ed0   Section        0  stm32f0xx_usart.o(i.USART_ReceiveData)
    i._ZN13filter_kalmanC1Ev                 0x08000ed8   Section        0  filter.o(i._ZN13filter_kalmanC1Ev)
    i._ZN14filter_kalman2C1Ev                0x08000ef0   Section        0  filter.o(i._ZN14filter_kalman2C1Ev)
    i._ZN8FilterSPC1Ev                       0x08000f08   Section        0  filter.o(i._ZN8FilterSPC1Ev)
    i.__aeabi_vec_ctor_nocookie_nodtor       0x08000f0e   Section        0  aeabi_vec_ctor_nocookie_nodtor.o(i.__aeabi_vec_ctor_nocookie_nodtor)
    i.__scatterload_copy                     0x08000f30   Section       14  handlers.o(i.__scatterload_copy)
    i.__scatterload_null                     0x08000f3e   Section        2  handlers.o(i.__scatterload_null)
    i.__scatterload_zeroinit                 0x08000f40   Section       14  handlers.o(i.__scatterload_zeroinit)
    i.__sti___10_filter_cpp_filter           0x08000f50   Section        0  filter.o(i.__sti___10_filter_cpp_filter)
    __sti___10_filter_cpp_filter             0x08000f51   Thumb Code    50  filter.o(i.__sti___10_filter_cpp_filter)
    i.acc_cal                                0x08000f98   Section        0  sixaxis.o(i.acc_cal)
    i.adc_init                               0x08000ffc   Section        0  drv_adc.o(i.adc_init)
    i.adc_read                               0x080010e0   Section        0  drv_adc.o(i.adc_read)
    i.apid                                   0x08001118   Section        0  angle_pid.o(i.apid)
    i.atan2approx                            0x080011e8   Section        0  imu.o(i.atan2approx)
    i.calcmagnitude                          0x080012b8   Section        0  imu.o(i.calcmagnitude)
    i.change_pid_value                       0x080012ec   Section        0  pid.o(i.change_pid_value)
    i.check_command                          0x08001370   Section        0  gesture_detect.o(i.check_command)
    i.checkrx                                0x08001394   Section        0  rx_sbus.o(i.checkrx)
    i.clk_init                               0x080016f8   Section        0  drv_clk.o(i.clk_init)
    i.control                                0x08001700   Section        0  control.o(i.control)
    i.decrease_pid                           0x08001f48   Section        0  pid.o(i.decrease_pid)
    i.delay                                  0x08001f52   Section        0  drv_time.o(i.delay)
    i.failloop                               0x08001f68   Section        0  main.o(i.failloop)
    i.fastcos                                0x08001fac   Section        0  util.o(i.fastcos)
    i.fastsin                                0x08001fc0   Section        0  util.o(i.fastsin)
    i.flash_get_hard_coded_pid_identifier    0x08002028   Section        0  flash.o(i.flash_get_hard_coded_pid_identifier)
    i.flash_hard_coded_pid_identifier        0x0800207c   Section        0  flash.o(i.flash_hard_coded_pid_identifier)
    i.flash_load                             0x0800208c   Section        0  flash.o(i.flash_load)
    i.flash_save                             0x08002134   Section        0  flash.o(i.flash_save)
    i.fmc_erase                              0x080021e8   Section        0  drv_fmc1.o(i.fmc_erase)
    i.fmc_lock                               0x08002204   Section        0  drv_fmc1.o(i.fmc_lock)
    i.fmc_read                               0x0800220c   Section        0  drv_fmc1.o(i.fmc_read)
    i.fmc_read_float                         0x0800221c   Section        0  drv_fmc1.o(i.fmc_read_float)
    i.fmc_unlock                             0x08002224   Section        0  drv_fmc1.o(i.fmc_unlock)
    i.fmc_write_float                        0x0800222c   Section        0  drv_fmc1.o(i.fmc_write_float)
    i.gesture_sequence                       0x08002234   Section        0  gesture_detect.o(i.gesture_sequence)
    i.gestures                               0x0800233c   Section        0  gestures.o(i.gestures)
    i.gestures2                              0x08002440   Section        0  gesture_detect.o(i.gestures2)
    i.gettime                                0x08002544   Section        0  drv_time.o(i.gettime)
    i.gpio_init                              0x0800254c   Section        0  drv_gpio.o(i.gpio_init)
    i.gyro_cal                               0x08002578   Section        0  sixaxis.o(i.gyro_cal)
    i.hw_i2c_init                            0x08002714   Section        0  drv_hw_i2c.o(i.hw_i2c_init)
    i.hw_i2c_readdata                        0x080027a4   Section        0  drv_hw_i2c.o(i.hw_i2c_readdata)
    i.hw_i2c_readreg                         0x08002814   Section        0  drv_hw_i2c.o(i.hw_i2c_readreg)
    i.hw_i2c_sendheader                      0x08002824   Section        0  drv_hw_i2c.o(i.hw_i2c_sendheader)
    i.hw_i2c_writereg                        0x080028a0   Section        0  drv_hw_i2c.o(i.hw_i2c_writereg)
    i.i2c_init                               0x080028e8   Section        0  drv_i2c.o(i.i2c_init)
    i.i2c_readdata                           0x080028f0   Section        0  drv_i2c.o(i.i2c_readdata)
    i.i2c_readreg                            0x080028f8   Section        0  drv_i2c.o(i.i2c_readreg)
    i.i2c_writereg                           0x08002900   Section        0  drv_i2c.o(i.i2c_writereg)
    i.imu_calc                               0x08002908   Section        0  imu.o(i.imu_calc)
    i.imu_init                               0x08002af0   Section        0  imu.o(i.imu_init)
    i.increase_pid                           0x08002b38   Section        0  pid.o(i.increase_pid)
    i.init_timer                             0x08002b42   Section        0  drv_pwm.o(i.init_timer)
    i.led_pwm                                0x08002b5c   Section        0  led.o(i.led_pwm)
    i.ledflash                               0x08002bdc   Section        0  led.o(i.ledflash)
    i.ledoff                                 0x08002c04   Section        0  led.o(i.ledoff)
    i.ledon                                  0x08002c18   Section        0  led.o(i.ledon)
    i.limitf                                 0x08002c2c   Section        0  util.o(i.limitf)
    i.lpf                                    0x08002c52   Section        0  util.o(i.lpf)
    i.lpf2                                   0x08002c80   Section        0  pid.o(i.lpf2)
    i.lpfcalc                                0x08002ccc   Section        0  util.o(i.lpfcalc)
    i.lpfcalc_hz                             0x08002cf0   Section        0  util.o(i.lpfcalc_hz)
    i.lpffilter                              0x08002d14   Section        0  filter.o(i.lpffilter)
    i.lpffilter2                             0x08002d74   Section        0  filter.o(i.lpffilter2)
    i.main                                   0x08002dd4   Section        0  main.o(i.main)
    i.mapf                                   0x080031dc   Section        0  util.o(i.mapf)
    i.motormap                               0x08003216   Section        0  motorcurve.o(i.motormap)
    i.next_pid_axis                          0x08003218   Section        0  pid.o(i.next_pid_axis)
    i.next_pid_term                          0x08003234   Section        0  pid.o(i.next_pid_term)
    i.pid                                    0x0800326c   Section        0  pid.o(i.pid)
    i.pid_precalc                            0x08003520   Section        0  pid.o(i.pid_precalc)
    i.pwm_init                               0x0800359c   Section        0  drv_pwm.o(i.pwm_init)
    i.pwm_set                                0x08003690   Section        0  drv_pwm.o(i.pwm_set)
    i.rcexpo                                 0x080036f0   Section        0  util.o(i.rcexpo)
    i.rgb_init                               0x08003748   Section        0  drv_rgb.o(i.rgb_init)
    i.rotateErrors                           0x0800374c   Section        0  pid.o(i.rotateErrors)
    i.rx_init                                0x080037f0   Section        0  rx_sbus.o(i.rx_init)
    i.sbus_init                              0x080037f4   Section        0  rx_sbus.o(i.sbus_init)
    i.setclock                               0x080038a0   Section        0  drv_clk.o(i.setclock)
    i.sixaxis_check                          0x08003914   Section        0  sixaxis.o(i.sixaxis_check)
    i.sixaxis_init                           0x08003934   Section        0  sixaxis.o(i.sixaxis_init)
    i.sixaxis_read                           0x0800398c   Section        0  sixaxis.o(i.sixaxis_read)
    i.spi_init                               0x08003a7c   Section        0  drv_spi_none.o(i.spi_init)
    i.splpf                                  0x08003a80   Section        0  filter.o(i.splpf)
    i.stick_vector                           0x08003ac0   Section        0  stickvector.o(i.stick_vector)
    i.time_init                              0x08003bfc   Section        0  drv_time.o(i.time_init)
    i.time_update                            0x08003c28   Section        0  drv_time.o(i.time_update)
    i.writeword                              0x08003c5c   Section        0  drv_fmc1.o(i.writeword)
    .constdata                               0x08003c7c   Section       77  gesture_detect.o(.constdata)
    .constdata                               0x08003ccc   Section       24  pid.o(.constdata)
    .init_array                              0x08003d04   Section        4  filter.o(.init_array)
    .init_array                              0x08003d08   Section        0  cpp_init.o(.init_array)
    .data                                    0x20000000   Section       36  control.o(.data)
    throttle_i                               0x20000014   Data           4  control.o(.data)
    .data                                    0x20000024   Section       56  main.o(.data)
    z                                        0x20000048   Data           4  main.o(.data)
    minindex                                 0x2000004c   Data           4  main.o(.data)
    firstrun                                 0x20000050   Data           4  main.o(.data)
    .data                                    0x2000005c   Section        4  main.o(.data)
    .data                                    0x20000060   Section        4  main.o(.data)
    .data                                    0x20000064   Section        4  main.o(.data)
    .data                                    0x20000068   Section        4  main.o(.data)
    .data                                    0x2000006c   Section        4  main.o(.data)
    .data                                    0x20000070   Section        4  main.o(.data)
    .data                                    0x20000074   Section        8  flash.o(.data)
    .data                                    0x2000007c   Section        4  gestures.o(.data)
    .data                                    0x20000080   Section       23  gesture_detect.o(.data)
    gesturetime                              0x2000008c   Data           4  gesture_detect.o(.data)
    .data                                    0x20000098   Section       84  rx_sbus.o(.data)
    lastticks                                0x200000c8   Data           4  rx_sbus.o(.data)
    fps                                      0x200000cc   Data           4  rx_sbus.o(.data)
    secondtime                               0x200000d0   Data           4  rx_sbus.o(.data)
    frame_count                              0x200000d4   Data           4  rx_sbus.o(.data)
    .data                                    0x200000ec   Section       20  led.o(.data)
    loopcount                                0x200000f4   Data           4  led.o(.data)
    ds_integrator                            0x200000f8   Data           4  led.o(.data)
    .data                                    0x20000100   Section        4  sixaxis.o(.data)
    brightness                               0x20000100   Data           4  sixaxis.o(.data)
    .data                                    0x20000104   Section       20  stickvector.o(.data)
    .data                                    0x20000118   Section       12  imu.o(.data)
    .data                                    0x20000124   Section       36  flip_sequencer.o(.data)
    .data                                    0x20000148   Section        8  filter.o(.data)
    .data                                    0x20000150   Section       72  angle_pid.o(.data)
    .data                                    0x20000198   Section      104  pid.o(.data)
    two_one_minus_alpha                      0x200001a8   Data           4  pid.o(.data)
    one_minus_alpha_sqr                      0x200001ac   Data           4  pid.o(.data)
    alpha_sqr                                0x200001b0   Data           4  pid.o(.data)
    .data                                    0x20000200   Section       12  pid.o(.data)
    .data                                    0x2000020c   Section        8  drv_adc.o(.data)
    .data                                    0x20000214   Section        4  drv_i2c.o(.data)
    .data                                    0x20000218   Section       12  drv_time.o(.data)
    remainder                                0x20000218   Data           4  drv_time.o(.data)
    .data                                    0x20000224   Section        1  drv_hw_i2c.o(.data)
    i                                        0x20000224   Data           1  drv_hw_i2c.o(.data)
    .data                                    0x20000225   Section       16  stm32f0xx_rcc.o(.data)
    APBAHBPrescTable                         0x20000225   Data          16  stm32f0xx_rcc.o(.data)
    .bss                                     0x20000238   Section      188  control.o(.bss)
    lastratexx                               0x20000238   Data          64  control.o(.bss)
    .bss                                     0x200002f4   Section      208  main.o(.bss)
    lastout                                  0x20000304   Data          48  main.o(.bss)
    lastin                                   0x20000334   Data          48  main.o(.bss)
    vcomp                                    0x20000364   Data          48  main.o(.bss)
    score                                    0x20000394   Data          48  main.o(.bss)
    .bss                                     0x200003c4   Section       16  main.o(.bss)
    .bss                                     0x200003d4   Section      217  rx_sbus.o(.bss)
    .bss                                     0x200004b0   Section       48  sixaxis.o(.bss)
    .bss                                     0x200004e0   Section       12  stickvector.o(.bss)
    .bss                                     0x200004ec   Section       12  imu.o(.bss)
    .bss                                     0x200004f8   Section       16  flip_sequencer.o(.bss)
    .bss                                     0x20000508   Section      120  filter.o(.bss)
    .bss                                     0x20000580   Section      228  pid.o(.bss)
    avgSetpoint                              0x200005ec   Data          12  pid.o(.bss)
    count                                    0x200005f8   Data          12  pid.o(.bss)
    lastrate                                 0x20000604   Data          12  pid.o(.bss)
    lastsetpoint                             0x20000610   Data          12  pid.o(.bss)
    lasterror                                0x20000634   Data          12  pid.o(.bss)
    lasterror2                               0x20000640   Data          12  pid.o(.bss)
    last_out                                 0x2000064c   Data          12  pid.o(.bss)
    last_out2                                0x20000658   Data          12  pid.o(.bss)
    .bss                                     0x20000664   Section       20  drv_pwm.o(.bss)
    STACK                                    0x20000678   Section     1024  startup_stm32f031.o(STACK)

    Global Symbols

    Symbol Name                              Value     Ov Type        Size  Object(Section)

    BuildAttributes$$THM_ISAv3M$S$PE$A:L22$X:L11$S22$IEEE1$IW$USESV6$~STKCKD$USESV7$~SHL$OTIME$ROPI$EBA8$UX$MICROLIB$REQ8$PRES8$EABIv2 0x00000000   Number         0  anon$$obj.o ABSOLUTE
    __ARM_use_no_argv                        0x00000000   Number         0  main.o ABSOLUTE
    SHT$$ARM_EXIDX$$Base                      - Undefined Reference
    SHT$$ARM_EXIDX$$Limit                     - Undefined Reference
    __aeabi_unwind_cpp_pr1                    - Undefined Weak Reference
    __aeabi_unwind_cpp_pr2                    - Undefined Weak Reference
    __cxa_begin_cleanup                       - Undefined Weak Reference
    __cxa_call_unexpected                     - Undefined Weak Reference
    __cxa_finalize                            - Undefined Weak Reference
    __cxa_type_match                          - Undefined Weak Reference
    _clock_init                               - Undefined Weak Reference
    _microlib_exit                            - Undefined Weak Reference
    __Vectors_Size                           0x000000b0   Number         0  startup_stm32f031.o ABSOLUTE
    __Vectors                                0x08000000   Data           4  startup_stm32f031.o(RESET)
    __Vectors_End                            0x080000b0   Data           0  startup_stm32f031.o(RESET)
    __main                                   0x080000b1   Thumb Code     0  entry.o(.ARM.Collect$$$$00000000)
    _main_stk                                0x080000b1   Thumb Code     0  entry2.o(.ARM.Collect$$$$00000001)
    _main_scatterload                        0x080000b5   Thumb Code     0  entry5.o(.ARM.Collect$$$$00000004)
    __main_after_scatterload                 0x080000b9   Thumb Code     0  entry5.o(.ARM.Collect$$$$00000004)
    _main_clock                              0x080000b9   Thumb Code     0  entry7b.o(.ARM.Collect$$$$00000008)
    _main_cpp_init$empty                     0x080000b9   Thumb Code     0  entry8a.o(.ARM.Collect$$$$00000009)
    _main_cpp_init                           0x080000bd   Thumb Code     0  entry8b.o(.ARM.Collect$$$$0000000A)
    _main_init                               0x080000bd   Thumb Code     0  entry9a.o(.ARM.Collect$$$$0000000B)
    __rt_final_cpp                           0x080000c5   Thumb Code     0  entry10a.o(.ARM.Collect$$$$0000000D)
    __rt_final_exit                          0x080000c5   Thumb Code     0  entry11a.o(.ARM.Collect$$$$0000000F)
    Reset_Handler                            0x080000c9   Thumb Code    38  startup_stm32f031.o(.text)
    NMI_Handler                              0x080000ef   Thumb Code     2  startup_stm32f031.o(.text)
    SVC_Handler                              0x080000f3   Thumb Code     2  startup_stm32f031.o(.text)
    PendSV_Handler                           0x080000f5   Thumb Code     2  startup_stm32f031.o(.text)
    ADC1_IRQHandler                          0x080000f9   Thumb Code     0  startup_stm32f031.o(.text)
    DMA1_Channel1_IRQHandler                 0x080000f9   Thumb Code     0  startup_stm32f031.o(.text)
    DMA1_Channel2_3_IRQHandler               0x080000f9   Thumb Code     0  startup_stm32f031.o(.text)
    DMA1_Channel4_5_IRQHandler               0x080000f9   Thumb Code     0  startup_stm32f031.o(.text)
    EXTI0_1_IRQHandler                       0x080000f9   Thumb Code     0  startup_stm32f031.o(.text)
    EXTI2_3_IRQHandler                       0x080000f9   Thumb Code     0  startup_stm32f031.o(.text)
    EXTI4_15_IRQHandler                      0x080000f9   Thumb Code     0  startup_stm32f031.o(.text)
    FLASH_IRQHandler                         0x080000f9   Thumb Code     0  startup_stm32f031.o(.text)
    I2C1_IRQHandler                          0x080000f9   Thumb Code     0  startup_stm32f031.o(.text)
    PVD_IRQHandler                           0x080000f9   Thumb Code     0  startup_stm32f031.o(.text)
    RCC_IRQHandler                           0x080000f9   Thumb Code     0  startup_stm32f031.o(.text)
    RTC_IRQHandler                           0x080000f9   Thumb Code     0  startup_stm32f031.o(.text)
    SPI1_IRQHandler                          0x080000f9   Thumb Code     0  startup_stm32f031.o(.text)
    TIM14_IRQHandler                         0x080000f9   Thumb Code     0  startup_stm32f031.o(.text)
    TIM16_IRQHandler                         0x080000f9   Thumb Code     0  startup_stm32f031.o(.text)
    TIM17_IRQHandler                         0x080000f9   Thumb Code     0  startup_stm32f031.o(.text)
    TIM1_BRK_UP_TRG_COM_IRQHandler           0x080000f9   Thumb Code     0  startup_stm32f031.o(.text)
    TIM1_CC_IRQHandler                       0x080000f9   Thumb Code     0  startup_stm32f031.o(.text)
    TIM2_IRQHandler                          0x080000f9   Thumb Code     0  startup_stm32f031.o(.text)
    TIM3_IRQHandler                          0x080000f9   Thumb Code     0  startup_stm32f031.o(.text)
    WWDG_IRQHandler                          0x080000f9   Thumb Code     0  startup_stm32f031.o(.text)
    __aeabi_uidiv                            0x08000121   Thumb Code     0  uidiv.o(.text)
    __aeabi_uidivmod                         0x08000121   Thumb Code    44  uidiv.o(.text)
    __cpp_initialize__aeabi_                 0x0800014d   Thumb Code    22  cpp_init.o(.text)
    __aeabi_fadd                             0x0800016d   Thumb Code   162  fadd.o(.text)
    __aeabi_fsub                             0x0800020f   Thumb Code     8  fadd.o(.text)
    __aeabi_frsub                            0x08000217   Thumb Code     8  fadd.o(.text)
    __aeabi_fmul                             0x0800021f   Thumb Code   122  fmul.o(.text)
    __aeabi_fdiv                             0x08000299   Thumb Code   124  fdiv.o(.text)
    __ARM_scalbnf                            0x08000315   Thumb Code    24  fscalb.o(.text)
    scalbnf                                  0x08000315   Thumb Code     0  fscalb.o(.text)
    __aeabi_i2f                              0x0800032d   Thumb Code    22  fflti.o(.text)
    __aeabi_ui2f                             0x08000343   Thumb Code    14  ffltui.o(.text)
    __aeabi_f2iz                             0x08000351   Thumb Code    50  ffixi.o(.text)
    __aeabi_cfcmpeq                          0x08000385   Thumb Code     0  cfcmple.o(.text)
    __aeabi_cfcmple                          0x08000385   Thumb Code    20  cfcmple.o(.text)
    __aeabi_cfrcmple                         0x08000399   Thumb Code    20  cfrcmple.o(.text)
    __I$use$fp                               0x080003ad   Thumb Code     0  iusefp.o(.text)
    _float_round                             0x080003ad   Thumb Code    16  fepilogue.o(.text)
    _float_epilogue                          0x080003bd   Thumb Code   114  fepilogue.o(.text)
    __scatterload                            0x08000431   Thumb Code    28  init.o(.text)
    __scatterload_rt2                        0x08000431   Thumb Code     0  init.o(.text)
    __decompress                             0x08000455   Thumb Code     0  __dczerorl2.o(.text)
    __decompress1                            0x08000455   Thumb Code    86  __dczerorl2.o(.text)
    ADC_ChannelConfig                        0x080004ab   Thumb Code    10  stm32f0xx_adc.o(i.ADC_ChannelConfig)
    ADC_Cmd                                  0x080004b5   Thumb Code    18  stm32f0xx_adc.o(i.ADC_Cmd)
    ADC_DMACmd                               0x080004c7   Thumb Code    20  stm32f0xx_adc.o(i.ADC_DMACmd)
    ADC_DMARequestModeConfig                 0x080004db   Thumb Code    16  stm32f0xx_adc.o(i.ADC_DMARequestModeConfig)
    ADC_GetCalibrationFactor                 0x080004eb   Thumb Code    46  stm32f0xx_adc.o(i.ADC_GetCalibrationFactor)
    ADC_Init                                 0x08000519   Thumb Code    38  stm32f0xx_adc.o(i.ADC_Init)
    ADC_StartOfConversion                    0x08000545   Thumb Code    10  stm32f0xx_adc.o(i.ADC_StartOfConversion)
    ADC_StructInit                           0x0800054f   Thumb Code    16  stm32f0xx_adc.o(i.ADC_StructInit)
    ADC_VrefintCmd                           0x08000561   Thumb Code    22  stm32f0xx_adc.o(i.ADC_VrefintCmd)
    DMA_Cmd                                  0x0800057d   Thumb Code    20  stm32f0xx_dma.o(i.DMA_Cmd)
    DMA_Init                                 0x08000595   Thumb Code    56  stm32f0xx_dma.o(i.DMA_Init)
    FLASH_ErasePage                          0x080005d1   Thumb Code    52  stm32f0xx_flash.o(i.FLASH_ErasePage)
    FLASH_GetStatus                          0x08000609   Thumb Code    34  stm32f0xx_flash.o(i.FLASH_GetStatus)
    FLASH_Lock                               0x08000631   Thumb Code    12  stm32f0xx_flash.o(i.FLASH_Lock)
    FLASH_ProgramWord                        0x08000641   Thumb Code    70  stm32f0xx_flash.o(i.FLASH_ProgramWord)
    FLASH_Unlock                             0x0800068d   Thumb Code    18  stm32f0xx_flash.o(i.FLASH_Unlock)
    FLASH_WaitForLastOperation               0x080006ad   Thumb Code    34  stm32f0xx_flash.o(i.FLASH_WaitForLastOperation)
    GPIO_Init                                0x080006cf   Thumb Code   112  stm32f0xx_gpio.o(i.GPIO_Init)
    GPIO_PinAFConfig                         0x0800073f   Thumb Code    32  stm32f0xx_gpio.o(i.GPIO_PinAFConfig)
    GPIO_ResetBits                           0x0800075f   Thumb Code     4  stm32f0xx_gpio.o(i.GPIO_ResetBits)
    GPIO_SetBits                             0x08000763   Thumb Code     4  stm32f0xx_gpio.o(i.GPIO_SetBits)
    HardFault_Handler                        0x08000767   Thumb Code     6  main.o(i.HardFault_Handler)
    I2C_Cmd                                  0x0800076d   Thumb Code    20  stm32f0xx_i2c.o(i.I2C_Cmd)
    I2C_GenerateSTOP                         0x08000781   Thumb Code    20  stm32f0xx_i2c.o(i.I2C_GenerateSTOP)
    I2C_GetFlagStatus                        0x08000795   Thumb Code    14  stm32f0xx_i2c.o(i.I2C_GetFlagStatus)
    I2C_Init                                 0x080007a5   Thumb Code    92  stm32f0xx_i2c.o(i.I2C_Init)
    I2C_ReceiveData                          0x08000809   Thumb Code     6  stm32f0xx_i2c.o(i.I2C_ReceiveData)
    I2C_SendData                             0x0800080f   Thumb Code     4  stm32f0xx_i2c.o(i.I2C_SendData)
    I2C_TransferHandling                     0x08000815   Thumb Code    28  stm32f0xx_i2c.o(i.I2C_TransferHandling)
    NVIC_Init                                0x08000835   Thumb Code    70  stm32f0xx_misc.o(i.NVIC_Init)
    Q_rsqrt                                  0x08000885   Thumb Code    80  imu.o(i.Q_rsqrt)
    RCC_AHBPeriphClockCmd                    0x080008d9   Thumb Code    18  stm32f0xx_rcc.o(i.RCC_AHBPeriphClockCmd)
    RCC_APB1PeriphClockCmd                   0x080008f1   Thumb Code    18  stm32f0xx_rcc.o(i.RCC_APB1PeriphClockCmd)
    RCC_APB2PeriphClockCmd                   0x08000909   Thumb Code    18  stm32f0xx_rcc.o(i.RCC_APB2PeriphClockCmd)
    RCC_GetClocksFreq                        0x08000921   Thumb Code   284  stm32f0xx_rcc.o(i.RCC_GetClocksFreq)
    RCC_I2CCLKConfig                         0x08000a59   Thumb Code    18  stm32f0xx_rcc.o(i.RCC_I2CCLKConfig)
    SYSCFG_I2CFastModePlusConfig             0x08000a71   Thumb Code    18  stm32f0xx_syscfg.o(i.SYSCFG_I2CFastModePlusConfig)
    SysTick_Handler                          0x08000ae9   Thumb Code     2  drv_time.o(i.SysTick_Handler)
    SystemInit                               0x08000aed   Thumb Code    84  system_stm32f0xx.o(i.SystemInit)
    TIM_Cmd                                  0x08000b4d   Thumb Code    20  stm32f0xx_tim.o(i.TIM_Cmd)
    TIM_CtrlPWMOutputs                       0x08000b61   Thumb Code    24  stm32f0xx_tim.o(i.TIM_CtrlPWMOutputs)
    TIM_OC1Init                              0x08000b79   Thumb Code   104  stm32f0xx_tim.o(i.TIM_OC1Init)
    TIM_OC2Init                              0x08000bf5   Thumb Code   124  stm32f0xx_tim.o(i.TIM_OC2Init)
    TIM_OC4Init                              0x08000c85   Thumb Code    78  stm32f0xx_tim.o(i.TIM_OC4Init)
    TIM_TimeBaseInit                         0x08000ce9   Thumb Code    88  stm32f0xx_tim.o(i.TIM_TimeBaseInit)
    USART1_IRQHandler                        0x08000d5d   Thumb Code   102  rx_sbus.o(i.USART1_IRQHandler)
    USART_ClearFlag                          0x08000dd5   Thumb Code     4  stm32f0xx_usart.o(i.USART_ClearFlag)
    USART_Cmd                                0x08000dd9   Thumb Code    20  stm32f0xx_usart.o(i.USART_Cmd)
    USART_GetFlagStatus                      0x08000ded   Thumb Code    14  stm32f0xx_usart.o(i.USART_GetFlagStatus)
    USART_ITConfig                           0x08000dfb   Thumb Code    42  stm32f0xx_usart.o(i.USART_ITConfig)
    USART_Init                               0x08000e25   Thumb Code   138  stm32f0xx_usart.o(i.USART_Init)
    USART_InvPinCmd                          0x08000ec1   Thumb Code    16  stm32f0xx_usart.o(i.USART_InvPinCmd)
    USART_ReceiveData                        0x08000ed1   Thumb Code     8  stm32f0xx_usart.o(i.USART_ReceiveData)
    filter_kalman::filter_kalman()           0x08000ed9   Thumb Code    14  filter.o(i._ZN13filter_kalmanC1Ev)
    filter_kalman::filter_kalman__sub_object() 0x08000ed9   Thumb Code     0  filter.o(i._ZN13filter_kalmanC1Ev)
    filter_kalman2::filter_kalman2()         0x08000ef1   Thumb Code    14  filter.o(i._ZN14filter_kalman2C1Ev)
    filter_kalman2::filter_kalman2__sub_object() 0x08000ef1   Thumb Code     0  filter.o(i._ZN14filter_kalman2C1Ev)
    FilterSP::FilterSP()                     0x08000f09   Thumb Code     6  filter.o(i._ZN8FilterSPC1Ev)
    FilterSP::FilterSP__sub_object()         0x08000f09   Thumb Code     0  filter.o(i._ZN8FilterSPC1Ev)
    __aeabi_vec_ctor_nocookie_nodtor         0x08000f0f   Thumb Code    34  aeabi_vec_ctor_nocookie_nodtor.o(i.__aeabi_vec_ctor_nocookie_nodtor)
    __scatterload_copy                       0x08000f31   Thumb Code    14  handlers.o(i.__scatterload_copy)
    __scatterload_null                       0x08000f3f   Thumb Code     2  handlers.o(i.__scatterload_null)
    __scatterload_zeroinit                   0x08000f41   Thumb Code    14  handlers.o(i.__scatterload_zeroinit)
    acc_cal                                  0x08000f99   Thumb Code    88  sixaxis.o(i.acc_cal)
    adc_init                                 0x08000ffd   Thumb Code   210  drv_adc.o(i.adc_init)
    adc_read                                 0x080010e1   Thumb Code    48  drv_adc.o(i.adc_read)
    apid                                     0x08001119   Thumb Code   198  angle_pid.o(i.apid)
    atan2approx                              0x080011e9   Thumb Code   174  imu.o(i.atan2approx)
    calcmagnitude                            0x080012b9   Thumb Code    50  imu.o(i.calcmagnitude)
    change_pid_value                         0x080012ed   Thumb Code   116  pid.o(i.change_pid_value)
    check_command                            0x08001371   Thumb Code    34  gesture_detect.o(i.check_command)
    checkrx                                  0x08001395   Thumb Code   824  rx_sbus.o(i.checkrx)
    clk_init                                 0x080016f9   Thumb Code     8  drv_clk.o(i.clk_init)
    control                                  0x08001701   Thumb Code  1996  control.o(i.control)
    decrease_pid                             0x08001f49   Thumb Code    10  pid.o(i.decrease_pid)
    delay                                    0x08001f53   Thumb Code    20  drv_time.o(i.delay)
    failloop                                 0x08001f69   Thumb Code    64  main.o(i.failloop)
    fastcos                                  0x08001fad   Thumb Code    14  util.o(i.fastcos)
    fastsin                                  0x08001fc1   Thumb Code    82  util.o(i.fastsin)
    flash_get_hard_coded_pid_identifier      0x08002029   Thumb Code    74  flash.o(i.flash_get_hard_coded_pid_identifier)
    flash_hard_coded_pid_identifier          0x0800207d   Thumb Code    12  flash.o(i.flash_hard_coded_pid_identifier)
    flash_load                               0x0800208d   Thumb Code   144  flash.o(i.flash_load)
    flash_save                               0x08002135   Thumb Code   154  flash.o(i.flash_save)
    fmc_erase                                0x080021e9   Thumb Code    24  drv_fmc1.o(i.fmc_erase)
    fmc_lock                                 0x08002205   Thumb Code     8  drv_fmc1.o(i.fmc_lock)
    fmc_read                                 0x0800220d   Thumb Code    10  drv_fmc1.o(i.fmc_read)
    fmc_read_float                           0x0800221d   Thumb Code     8  drv_fmc1.o(i.fmc_read_float)
    fmc_unlock                               0x08002225   Thumb Code     8  drv_fmc1.o(i.fmc_unlock)
    fmc_write_float                          0x0800222d   Thumb Code     8  drv_fmc1.o(i.fmc_write_float)
    gesture_sequence                         0x08002235   Thumb Code   254  gesture_detect.o(i.gesture_sequence)
    gestures                                 0x0800233d   Thumb Code   226  gestures.o(i.gestures)
    gestures2                                0x08002441   Thumb Code   224  gesture_detect.o(i.gestures2)
    gettime                                  0x08002545   Thumb Code     8  drv_time.o(i.gettime)
    gpio_init                                0x0800254d   Thumb Code    40  drv_gpio.o(i.gpio_init)
    gyro_cal                                 0x08002579   Thumb Code   370  sixaxis.o(i.gyro_cal)
    hw_i2c_init                              0x08002715   Thumb Code   134  drv_hw_i2c.o(i.hw_i2c_init)
    hw_i2c_readdata                          0x080027a5   Thumb Code   100  drv_hw_i2c.o(i.hw_i2c_readdata)
    hw_i2c_readreg                           0x08002815   Thumb Code    14  drv_hw_i2c.o(i.hw_i2c_readreg)
    hw_i2c_sendheader                        0x08002825   Thumb Code   116  drv_hw_i2c.o(i.hw_i2c_sendheader)
    hw_i2c_writereg                          0x080028a1   Thumb Code    62  drv_hw_i2c.o(i.hw_i2c_writereg)
    i2c_init                                 0x080028e9   Thumb Code     8  drv_i2c.o(i.i2c_init)
    i2c_readdata                             0x080028f1   Thumb Code     8  drv_i2c.o(i.i2c_readdata)
    i2c_readreg                              0x080028f9   Thumb Code     8  drv_i2c.o(i.i2c_readreg)
    i2c_writereg                             0x08002901   Thumb Code     8  drv_i2c.o(i.i2c_writereg)
    imu_calc                                 0x08002909   Thumb Code   442  imu.o(i.imu_calc)
    imu_init                                 0x08002af1   Thumb Code    58  imu.o(i.imu_init)
    increase_pid                             0x08002b39   Thumb Code    10  pid.o(i.increase_pid)
    init_timer                               0x08002b43   Thumb Code    24  drv_pwm.o(i.init_timer)
    led_pwm                                  0x08002b5d   Thumb Code   110  led.o(i.led_pwm)
    ledflash                                 0x08002bdd   Thumb Code    40  led.o(i.ledflash)
    ledoff                                   0x08002c05   Thumb Code    16  led.o(i.ledoff)
    ledon                                    0x08002c19   Thumb Code    16  led.o(i.ledon)
    limitf                                   0x08002c2d   Thumb Code    38  util.o(i.limitf)
    lpf                                      0x08002c53   Thumb Code    44  util.o(i.lpf)
    lpf2                                     0x08002c81   Thumb Code    68  pid.o(i.lpf2)
    lpfcalc                                  0x08002ccd   Thumb Code    36  util.o(i.lpfcalc)
    lpfcalc_hz                               0x08002cf1   Thumb Code    36  util.o(i.lpfcalc_hz)
    lpffilter                                0x08002d15   Thumb Code    92  filter.o(i.lpffilter)
    lpffilter2                               0x08002d75   Thumb Code    92  filter.o(i.lpffilter2)
    main                                     0x08002dd5   Thumb Code   936  main.o(i.main)
    mapf                                     0x080031dd   Thumb Code    58  util.o(i.mapf)
    motormap                                 0x08003217   Thumb Code     2  motorcurve.o(i.motormap)
    next_pid_axis                            0x08003219   Thumb Code    22  pid.o(i.next_pid_axis)
    next_pid_term                            0x08003235   Thumb Code    52  pid.o(i.next_pid_term)
    pid                                      0x0800326d   Thumb Code   638  pid.o(i.pid)
    pid_precalc                              0x08003521   Thumb Code    82  pid.o(i.pid_precalc)
    pwm_init                                 0x0800359d   Thumb Code   222  drv_pwm.o(i.pwm_init)
    pwm_set                                  0x08003691   Thumb Code    80  drv_pwm.o(i.pwm_set)
    rcexpo                                   0x080036f1   Thumb Code    82  util.o(i.rcexpo)
    rgb_init                                 0x08003749   Thumb Code     2  drv_rgb.o(i.rgb_init)
    rotateErrors                             0x0800374d   Thumb Code   150  pid.o(i.rotateErrors)
    rx_init                                  0x080037f1   Thumb Code     2  rx_sbus.o(i.rx_init)
    sbus_init                                0x080037f5   Thumb Code   150  rx_sbus.o(i.sbus_init)
    setclock                                 0x080038a1   Thumb Code   110  drv_clk.o(i.setclock)
    sixaxis_check                            0x08003915   Thumb Code    32  sixaxis.o(i.sixaxis_check)
    sixaxis_init                             0x08003935   Thumb Code    84  sixaxis.o(i.sixaxis_init)
    sixaxis_read                             0x0800398d   Thumb Code   228  sixaxis.o(i.sixaxis_read)
    spi_init                                 0x08003a7d   Thumb Code     2  drv_spi_none.o(i.spi_init)
    splpf                                    0x08003a81   Thumb Code    50  filter.o(i.splpf)
    stick_vector                             0x08003ac1   Thumb Code   286  stickvector.o(i.stick_vector)
    time_init                                0x08003bfd   Thumb Code    32  drv_time.o(i.time_init)
    time_update                              0x08003c29   Thumb Code    44  drv_time.o(i.time_update)
    writeword                                0x08003c5d   Thumb Code    28  drv_fmc1.o(i.writeword)
    command11                                0x08003c7c   Data           7  gesture_detect.o(.constdata)
    command10                                0x08003c83   Data           7  gesture_detect.o(.constdata)
    command9                                 0x08003c8a   Data           7  gesture_detect.o(.constdata)
    command1                                 0x08003c91   Data           7  gesture_detect.o(.constdata)
    command2                                 0x08003c98   Data           7  gesture_detect.o(.constdata)
    command3                                 0x08003c9f   Data           7  gesture_detect.o(.constdata)
    command8                                 0x08003ca6   Data           7  gesture_detect.o(.constdata)
    command4                                 0x08003cad   Data           7  gesture_detect.o(.constdata)
    command5                                 0x08003cb4   Data           7  gesture_detect.o(.constdata)
    command6                                 0x08003cbb   Data           7  gesture_detect.o(.constdata)
    command7                                 0x08003cc2   Data           7  gesture_detect.o(.constdata)
    outlimit                                 0x08003ccc   Data          12  pid.o(.constdata)
    integrallimit                            0x08003cd8   Data          12  pid.o(.constdata)
    Region$$Table$$Base                      0x08003ce4   Number         0  anon$$obj.o(Region$$Table)
    Region$$Table$$Limit                     0x08003d04   Number         0  anon$$obj.o(Region$$Table)
    SHT$$INIT_ARRAY$$Base                    0x08003d04   Number         0  filter.o(.init_array)
    SHT$$INIT_ARRAY$$Limit                   0x08003d08   Number         0  cpp_init.o(.init_array)
    onground                                 0x20000000   Data           4  control.o(.data)
    onground_long                            0x20000004   Data           4  control.o(.data)
    overthrottlefilt                         0x20000008   Data           4  control.o(.data)
    underthrottlefilt                        0x2000000c   Data           4  control.o(.data)
    R                                        0x20000010   Data           4  control.o(.data)
    throttle                                 0x20000018   Data           4  control.o(.data)
    idle_state                               0x2000001c   Data           4  control.o(.data)
    thrsum                                   0x20000020   Data           4  control.o(.data)
    vbattfilt                                0x20000024   Data           4  main.o(.data)
    vbatt_comp                               0x20000028   Data           4  main.o(.data)
    vreffilt                                 0x2000002c   Data           4  main.o(.data)
    thrfilt                                  0x20000030   Data           4  main.o(.data)
    lowbatt                                  0x20000034   Data           4  main.o(.data)
    lipo_cell_count                          0x20000038   Data           4  main.o(.data)
    ledcommand                               0x2000003c   Data           4  main.o(.data)
    ledblink                                 0x20000040   Data           4  main.o(.data)
    ledcommandtime                           0x20000044   Data           4  main.o(.data)
    looptime                                 0x20000054   Data           4  main.o(.data)
    lastlooptime                             0x20000058   Data           4  main.o(.data)
    binding_while_armed                      0x2000005c   Data           4  main.o(.data)
    flash_feature_2                          0x20000060   Data           4  main.o(.data)
    flash_feature_3                          0x20000064   Data           4  main.o(.data)
    in_air                                   0x20000068   Data           4  main.o(.data)
    armed_state                              0x2000006c   Data           4  main.o(.data)
    arming_release                           0x20000070   Data           4  main.o(.data)
    initial_pid_identifier                   0x20000074   Data           4  flash.o(.data)
    saved_pid_identifier                     0x20000078   Data           4  flash.o(.data)
    pid_gestures_used                        0x2000007c   Data           4  gestures.o(.data)
    gesture_start                            0x20000080   Data           4  gesture_detect.o(.data)
    lastgesture                              0x20000084   Data           4  gesture_detect.o(.data)
    setgesture                               0x20000088   Data           4  gesture_detect.o(.data)
    gbuffer                                  0x20000090   Data           7  gesture_detect.o(.data)
    rx_start                                 0x20000098   Data           1  rx_sbus.o(.data)
    rx_end                                   0x20000099   Data           1  rx_sbus.o(.data)
    framestart                               0x2000009a   Data           1  rx_sbus.o(.data)
    failsafe                                 0x2000009c   Data           4  rx_sbus.o(.data)
    rxmode                                   0x200000a0   Data           4  rx_sbus.o(.data)
    rx_ready                                 0x200000a4   Data           4  rx_sbus.o(.data)
    framestarted                             0x200000a8   Data           4  rx_sbus.o(.data)
    last_byte                                0x200000ac   Data           4  rx_sbus.o(.data)
    frame_received                           0x200000b0   Data           4  rx_sbus.o(.data)
    rx_state                                 0x200000b4   Data           4  rx_sbus.o(.data)
    bind_safety                              0x200000b8   Data           4  rx_sbus.o(.data)
    failsafe_sbus_failsafe                   0x200000bc   Data           4  rx_sbus.o(.data)
    failsafe_siglost                         0x200000c0   Data           4  rx_sbus.o(.data)
    failsafe_noframes                        0x200000c4   Data           4  rx_sbus.o(.data)
    time_siglost                             0x200000d8   Data           4  rx_sbus.o(.data)
    time_lastframe                           0x200000dc   Data           4  rx_sbus.o(.data)
    stat_framestartcount                     0x200000e0   Data           4  rx_sbus.o(.data)
    stat_garbage                             0x200000e4   Data           4  rx_sbus.o(.data)
    stat_frames_second                       0x200000e8   Data           4  rx_sbus.o(.data)
    ledlevel                                 0x200000ec   Data           4  led.o(.data)
    lastledbrightness                        0x200000f0   Data           4  led.o(.data)
    lastledtime                              0x200000fc   Data           4  led.o(.data)
    last_rx                                  0x20000104   Data           8  stickvector.o(.data)
    stickvector                              0x2000010c   Data          12  stickvector.o(.data)
    GEstG                                    0x20000118   Data          12  imu.o(.data)
    acro_override                            0x20000124   Data           4  flip_sequencer.o(.data)
    level_override                           0x20000128   Data           4  flip_sequencer.o(.data)
    controls_override                        0x2000012c   Data           4  flip_sequencer.o(.data)
    isflipping                               0x20000130   Data           4  flip_sequencer.o(.data)
    flipstage                                0x20000134   Data           4  flip_sequencer.o(.data)
    flipindex                                0x20000138   Data           4  flip_sequencer.o(.data)
    flipdir                                  0x2000013c   Data           4  flip_sequencer.o(.data)
    fliptime                                 0x20000140   Data           4  flip_sequencer.o(.data)
    levelmodetime                            0x20000144   Data           4  flip_sequencer.o(.data)
    throttlehpf1                             0x20000148   Data           8  filter.o(.data)
    apidkp1                                  0x20000150   Data           8  angle_pid.o(.data)
    apidkd1                                  0x20000158   Data           8  angle_pid.o(.data)
    apidkp2                                  0x20000160   Data           8  angle_pid.o(.data)
    apidkd2                                  0x20000168   Data           8  angle_pid.o(.data)
    apidoutput1                              0x20000170   Data           8  angle_pid.o(.data)
    apidoutput2                              0x20000178   Data           8  angle_pid.o(.data)
    angleerror                               0x20000180   Data           8  angle_pid.o(.data)
    lasterror                                0x20000188   Data           8  angle_pid.o(.data)
    apidoutput                               0x20000190   Data           8  angle_pid.o(.data)
    current_pid_axis                         0x20000198   Data           4  pid.o(.data)
    current_pid_term                         0x2000019c   Data           4  pid.o(.data)
    current_pid_term_pointer                 0x200001a0   Data           4  pid.o(.data)
    v_compensation                           0x200001a4   Data           4  pid.o(.data)
    timefactor                               0x200001b4   Data           4  pid.o(.data)
    stickAcceleratorProfileB                 0x200001b8   Data          12  pid.o(.data)
    stickTransitionProfileB                  0x200001c4   Data          12  pid.o(.data)
    pidkp                                    0x200001d0   Data          12  pid.o(.data)
    pidki                                    0x200001dc   Data          12  pid.o(.data)
    pidkd                                    0x200001e8   Data          12  pid.o(.data)
    b                                        0x200001f4   Data          12  pid.o(.data)
    pids_array                               0x20000200   Data          12  pid.o(.data)
    adcarray                                 0x2000020c   Data           4  drv_adc.o(.data)
    vref_cal                                 0x20000210   Data           4  drv_adc.o(.data)
    liberror                                 0x20000214   Data           4  drv_i2c.o(.data)
    lastticks                                0x2000021c   Data           4  drv_time.o(.data)
    globalticks                              0x20000220   Data           4  drv_time.o(.data)
    error                                    0x20000278   Data          12  control.o(.bss)
    rxcopy                                   0x20000284   Data          16  control.o(.bss)
    motor_filt                               0x20000294   Data          16  control.o(.bss)
    hann_lastsample                          0x200002a4   Data          16  control.o(.bss)
    hann_lastsample2                         0x200002b4   Data          16  control.o(.bss)
    x_est_last                               0x200002c4   Data          16  control.o(.bss)
    P_last                                   0x200002d4   Data          16  control.o(.bss)
    clip_feedforward                         0x200002e4   Data          16  control.o(.bss)
    aux                                      0x200002f4   Data          16  main.o(.bss)
    rx                                       0x200003c4   Data          16  main.o(.bss)
    rx_buffer                                0x200003d4   Data          64  rx_sbus.o(.bss)
    rx_time                                  0x20000414   Data         128  rx_sbus.o(.bss)
    data                                     0x20000494   Data          25  rx_sbus.o(.bss)
    accel                                    0x200004b0   Data          12  sixaxis.o(.bss)
    gyro                                     0x200004bc   Data          12  sixaxis.o(.bss)
    accelcal                                 0x200004c8   Data          12  sixaxis.o(.bss)
    gyrocal                                  0x200004d4   Data          12  sixaxis.o(.bss)
    errorvect                                0x200004e0   Data          12  stickvector.o(.bss)
    attitude                                 0x200004ec   Data          12  imu.o(.bss)
    rx_override                              0x200004f8   Data          16  flip_sequencer.o(.bss)
    filter                                   0x20000508   Data          48  filter.o(.bss)
    filter2                                  0x20000538   Data          48  filter.o(.bss)
    spfilter                                 0x20000568   Data          24  filter.o(.bss)
    stickAcceleratorProfileA                 0x20000580   Data          12  pid.o(.bss)
    stickTransitionProfileA                  0x2000058c   Data          12  pid.o(.bss)
    pidkp_init                               0x20000598   Data          12  pid.o(.bss)
    pidki_init                               0x200005a4   Data          12  pid.o(.bss)
    pidkd_init                               0x200005b0   Data          12  pid.o(.bss)
    number_of_increments                     0x200005bc   Data          36  pid.o(.bss)
    ierror                                   0x200005e0   Data          12  pid.o(.bss)
    pidoutput                                0x2000061c   Data          12  pid.o(.bss)
    setpoint                                 0x20000628   Data          12  pid.o(.bss)
    TIM_OCInitStructure                      0x20000664   Data          20  drv_pwm.o(.bss)
    __initial_sp                             0x20000a78   Data           0  startup_stm32f031.o(STACK)



==============================================================================

Memory Map of the image

  Image Entry point : 0x080000c9

  Load Region LR_1 (Base: 0x08000000, Size: 0x00003f40, Max: 0xffffffff, ABSOLUTE, COMPRESSED[0x00003da8])

    Execution Region ER_RO (Exec base: 0x08000000, Load base: 0x08000000, Size: 0x00003d08, Max: 0xffffffff, ABSOLUTE)

    Exec Addr    Load Addr    Size         Type   Attr      Idx    E Section Name        Object

    0x08000000   0x08000000   0x000000b0   Data   RO         1853    RESET               startup_stm32f031.o
    0x080000b0   0x080000b0   0x00000000   Code   RO         5457  * .ARM.Collect$$$$00000000  mc_p.l(entry.o)
    0x080000b0   0x080000b0   0x00000004   Code   RO         5502    .ARM.Collect$$$$00000001  mc_p.l(entry2.o)
    0x080000b4   0x080000b4   0x00000004   Code   RO         5505    .ARM.Collect$$$$00000004  mc_p.l(entry5.o)
    0x080000b8   0x080000b8   0x00000000   Code   RO         5507    .ARM.Collect$$$$00000008  mc_p.l(entry7b.o)
    0x080000b8   0x080000b8   0x00000004   Code   RO         5508    .ARM.Collect$$$$00000009  mc_p.l(entry8a.o)
    0x080000bc   0x080000bc   0x00000000   Code   RO         5509    .ARM.Collect$$$$0000000A  mc_p.l(entry8b.o)
    0x080000bc   0x080000bc   0x00000008   Code   RO         5510    .ARM.Collect$$$$0000000B  mc_p.l(entry9a.o)
    0x080000c4   0x080000c4   0x00000000   Code   RO         5512    .ARM.Collect$$$$0000000D  mc_p.l(entry10a.o)
    0x080000c4   0x080000c4   0x00000000   Code   RO         5514    .ARM.Collect$$$$0000000F  mc_p.l(entry11a.o)
    0x080000c4   0x080000c4   0x00000004   Code   RO         5503    .ARM.Collect$$$$00002712  mc_p.l(entry2.o)
    0x080000c8   0x080000c8   0x00000058   Code   RO         1854  * .text               startup_stm32f031.o
    0x08000120   0x08000120   0x0000002c   Code   RO         5460    .text               mc_p.l(uidiv.o)
    0x0800014c   0x0800014c   0x00000020   Code   RO         5473    .text               mc_p.l(cpp_init.o)
    0x0800016c   0x0800016c   0x000000b2   Code   RO         5475    .text               mf_p.l(fadd.o)
    0x0800021e   0x0800021e   0x0000007a   Code   RO         5477    .text               mf_p.l(fmul.o)
    0x08000298   0x08000298   0x0000007c   Code   RO         5479    .text               mf_p.l(fdiv.o)
    0x08000314   0x08000314   0x00000018   Code   RO         5481    .text               mf_p.l(fscalb.o)
    0x0800032c   0x0800032c   0x00000016   Code   RO         5485    .text               mf_p.l(fflti.o)
    0x08000342   0x08000342   0x0000000e   Code   RO         5487    .text               mf_p.l(ffltui.o)
    0x08000350   0x08000350   0x00000032   Code   RO         5491    .text               mf_p.l(ffixi.o)
    0x08000382   0x08000382   0x00000002   PAD
    0x08000384   0x08000384   0x00000014   Code   RO         5495    .text               mf_p.l(cfcmple.o)
    0x08000398   0x08000398   0x00000014   Code   RO         5497    .text               mf_p.l(cfrcmple.o)
    0x080003ac   0x080003ac   0x00000000   Code   RO         5518    .text               mc_p.l(iusefp.o)
    0x080003ac   0x080003ac   0x00000082   Code   RO         5519    .text               mf_p.l(fepilogue.o)
    0x0800042e   0x0800042e   0x00000002   PAD
    0x08000430   0x08000430   0x00000024   Code   RO         5528    .text               mc_p.l(init.o)
    0x08000454   0x08000454   0x00000056   Code   RO         5581    .text               mc_p.l(__dczerorl2.o)
    0x080004aa   0x080004aa   0x0000000a   Code   RO         1865    i.ADC_ChannelConfig  stm32f0xx_adc.o
    0x080004b4   0x080004b4   0x00000012   Code   RO         1869    i.ADC_Cmd           stm32f0xx_adc.o
    0x080004c6   0x080004c6   0x00000014   Code   RO         1871    i.ADC_DMACmd        stm32f0xx_adc.o
    0x080004da   0x080004da   0x00000010   Code   RO         1872    i.ADC_DMARequestModeConfig  stm32f0xx_adc.o
    0x080004ea   0x080004ea   0x0000002e   Code   RO         1875    i.ADC_GetCalibrationFactor  stm32f0xx_adc.o
    0x08000518   0x08000518   0x0000002c   Code   RO         1880    i.ADC_Init          stm32f0xx_adc.o
    0x08000544   0x08000544   0x0000000a   Code   RO         1883    i.ADC_StartOfConversion  stm32f0xx_adc.o
    0x0800054e   0x0800054e   0x00000010   Code   RO         1885    i.ADC_StructInit    stm32f0xx_adc.o
    0x0800055e   0x0800055e   0x00000002   PAD
    0x08000560   0x08000560   0x0000001c   Code   RO         1888    i.ADC_VrefintCmd    stm32f0xx_adc.o
    0x0800057c   0x0800057c   0x00000018   Code   RO         2783    i.DMA_Cmd           stm32f0xx_dma.o
    0x08000594   0x08000594   0x0000003c   Code   RO         2789    i.DMA_Init          stm32f0xx_dma.o
    0x080005d0   0x080005d0   0x00000038   Code   RO         2925    i.FLASH_ErasePage   stm32f0xx_flash.o
    0x08000608   0x08000608   0x00000028   Code   RO         2928    i.FLASH_GetStatus   stm32f0xx_flash.o
    0x08000630   0x08000630   0x00000010   Code   RO         2930    i.FLASH_Lock        stm32f0xx_flash.o
    0x08000640   0x08000640   0x0000004c   Code   RO         2950    i.FLASH_ProgramWord  stm32f0xx_flash.o
    0x0800068c   0x0800068c   0x00000020   Code   RO         2952    i.FLASH_Unlock      stm32f0xx_flash.o
    0x080006ac   0x080006ac   0x00000022   Code   RO         2953    i.FLASH_WaitForLastOperation  stm32f0xx_flash.o
    0x080006ce   0x080006ce   0x00000070   Code   RO         3123    i.GPIO_Init         stm32f0xx_gpio.o
    0x0800073e   0x0800073e   0x00000020   Code   RO         3124    i.GPIO_PinAFConfig  stm32f0xx_gpio.o
    0x0800075e   0x0800075e   0x00000004   Code   RO         3130    i.GPIO_ResetBits    stm32f0xx_gpio.o
    0x08000762   0x08000762   0x00000004   Code   RO         3131    i.GPIO_SetBits      stm32f0xx_gpio.o
    0x08000766   0x08000766   0x00000006   Code   RO           91    i.HardFault_Handler  main.o
    0x0800076c   0x0800076c   0x00000014   Code   RO         3222    i.I2C_Cmd           stm32f0xx_i2c.o
    0x08000780   0x08000780   0x00000014   Code   RO         3229    i.I2C_GenerateSTOP  stm32f0xx_i2c.o
    0x08000794   0x08000794   0x0000000e   Code   RO         3231    i.I2C_GetFlagStatus  stm32f0xx_i2c.o
    0x080007a2   0x080007a2   0x00000002   PAD
    0x080007a4   0x080007a4   0x00000064   Code   RO         3237    i.I2C_Init          stm32f0xx_i2c.o
    0x08000808   0x08000808   0x00000006   Code   RO         3243    i.I2C_ReceiveData   stm32f0xx_i2c.o
    0x0800080e   0x0800080e   0x00000004   Code   RO         3246    i.I2C_SendData      stm32f0xx_i2c.o
    0x08000812   0x08000812   0x00000002   PAD
    0x08000814   0x08000814   0x00000020   Code   RO         3255    i.I2C_TransferHandling  stm32f0xx_i2c.o
    0x08000834   0x08000834   0x00000050   Code   RO         3536    i.NVIC_Init         stm32f0xx_misc.o
    0x08000884   0x08000884   0x00000054   Code   RO          754    i.Q_rsqrt           imu.o
    0x080008d8   0x080008d8   0x00000018   Code   RO         3643    i.RCC_AHBPeriphClockCmd  stm32f0xx_rcc.o
    0x080008f0   0x080008f0   0x00000018   Code   RO         3645    i.RCC_APB1PeriphClockCmd  stm32f0xx_rcc.o
    0x08000908   0x08000908   0x00000018   Code   RO         3647    i.RCC_APB2PeriphClockCmd  stm32f0xx_rcc.o
    0x08000920   0x08000920   0x00000138   Code   RO         3657    i.RCC_GetClocksFreq  stm32f0xx_rcc.o
    0x08000a58   0x08000a58   0x00000018   Code   RO         3667    i.RCC_I2CCLKConfig  stm32f0xx_rcc.o
    0x08000a70   0x08000a70   0x00000018   Code   RO         4440    i.SYSCFG_I2CFastModePlusConfig  stm32f0xx_syscfg.o
    0x08000a88   0x08000a88   0x00000060   Code   RO         5419    i.SetSysClock       system_stm32f0xx.o
    0x08000ae8   0x08000ae8   0x00000002   Code   RO         1640    i.SysTick_Handler   drv_time.o
    0x08000aea   0x08000aea   0x00000002   PAD
    0x08000aec   0x08000aec   0x00000060   Code   RO         5421    i.SystemInit        system_stm32f0xx.o
    0x08000b4c   0x08000b4c   0x00000014   Code   RO         4510    i.TIM_Cmd           stm32f0xx_tim.o
    0x08000b60   0x08000b60   0x00000018   Code   RO         4512    i.TIM_CtrlPWMOutputs  stm32f0xx_tim.o
    0x08000b78   0x08000b78   0x0000007c   Code   RO         4539    i.TIM_OC1Init       stm32f0xx_tim.o
    0x08000bf4   0x08000bf4   0x00000090   Code   RO         4544    i.TIM_OC2Init       stm32f0xx_tim.o
    0x08000c84   0x08000c84   0x00000064   Code   RO         4554    i.TIM_OC4Init       stm32f0xx_tim.o
    0x08000ce8   0x08000ce8   0x00000074   Code   RO         4583    i.TIM_TimeBaseInit  stm32f0xx_tim.o
    0x08000d5c   0x08000d5c   0x00000078   Code   RO          454    i.USART1_IRQHandler  rx_sbus.o
    0x08000dd4   0x08000dd4   0x00000004   Code   RO         5052    i.USART_ClearFlag   stm32f0xx_usart.o
    0x08000dd8   0x08000dd8   0x00000014   Code   RO         5056    i.USART_Cmd         stm32f0xx_usart.o
    0x08000dec   0x08000dec   0x0000000e   Code   RO         5064    i.USART_GetFlagStatus  stm32f0xx_usart.o
    0x08000dfa   0x08000dfa   0x0000002a   Code   RO         5067    i.USART_ITConfig    stm32f0xx_usart.o
    0x08000e24   0x08000e24   0x0000009c   Code   RO         5068    i.USART_Init        stm32f0xx_usart.o
    0x08000ec0   0x08000ec0   0x00000010   Code   RO         5069    i.USART_InvPinCmd   stm32f0xx_usart.o
    0x08000ed0   0x08000ed0   0x00000008   Code   RO         5080    i.USART_ReceiveData  stm32f0xx_usart.o
    0x08000ed8   0x08000ed8   0x00000018   Code   RO          871    i._ZN13filter_kalmanC1Ev  filter.o
    0x08000ef0   0x08000ef0   0x00000018   Code   RO          877    i._ZN14filter_kalman2C1Ev  filter.o
    0x08000f08   0x08000f08   0x00000006   Code   RO          883    i._ZN8FilterSPC1Ev  filter.o
    0x08000f0e   0x08000f0e   0x00000022   Code   RO         5454    i.__aeabi_vec_ctor_nocookie_nodtor  cpprt_p.l(aeabi_vec_ctor_nocookie_nodtor.o)
    0x08000f30   0x08000f30   0x0000000e   Code   RO         5575    i.__scatterload_copy  mc_p.l(handlers.o)
    0x08000f3e   0x08000f3e   0x00000002   Code   RO         5576    i.__scatterload_null  mc_p.l(handlers.o)
    0x08000f40   0x08000f40   0x0000000e   Code   RO         5577    i.__scatterload_zeroinit  mc_p.l(handlers.o)
    0x08000f4e   0x08000f4e   0x00000002   PAD
    0x08000f50   0x08000f50   0x00000048   Code   RO          832    i.__sti___10_filter_cpp_filter  filter.o
    0x08000f98   0x08000f98   0x00000064   Code   RO          598    i.acc_cal           sixaxis.o
    0x08000ffc   0x08000ffc   0x000000e4   Code   RO         1128    i.adc_init          drv_adc.o
    0x080010e0   0x080010e0   0x00000038   Code   RO         1129    i.adc_read          drv_adc.o
    0x08001118   0x08001118   0x000000d0   Code   RO          915    i.apid              angle_pid.o
    0x080011e8   0x080011e8   0x000000d0   Code   RO          755    i.atan2approx       imu.o
    0x080012b8   0x080012b8   0x00000032   Code   RO          756    i.calcmagnitude     imu.o
    0x080012ea   0x080012ea   0x00000002   PAD
    0x080012ec   0x080012ec   0x00000084   Code   RO          935    i.change_pid_value  pid.o
    0x08001370   0x08001370   0x00000022   Code   RO          332    i.check_command     gesture_detect.o
    0x08001392   0x08001392   0x00000002   PAD
    0x08001394   0x08001394   0x00000364   Code   RO          455    i.checkrx           rx_sbus.o
    0x080016f8   0x080016f8   0x00000008   Code   RO         1163    i.clk_init          drv_clk.o
    0x08001700   0x08001700   0x00000848   Code   RO            2    i.control           control.o
    0x08001f48   0x08001f48   0x0000000a   Code   RO          936    i.decrease_pid      pid.o
    0x08001f52   0x08001f52   0x00000014   Code   RO         1641    i.delay             drv_time.o
    0x08001f66   0x08001f66   0x00000002   PAD
    0x08001f68   0x08001f68   0x00000044   Code   RO           94    i.failloop          main.o
    0x08001fac   0x08001fac   0x00000014   Code   RO          661    i.fastcos           util.o
    0x08001fc0   0x08001fc0   0x00000068   Code   RO          662    i.fastsin           util.o
    0x08002028   0x08002028   0x00000054   Code   RO          276    i.flash_get_hard_coded_pid_identifier  flash.o
    0x0800207c   0x0800207c   0x00000010   Code   RO          277    i.flash_hard_coded_pid_identifier  flash.o
    0x0800208c   0x0800208c   0x000000a8   Code   RO          278    i.flash_load        flash.o
    0x08002134   0x08002134   0x000000b4   Code   RO          279    i.flash_save        flash.o
    0x080021e8   0x080021e8   0x0000001c   Code   RO         1189    i.fmc_erase         drv_fmc1.o
    0x08002204   0x08002204   0x00000008   Code   RO         1190    i.fmc_lock          drv_fmc1.o
    0x0800220c   0x0800220c   0x00000010   Code   RO         1191    i.fmc_read          drv_fmc1.o
    0x0800221c   0x0800221c   0x00000008   Code   RO         1192    i.fmc_read_float    drv_fmc1.o
    0x08002224   0x08002224   0x00000008   Code   RO         1193    i.fmc_unlock        drv_fmc1.o
    0x0800222c   0x0800222c   0x00000008   Code   RO         1194    i.fmc_write_float   drv_fmc1.o
    0x08002234   0x08002234   0x00000108   Code   RO          333    i.gesture_sequence  gesture_detect.o
    0x0800233c   0x0800233c   0x00000104   Code   RO          316    i.gestures          gestures.o
    0x08002440   0x08002440   0x00000104   Code   RO          334    i.gestures2         gesture_detect.o
    0x08002544   0x08002544   0x00000008   Code   RO         1642    i.gettime           drv_time.o
    0x0800254c   0x0800254c   0x0000002c   Code   RO         1270    i.gpio_init         drv_gpio.o
    0x08002578   0x08002578   0x0000019c   Code   RO          599    i.gyro_cal          sixaxis.o
    0x08002714   0x08002714   0x00000090   Code   RO         1767    i.hw_i2c_init       drv_hw_i2c.o
    0x080027a4   0x080027a4   0x00000070   Code   RO         1768    i.hw_i2c_readdata   drv_hw_i2c.o
    0x08002814   0x08002814   0x0000000e   Code   RO         1769    i.hw_i2c_readreg    drv_hw_i2c.o
    0x08002822   0x08002822   0x00000002   PAD
    0x08002824   0x08002824   0x0000007c   Code   RO         1770    i.hw_i2c_sendheader  drv_hw_i2c.o
    0x080028a0   0x080028a0   0x00000048   Code   RO         1771    i.hw_i2c_writereg   drv_hw_i2c.o
    0x080028e8   0x080028e8   0x00000008   Code   RO         1297    i.i2c_init          drv_i2c.o
    0x080028f0   0x080028f0   0x00000008   Code   RO         1298    i.i2c_readdata      drv_i2c.o
    0x080028f8   0x080028f8   0x00000008   Code   RO         1299    i.i2c_readreg       drv_i2c.o
    0x08002900   0x08002900   0x00000008   Code   RO         1300    i.i2c_writereg      drv_i2c.o
    0x08002908   0x08002908   0x000001e8   Code   RO          757    i.imu_calc          imu.o
    0x08002af0   0x08002af0   0x00000048   Code   RO          758    i.imu_init          imu.o
    0x08002b38   0x08002b38   0x0000000a   Code   RO          937    i.increase_pid      pid.o
    0x08002b42   0x08002b42   0x00000018   Code   RO         1344    i.init_timer        drv_pwm.o
    0x08002b5a   0x08002b5a   0x00000002   PAD
    0x08002b5c   0x08002b5c   0x00000080   Code   RO          546    i.led_pwm           led.o
    0x08002bdc   0x08002bdc   0x00000028   Code   RO          548    i.ledflash          led.o
    0x08002c04   0x08002c04   0x00000014   Code   RO          549    i.ledoff            led.o
    0x08002c18   0x08002c18   0x00000014   Code   RO          550    i.ledon             led.o
    0x08002c2c   0x08002c2c   0x00000026   Code   RO          663    i.limitf            util.o
    0x08002c52   0x08002c52   0x0000002c   Code   RO          664    i.lpf               util.o
    0x08002c7e   0x08002c7e   0x00000002   PAD
    0x08002c80   0x08002c80   0x0000004c   Code   RO          938    i.lpf2              pid.o
    0x08002ccc   0x08002ccc   0x00000024   Code   RO          665    i.lpfcalc           util.o
    0x08002cf0   0x08002cf0   0x00000024   Code   RO          666    i.lpfcalc_hz        util.o
    0x08002d14   0x08002d14   0x00000060   Code   RO          833    i.lpffilter         filter.o
    0x08002d74   0x08002d74   0x00000060   Code   RO          834    i.lpffilter2        filter.o
    0x08002dd4   0x08002dd4   0x00000408   Code   RO           95    i.main              main.o
    0x080031dc   0x080031dc   0x0000003a   Code   RO          667    i.mapf              util.o
    0x08003216   0x08003216   0x00000002   Code   RO          647    i.motormap          motorcurve.o
    0x08003218   0x08003218   0x0000001c   Code   RO          939    i.next_pid_axis     pid.o
    0x08003234   0x08003234   0x00000038   Code   RO          940    i.next_pid_term     pid.o
    0x0800326c   0x0800326c   0x000002b4   Code   RO          941    i.pid               pid.o
    0x08003520   0x08003520   0x0000007c   Code   RO          943    i.pid_precalc       pid.o
    0x0800359c   0x0800359c   0x000000f4   Code   RO         1346    i.pwm_init          drv_pwm.o
    0x08003690   0x08003690   0x00000060   Code   RO         1347    i.pwm_set           drv_pwm.o
    0x080036f0   0x080036f0   0x00000058   Code   RO          669    i.rcexpo            util.o
    0x08003748   0x08003748   0x00000002   Code   RO         1813    i.rgb_init          drv_rgb.o
    0x0800374a   0x0800374a   0x00000002   PAD
    0x0800374c   0x0800374c   0x000000a4   Code   RO          944    i.rotateErrors      pid.o
    0x080037f0   0x080037f0   0x00000002   Code   RO          456    i.rx_init           rx_sbus.o
    0x080037f2   0x080037f2   0x00000002   PAD
    0x080037f4   0x080037f4   0x000000ac   Code   RO          457    i.sbus_init         rx_sbus.o
    0x080038a0   0x080038a0   0x00000074   Code   RO         1164    i.setclock          drv_clk.o
    0x08003914   0x08003914   0x00000020   Code   RO          601    i.sixaxis_check     sixaxis.o
    0x08003934   0x08003934   0x00000058   Code   RO          602    i.sixaxis_init      sixaxis.o
    0x0800398c   0x0800398c   0x000000f0   Code   RO          603    i.sixaxis_read      sixaxis.o
    0x08003a7c   0x08003a7c   0x00000002   Code   RO         1589    i.spi_init          drv_spi_none.o
    0x08003a7e   0x08003a7e   0x00000002   PAD
    0x08003a80   0x08003a80   0x00000040   Code   RO          835    i.splpf             filter.o
    0x08003ac0   0x08003ac0   0x0000013c   Code   RO          734    i.stick_vector      stickvector.o
    0x08003bfc   0x08003bfc   0x0000002c   Code   RO         1643    i.time_init         drv_time.o
    0x08003c28   0x08003c28   0x00000034   Code   RO         1644    i.time_update       drv_time.o
    0x08003c5c   0x08003c5c   0x00000020   Code   RO         1195    i.writeword         drv_fmc1.o
    0x08003c7c   0x08003c7c   0x0000004d   Data   RO          335    .constdata          gesture_detect.o
    0x08003cc9   0x08003cc9   0x00000003   PAD
    0x08003ccc   0x08003ccc   0x00000018   Data   RO          946    .constdata          pid.o
    0x08003ce4   0x08003ce4   0x00000020   Data   RO         5573    Region$$Table       anon$$obj.o
    0x08003d04   0x08003d04   0x00000004   Data   RO          844    .init_array         filter.o
    0x08003d08   0x08003d04   0x00000000   Data   RO         5471    .init_array         mc_p.l(cpp_init.o)


    Execution Region ER_RW (Exec base: 0x20000000, Load base: 0x08003d08, Size: 0x00000238, Max: 0xffffffff, ABSOLUTE, COMPRESSED[0x000000a0])

    Exec Addr    Load Addr    Size         Type   Attr      Idx    E Section Name        Object

    0x20000000   COMPRESSED   0x00000024   Data   RW            9    .data               control.o
    0x20000024   COMPRESSED   0x00000038   Data   RW          103    .data               main.o
    0x2000005c   COMPRESSED   0x00000004   Data   RW          104    .data               main.o
    0x20000060   COMPRESSED   0x00000004   Data   RW          106    .data               main.o
    0x20000064   COMPRESSED   0x00000004   Data   RW          107    .data               main.o
    0x20000068   COMPRESSED   0x00000004   Data   RW          109    .data               main.o
    0x2000006c   COMPRESSED   0x00000004   Data   RW          110    .data               main.o
    0x20000070   COMPRESSED   0x00000004   Data   RW          111    .data               main.o
    0x20000074   COMPRESSED   0x00000008   Data   RW          280    .data               flash.o
    0x2000007c   COMPRESSED   0x00000004   Data   RW          317    .data               gestures.o
    0x20000080   COMPRESSED   0x00000017   Data   RW          336    .data               gesture_detect.o
    0x20000097   COMPRESSED   0x00000001   PAD
    0x20000098   COMPRESSED   0x00000054   Data   RW          461    .data               rx_sbus.o
    0x200000ec   COMPRESSED   0x00000014   Data   RW          551    .data               led.o
    0x20000100   COMPRESSED   0x00000004   Data   RW          605    .data               sixaxis.o
    0x20000104   COMPRESSED   0x00000014   Data   RW          736    .data               stickvector.o
    0x20000118   COMPRESSED   0x0000000c   Data   RW          761    .data               imu.o
    0x20000124   COMPRESSED   0x00000024   Data   RW          810    .data               flip_sequencer.o
    0x20000148   COMPRESSED   0x00000008   Data   RW          843    .data               filter.o
    0x20000150   COMPRESSED   0x00000048   Data   RW          916    .data               angle_pid.o
    0x20000198   COMPRESSED   0x00000068   Data   RW          947    .data               pid.o
    0x20000200   COMPRESSED   0x0000000c   Data   RW          948    .data               pid.o
    0x2000020c   COMPRESSED   0x00000008   Data   RW         1131    .data               drv_adc.o
    0x20000214   COMPRESSED   0x00000004   Data   RW         1301    .data               drv_i2c.o
    0x20000218   COMPRESSED   0x0000000c   Data   RW         1646    .data               drv_time.o
    0x20000224   COMPRESSED   0x00000001   Data   RW         1772    .data               drv_hw_i2c.o
    0x20000225   COMPRESSED   0x00000010   Data   RW         3683    .data               stm32f0xx_rcc.o


    Execution Region ER_ZI (Exec base: 0x20000238, Load base: 0x08003da8, Size: 0x00000840, Max: 0xffffffff, ABSOLUTE)

    Exec Addr    Load Addr    Size         Type   Attr      Idx    E Section Name        Object

    0x20000238        -       0x000000bc   Zero   RW            7    .bss                control.o
    0x200002f4        -       0x000000d0   Zero   RW           96    .bss                main.o
    0x200003c4        -       0x00000010   Zero   RW           97    .bss                main.o
    0x200003d4        -       0x000000d9   Zero   RW          458    .bss                rx_sbus.o
    0x200004ad   0x08003da8   0x00000003   PAD
    0x200004b0        -       0x00000030   Zero   RW          604    .bss                sixaxis.o
    0x200004e0        -       0x0000000c   Zero   RW          735    .bss                stickvector.o
    0x200004ec        -       0x0000000c   Zero   RW          760    .bss                imu.o
    0x200004f8        -       0x00000010   Zero   RW          809    .bss                flip_sequencer.o
    0x20000508        -       0x00000078   Zero   RW          842    .bss                filter.o
    0x20000580        -       0x000000e4   Zero   RW          945    .bss                pid.o
    0x20000664        -       0x00000014   Zero   RW         1348    .bss                drv_pwm.o
    0x20000678        -       0x00000400   Zero   RW         1851    STACK               startup_stm32f031.o


==============================================================================

Image component sizes


      Code (inc. data)   RO Data    RW Data    ZI Data      Debug   Object Name

       208         10          0         72          0       1558   angle_pid.o
      2120        244          0         36        188      11156   control.o
       284         26          0          8          0       2114   drv_adc.o
       124          6          0          0          0        826   drv_clk.o
       108         14          0          0          0       3536   drv_fmc1.o
        44          4          0          0          0        440   drv_gpio.o
       466         40          0          1          0       3199   drv_hw_i2c.o
        32          0          0          4          0       2038   drv_i2c.o
       364         38          0          0         20       3230   drv_pwm.o
         2          0          0          0          0        359   drv_rgb.o
         2          0          0          0          0        367   drv_spi_none.o
       126         20          0         12          0       8647   drv_time.o
       382         64          4          8        120       8140   filter.o
       448         64          0          8          0       2648   flash.o
         0          0          0         36         16       1463   flip_sequencer.o
       558         46         77         23          0       4283   gesture_detect.o
       260         34          0          4          0       1023   gestures.o
       902         98          0         12         12       4955   imu.o
       208         26          0         20          0       3070   led.o
      1106        100          0         80        224     222125   main.o
         2          0          0          0          0        427   motorcurve.o
      1292        144         24        116        228       7285   pid.o
      1162         84          0         84        217       5341   rx_sbus.o
       872         70          0          4         48       4893   sixaxis.o
        88         38        176          0       1024        704   startup_stm32f031.o
       316         30          0         20         12       1458   stickvector.o
       208         12          0          0          0       5682   stm32f0xx_adc.o
        84          8          0          0          0       2277   stm32f0xx_dma.o
       254         34          0          0          0       4201   stm32f0xx_flash.o
       152          0          0          0          0       2887   stm32f0xx_gpio.o
       196         12          0          0          0       4816   stm32f0xx_i2c.o
        80         10          0          0          0       1000   stm32f0xx_misc.o
       408         52          0         16          0       4189   stm32f0xx_rcc.o
        24          6          0          0          0        623   stm32f0xx_syscfg.o
       528         90          0          0          0       5723   stm32f0xx_tim.o
       260         18          0          0          0       5348   stm32f0xx_usart.o
       192         20          0          0          0       1361   system_stm32f0xx.o
       424         34          0          0          0       4698   util.o

    ----------------------------------------------------------------------
     14312       1496        316        568       2112     348090   Object Totals
         0          0         32          0          0          0   (incl. Generated)
        26          0          3          4          3          0   (incl. Padding)

    ----------------------------------------------------------------------

      Code (inc. data)   RO Data    RW Data    ZI Data      Debug   Library Member Name

        34          0          0          0          0         80   aeabi_vec_ctor_nocookie_nodtor.o
        86          0          0          0          0          0   __dczerorl2.o
        32         10          0          0          0         72   cpp_init.o
         0          0          0          0          0          0   entry.o
         0          0          0          0          0          0   entry10a.o
         0          0          0          0          0          0   entry11a.o
         8          4          0          0          0          0   entry2.o
         4          0          0          0          0          0   entry5.o
         0          0          0          0          0          0   entry7b.o
         4          0          0          0          0          0   entry8a.o
         0          0          0          0          0          0   entry8b.o
         8          4          0          0          0          0   entry9a.o
        30          0          0          0          0          0   handlers.o
        36          8          0          0          0         68   init.o
         0          0          0          0          0          0   iusefp.o
        44          0          0          0          0         72   uidiv.o
        20          0          0          0          0         68   cfcmple.o
        20          0          0          0          0         68   cfrcmple.o
       178          0          0          0          0        108   fadd.o
       124          0          0          0          0         72   fdiv.o
       130          0          0          0          0        144   fepilogue.o
        50          0          0          0          0         60   ffixi.o
        22          0          0          0          0         68   fflti.o
        14          0          0          0          0         68   ffltui.o
       122          0          0          0          0         72   fmul.o
        24          0          0          0          0         60   fscalb.o

    ----------------------------------------------------------------------
       996         26          0          0          0       1080   Library Totals
         6          0          0          0          0          0   (incl. Padding)

    ----------------------------------------------------------------------

      Code (inc. data)   RO Data    RW Data    ZI Data      Debug   Library Name

        34          0          0          0          0         80   cpprt_p.l
       252         26          0          0          0        212   mc_p.l
       704          0          0          0          0        788   mf_p.l

    ----------------------------------------------------------------------
       996         26          0          0          0       1080   Library Totals

    ----------------------------------------------------------------------

==============================================================================


      Code (inc. data)   RO Data    RW Data    ZI Data      Debug   

     15308       1522        316        568       2112     343042   Grand Totals
     15308       1522        316        160       2112     343042   ELF Image Totals (compressed)
     15308       1522        316        160          0          0   ROM Totals

==============================================================================

    Total RO  Size (Code + RO Data)                15624 (  15.26kB)
    Total RW  Size (RW Data + ZI Data)              2680 (   2.62kB)
    Total ROM Size (Code + RO Data + RW Data)      15784 (  15.41kB)

==============================================================================

